Archive member included to satisfy reference by file (symbol)

/Applications/STM32CubeIDE.app/Contents/Eclipse/plugins/com.st.stm32cube.ide.mcu.externaltools.gnu-tools-for-stm32.10.3-2021.10.macos64_1.0.100.202210260954/tools/bin/../lib/gcc/arm-none-eabi/10.3.1/../../../../arm-none-eabi/lib/thumb/v7e-m+fp/hard/libc_nano.a(lib_a-errno.o)
                              ./Core/Src/syscalls.o (__errno)
/Applications/STM32CubeIDE.app/Contents/Eclipse/plugins/com.st.stm32cube.ide.mcu.externaltools.gnu-tools-for-stm32.10.3-2021.10.macos64_1.0.100.202210260954/tools/bin/../lib/gcc/arm-none-eabi/10.3.1/../../../../arm-none-eabi/lib/thumb/v7e-m+fp/hard/libc_nano.a(lib_a-exit.o)
                              /Applications/STM32CubeIDE.app/Contents/Eclipse/plugins/com.st.stm32cube.ide.mcu.externaltools.gnu-tools-for-stm32.10.3-2021.10.macos64_1.0.100.202210260954/tools/bin/../lib/gcc/arm-none-eabi/10.3.1/../../../../arm-none-eabi/lib/thumb/v7e-m+fp/hard/crt0.o (exit)
/Applications/STM32CubeIDE.app/Contents/Eclipse/plugins/com.st.stm32cube.ide.mcu.externaltools.gnu-tools-for-stm32.10.3-2021.10.macos64_1.0.100.202210260954/tools/bin/../lib/gcc/arm-none-eabi/10.3.1/../../../../arm-none-eabi/lib/thumb/v7e-m+fp/hard/libc_nano.a(lib_a-impure.o)
                              /Applications/STM32CubeIDE.app/Contents/Eclipse/plugins/com.st.stm32cube.ide.mcu.externaltools.gnu-tools-for-stm32.10.3-2021.10.macos64_1.0.100.202210260954/tools/bin/../lib/gcc/arm-none-eabi/10.3.1/../../../../arm-none-eabi/lib/thumb/v7e-m+fp/hard/libc_nano.a(lib_a-exit.o) (_global_impure_ptr)
/Applications/STM32CubeIDE.app/Contents/Eclipse/plugins/com.st.stm32cube.ide.mcu.externaltools.gnu-tools-for-stm32.10.3-2021.10.macos64_1.0.100.202210260954/tools/bin/../lib/gcc/arm-none-eabi/10.3.1/../../../../arm-none-eabi/lib/thumb/v7e-m+fp/hard/libc_nano.a(lib_a-init.o)
                              /Applications/STM32CubeIDE.app/Contents/Eclipse/plugins/com.st.stm32cube.ide.mcu.externaltools.gnu-tools-for-stm32.10.3-2021.10.macos64_1.0.100.202210260954/tools/bin/../lib/gcc/arm-none-eabi/10.3.1/../../../../arm-none-eabi/lib/thumb/v7e-m+fp/hard/crt0.o (__libc_init_array)
/Applications/STM32CubeIDE.app/Contents/Eclipse/plugins/com.st.stm32cube.ide.mcu.externaltools.gnu-tools-for-stm32.10.3-2021.10.macos64_1.0.100.202210260954/tools/bin/../lib/gcc/arm-none-eabi/10.3.1/../../../../arm-none-eabi/lib/thumb/v7e-m+fp/hard/libc_nano.a(lib_a-itoa.o)
                              ./Core/Src/controller.o (itoa)
/Applications/STM32CubeIDE.app/Contents/Eclipse/plugins/com.st.stm32cube.ide.mcu.externaltools.gnu-tools-for-stm32.10.3-2021.10.macos64_1.0.100.202210260954/tools/bin/../lib/gcc/arm-none-eabi/10.3.1/../../../../arm-none-eabi/lib/thumb/v7e-m+fp/hard/libc_nano.a(lib_a-memcpy-stub.o)
                              ./Core/Src/controller.o (memcpy)
/Applications/STM32CubeIDE.app/Contents/Eclipse/plugins/com.st.stm32cube.ide.mcu.externaltools.gnu-tools-for-stm32.10.3-2021.10.macos64_1.0.100.202210260954/tools/bin/../lib/gcc/arm-none-eabi/10.3.1/../../../../arm-none-eabi/lib/thumb/v7e-m+fp/hard/libc_nano.a(lib_a-memset.o)
                              /Applications/STM32CubeIDE.app/Contents/Eclipse/plugins/com.st.stm32cube.ide.mcu.externaltools.gnu-tools-for-stm32.10.3-2021.10.macos64_1.0.100.202210260954/tools/bin/../lib/gcc/arm-none-eabi/10.3.1/../../../../arm-none-eabi/lib/thumb/v7e-m+fp/hard/crt0.o (memset)
/Applications/STM32CubeIDE.app/Contents/Eclipse/plugins/com.st.stm32cube.ide.mcu.externaltools.gnu-tools-for-stm32.10.3-2021.10.macos64_1.0.100.202210260954/tools/bin/../lib/gcc/arm-none-eabi/10.3.1/../../../../arm-none-eabi/lib/thumb/v7e-m+fp/hard/libc_nano.a(lib_a-strcat.o)
                              ./Core/Src/controller.o (strcat)
/Applications/STM32CubeIDE.app/Contents/Eclipse/plugins/com.st.stm32cube.ide.mcu.externaltools.gnu-tools-for-stm32.10.3-2021.10.macos64_1.0.100.202210260954/tools/bin/../lib/gcc/arm-none-eabi/10.3.1/../../../../arm-none-eabi/lib/thumb/v7e-m+fp/hard/libc_nano.a(lib_a-strcmp.o)
                              ./Core/Src/main.o (strcmp)
/Applications/STM32CubeIDE.app/Contents/Eclipse/plugins/com.st.stm32cube.ide.mcu.externaltools.gnu-tools-for-stm32.10.3-2021.10.macos64_1.0.100.202210260954/tools/bin/../lib/gcc/arm-none-eabi/10.3.1/../../../../arm-none-eabi/lib/thumb/v7e-m+fp/hard/libc_nano.a(lib_a-strcpy.o)
                              ./Core/Src/controller.o (strcpy)
/Applications/STM32CubeIDE.app/Contents/Eclipse/plugins/com.st.stm32cube.ide.mcu.externaltools.gnu-tools-for-stm32.10.3-2021.10.macos64_1.0.100.202210260954/tools/bin/../lib/gcc/arm-none-eabi/10.3.1/../../../../arm-none-eabi/lib/thumb/v7e-m+fp/hard/libc_nano.a(lib_a-strlen.o)
                              ./Core/Src/controller.o (strlen)
[...]
Memory Configuration

Name             Origin             Length             Attributes
RAM              0x0000000020000000 0x0000000000018000 xrw
FLASH            0x0000000008000000 0x0000000000080000 xr
*default*        0x0000000000000000 0xffffffffffffffff

Linker script and memory map

LOAD /Applications/STM32CubeIDE.app/Contents/Eclipse/plugins/com.st.stm32cube.ide.mcu.externaltools.gnu-tools-for-stm32.10.3-2021.10.macos64_1.0.100.202210260954/tools/bin/../lib/gcc/arm-none-eabi/10.3.1/thumb/v7e-m+fp/hard/crti.o
LOAD /Applications/STM32CubeIDE.app/Contents/Eclipse/plugins/com.st.stm32cube.ide.mcu.externaltools.gnu-tools-for-stm32.10.3-2021.10.macos64_1.0.100.202210260954/tools/bin/../lib/gcc/arm-none-eabi/10.3.1/thumb/v7e-m+fp/hard/crtbegin.o
LOAD /Applications/STM32CubeIDE.app/Contents/Eclipse/plugins/com.st.stm32cube.ide.mcu.externaltools.gnu-tools-for-stm32.10.3-2021.10.macos64_1.0.100.202210260954/tools/bin/../lib/gcc/arm-none-eabi/10.3.1/../../../../arm-none-eabi/lib/thumb/v7e-m+fp/hard/crt0.o
LOAD ./Core/Src/buttons.o
LOAD ./Core/Src/controller.o
LOAD ./Core/Src/main.o
LOAD ./Core/Src/menu.o
LOAD ./Core/Src/ssd1306.o
LOAD ./Core/Src/stm32f4xx_hal_msp.o
LOAD ./Core/Src/stm32f4xx_it.o
LOAD ./Core/Src/syscalls.o
LOAD ./Core/Src/sysmem.o
LOAD ./Core/Src/system_stm32f4xx.o
LOAD ./Core/Startup/startup_stm32f401retx.o
LOAD ./Drivers/STM32F4xx_HAL_Driver/Src/stm32f4xx_hal.o
LOAD ./Drivers/STM32F4xx_HAL_Driver/Src/stm32f4xx_hal_adc.o
LOAD ./Drivers/STM32F4xx_HAL_Driver/Src/stm32f4xx_hal_adc_ex.o
LOAD ./Drivers/STM32F4xx_HAL_Driver/Src/stm32f4xx_hal_cortex.o
LOAD ./Drivers/STM32F4xx_HAL_Driver/Src/stm32f4xx_hal_dma.o
LOAD ./Drivers/STM32F4xx_HAL_Driver/Src/stm32f4xx_hal_dma_ex.o
LOAD ./Drivers/STM32F4xx_HAL_Driver/Src/stm32f4xx_hal_exti.o
LOAD ./Drivers/STM32F4xx_HAL_Driver/Src/stm32f4xx_hal_flash.o
LOAD ./Drivers/STM32F4xx_HAL_Driver/Src/stm32f4xx_hal_flash_ex.o
LOAD ./Drivers/STM32F4xx_HAL_Driver/Src/stm32f4xx_hal_flash_ramfunc.o
LOAD ./Drivers/STM32F4xx_HAL_Driver/Src/stm32f4xx_hal_gpio.o
LOAD ./Drivers/STM32F4xx_HAL_Driver/Src/stm32f4xx_hal_i2c.o
LOAD ./Drivers/STM32F4xx_HAL_Driver/Src/stm32f4xx_hal_i2c_ex.o
LOAD ./Drivers/STM32F4xx_HAL_Driver/Src/stm32f4xx_hal_pwr.o
LOAD ./Drivers/STM32F4xx_HAL_Driver/Src/stm32f4xx_hal_pwr_ex.o
LOAD ./Drivers/STM32F4xx_HAL_Driver/Src/stm32f4xx_hal_rcc.o
LOAD ./Drivers/STM32F4xx_HAL_Driver/Src/stm32f4xx_hal_rcc_ex.o
LOAD ./Drivers/STM32F4xx_HAL_Driver/Src/stm32f4xx_hal_spi.o
LOAD ./Drivers/STM32F4xx_HAL_Driver/Src/stm32f4xx_hal_tim.o
LOAD ./Drivers/STM32F4xx_HAL_Driver/Src/stm32f4xx_hal_tim_ex.o
LOAD ./Drivers/STM32F4xx_HAL_Driver/Src/stm32f4xx_hal_uart.o
LOAD ./Drivers/STM32F4xx_HAL_Driver/Src/stm32f4xx_ll_adc.o
START GROUP
LOAD /Applications/STM32CubeIDE.app/Contents/Eclipse/plugins/com.st.stm32cube.ide.mcu.externaltools.gnu-tools-for-stm32.10.3-2021.10.macos64_1.0.100.202210260954/tools/bin/../lib/gcc/arm-none-eabi/10.3.1/../../../../arm-none-eabi/lib/thumb/v7e-m+fp/hard/libc_nano.a
LOAD /Applications/STM32CubeIDE.app/Contents/Eclipse/plugins/com.st.stm32cube.ide.mcu.externaltools.gnu-tools-for-stm32.10.3-2021.10.macos64_1.0.100.202210260954/tools/bin/../lib/gcc/arm-none-eabi/10.3.1/../../../../arm-none-eabi/lib/thumb/v7e-m+fp/hard/libm.a
END GROUP
START GROUP
LOAD /Applications/STM32CubeIDE.app/Contents/Eclipse/plugins/com.st.stm32cube.ide.mcu.externaltools.gnu-tools-for-stm32.10.3-2021.10.macos64_1.0.100.202210260954/tools/bin/../lib/gcc/arm-none-eabi/10.3.1/thumb/v7e-m+fp/hard/libgcc.a
LOAD /Applications/STM32CubeIDE.app/Contents/Eclipse/plugins/com.st.stm32cube.ide.mcu.externaltools.gnu-tools-for-stm32.10.3-2021.10.macos64_1.0.100.202210260954/tools/bin/../lib/gcc/arm-none-eabi/10.3.1/../../../../arm-none-eabi/lib/thumb/v7e-m+fp/hard/libc_nano.a
END GROUP
START GROUP
LOAD /Applications/STM32CubeIDE.app/Contents/Eclipse/plugins/com.st.stm32cube.ide.mcu.externaltools.gnu-tools-for-stm32.10.3-2021.10.macos64_1.0.100.202210260954/tools/bin/../lib/gcc/arm-none-eabi/10.3.1/thumb/v7e-m+fp/hard/libgcc.a
LOAD /Applications/STM32CubeIDE.app/Contents/Eclipse/plugins/com.st.stm32cube.ide.mcu.externaltools.gnu-tools-for-stm32.10.3-2021.10.macos64_1.0.100.202210260954/tools/bin/../lib/gcc/arm-none-eabi/10.3.1/../../../../arm-none-eabi/lib/thumb/v7e-m+fp/hard/libc_nano.a
LOAD /Applications/STM32CubeIDE.app/Contents/Eclipse/plugins/com.st.stm32cube.ide.mcu.externaltools.gnu-tools-for-stm32.10.3-2021.10.macos64_1.0.100.202210260954/tools/bin/../lib/gcc/arm-none-eabi/10.3.1/../../../../arm-none-eabi/lib/thumb/v7e-m+fp/hard/libnosys.a
END GROUP
START GROUP
LOAD /Applications/STM32CubeIDE.app/Contents/Eclipse/plugins/com.st.stm32cube.ide.mcu.externaltools.gnu-tools-for-stm32.10.3-2021.10.macos64_1.0.100.202210260954/tools/bin/../lib/gcc/arm-none-eabi/10.3.1/thumb/v7e-m+fp/hard/libgcc.a
LOAD /Applications/STM32CubeIDE.app/Contents/Eclipse/plugins/com.st.stm32cube.ide.mcu.externaltools.gnu-tools-for-stm32.10.3-2021.10.macos64_1.0.100.202210260954/tools/bin/../lib/gcc/arm-none-eabi/10.3.1/../../../../arm-none-eabi/lib/thumb/v7e-m+fp/hard/libc_nano.a
LOAD /Applications/STM32CubeIDE.app/Contents/Eclipse/plugins/com.st.stm32cube.ide.mcu.externaltools.gnu-tools-for-stm32.10.3-2021.10.macos64_1.0.100.202210260954/tools/bin/../lib/gcc/arm-none-eabi/10.3.1/../../../../arm-none-eabi/lib/thumb/v7e-m+fp/hard/libnosys.a
END GROUP
LOAD /Applications/STM32CubeIDE.app/Contents/Eclipse/plugins/com.st.stm32cube.ide.mcu.externaltools.gnu-tools-for-stm32.10.3-2021.10.macos64_1.0.100.202210260954/tools/bin/../lib/gcc/arm-none-eabi/10.3.1/thumb/v7e-m+fp/hard/crtend.o
LOAD /Applications/STM32CubeIDE.app/Contents/Eclipse/plugins/com.st.stm32cube.ide.mcu.externaltools.gnu-tools-for-stm32.10.3-2021.10.macos64_1.0.100.202210260954/tools/bin/../lib/gcc/arm-none-eabi/10.3.1/thumb/v7e-m+fp/hard/crtn.o
                0x0000000020018000                _estack = (ORIGIN (RAM) + LENGTH (RAM))
                0x0000000000000200                _Min_Heap_Size = 0x200
                0x0000000000000400                _Min_Stack_Size = 0x400

.isr_vector     0x0000000008000000      0x194
                0x0000000008000000                . = ALIGN (0x4)
 *(.isr_vector)
 .isr_vector    0x0000000008000000      0x194 ./Core/Startup/startup_stm32f401retx.o
                0x0000000008000000                g_pfnVectors
                0x0000000008000194                . = ALIGN (0x4)

.text           0x0000000008000194     0x7678
                0x0000000008000194                . = ALIGN (0x4)
 *(.text)
 .text          0x0000000008000194       0x40 /Applications/STM32CubeIDE.app/Contents/Eclipse/plugins/com.st.stm32cube.ide.mcu.externaltools.gnu-tools-for-stm32.10.3-2021.10.macos64_1.0.100.202210260954/tools/bin/../lib/gcc/arm-none-eabi/10.3.1/thumb/v7e-m+fp/hard/crtbegin.o
 .text          0x00000000080001d4       0x14 /Applications/STM32CubeIDE.app/Contents/Eclipse/plugins/com.st.stm32cube.ide.mcu.externaltools.gnu-tools-for-stm32.10.3-2021.10.macos64_1.0.100.202210260954/tools/bin/../lib/gcc/arm-none-eabi/10.3.1/../../../../arm-none-eabi/lib/thumb/v7e-m+fp/hard/libc_nano.a(lib_a-strcmp.o)
                0x00000000080001d4                strcmp
 .text          0x00000000080001e8       0x10 /Applications/STM32CubeIDE.app/Contents/Eclipse/plugins/com.st.stm32cube.ide.mcu.externaltools.gnu-tools-for-stm32.10.3-2021.10.macos64_1.0.100.202210260954/tools/bin/../lib/gcc/arm-none-eabi/10.3.1/../../../../arm-none-eabi/lib/thumb/v7e-m+fp/hard/libc_nano.a(lib_a-strlen.o)
                0x00000000080001e8                strlen
 .text          0x00000000080001f8       0x30 /Applications/STM32CubeIDE.app/Contents/Eclipse/plugins/com.st.stm32cube.ide.mcu.externaltools.gnu-tools-for-stm32.10.3-2021.10.macos64_1.0.100.202210260954/tools/bin/../lib/gcc/arm-none-eabi/10.3.1/thumb/v7e-m+fp/hard/libgcc.a(_aeabi_uldivmod.o)
                0x00000000080001f8                __aeabi_uldivmod
 .text          0x0000000008000228      0x2d0 /Applications/STM32CubeIDE.app/Contents/Eclipse/plugins/com.st.stm32cube.ide.mcu.externaltools.gnu-tools-for-stm32.10.3-2021.10.macos64_1.0.100.202210260954/tools/bin/../lib/gcc/arm-none-eabi/10.3.1/thumb/v7e-m+fp/hard/libgcc.a(_udivmoddi4.o)
                0x0000000008000228                __udivmoddi4
 .text          0x00000000080004f8        0x4 /Applications/STM32CubeIDE.app/Contents/Eclipse/plugins/com.st.stm32cube.ide.mcu.externaltools.gnu-tools-for-stm32.10.3-2021.10.macos64_1.0.100.202210260954/tools/bin/../lib/gcc/arm-none-eabi/10.3.1/thumb/v7e-m+fp/hard/libgcc.a(_dvmd_tls.o)
                0x00000000080004f8                __aeabi_ldiv0
                0x00000000080004f8                __aeabi_idiv0
 *(.text*)
 .text.disable_button_EEPROM_writes
                0x00000000080004fc       0x2c ./Core/Src/buttons.o
                0x00000000080004fc                disable_button_EEPROM_writes
 .text.initialize_buttons
                0x0000000008000528       0x1a ./Core/Src/buttons.o
                0x0000000008000528                initialize_buttons
 *fill*         0x0000000008000542        0x2 
 .text.enable_button
                0x0000000008000544       0x64 ./Core/Src/buttons.o
                0x0000000008000544                enable_button
 .text.disable_button
                0x00000000080005a8       0x60 ./Core/Src/buttons.o
                0x00000000080005a8                disable_button
 .text.toggle_button
                0x0000000008000608       0x60 ./Core/Src/buttons.o
                0x0000000008000608                toggle_button
 .text.enable_all_buttons
                0x0000000008000668       0x2a ./Core/Src/buttons.o
                0x0000000008000668                enable_all_buttons
 *fill*         0x0000000008000692        0x2 
 .text.update_buttons
                0x0000000008000694       0x3c ./Core/Src/buttons.o
                0x0000000008000694                update_buttons
 .text.poll_buttons
                0x00000000080006d0      0x104 ./Core/Src/buttons.o
                0x00000000080006d0                poll_buttons
 .text.init_default_controller
                0x00000000080007d4       0xf4 ./Core/Src/controller.o
                0x00000000080007d4                init_default_controller
 .text.init_xbee_communication
                0x00000000080008c8       0x1c ./Core/Src/controller.o
                0x00000000080008c8                init_xbee_communication
 .text.print_number
                0x00000000080008e4       0x48 ./Core/Src/controller.o
                0x00000000080008e4                print_number
 .text.print_device
                0x000000000800092c       0x68 ./Core/Src/controller.o
                0x000000000800092c                print_device
 .text.print_command
                0x0000000008000994       0xd4 ./Core/Src/controller.o
                0x0000000008000994                print_command
 .text.print_commands
                0x0000000008000a68       0x4c ./Core/Src/controller.o
                0x0000000008000a68                print_commands
 .text.export_device
                0x0000000008000ab4       0x40 ./Core/Src/controller.o
                0x0000000008000ab4                export_device
 .text.export_configuration
                0x0000000008000af4       0x60 ./Core/Src/controller.o
                0x0000000008000af4                export_configuration
 .text.Toggle   0x0000000008000b54       0x2c ./Core/Src/main.o
                0x0000000008000b54                Toggle
 .text.Delay    0x0000000008000b80       0x5c ./Core/Src/main.o
                0x0000000008000b80                Delay
 .text.Transmit
                0x0000000008000bdc       0x50 ./Core/Src/main.o
                0x0000000008000bdc                Transmit
 .text.main     0x0000000008000c2c      0x134 ./Core/Src/main.o
                0x0000000008000c2c                main
 .text.SystemClock_Config
                0x0000000008000d60       0xd8 ./Core/Src/main.o
                0x0000000008000d60                SystemClock_Config
 .text.MX_ADC1_Init
                0x0000000008000e38       0xa4 ./Core/Src/main.o
 .text.MX_I2C1_Init
                0x0000000008000edc       0x5c ./Core/Src/main.o
 .text.MX_SPI2_Init
                0x0000000008000f38       0x6c ./Core/Src/main.o
 .text.MX_TIM1_Init
                0x0000000008000fa4       0xa4 ./Core/Src/main.o
 .text.MX_TIM2_Init
                0x0000000008001048       0xe0 ./Core/Src/main.o
 .text.MX_TIM3_Init
                0x0000000008001128       0xec ./Core/Src/main.o
 .text.MX_TIM4_Init
                0x0000000008001214       0xb4 ./Core/Src/main.o
 .text.MX_TIM5_Init
                0x00000000080012c8       0x9c ./Core/Src/main.o
 .text.MX_USART1_UART_Init
                0x0000000008001364       0x54 ./Core/Src/main.o
 .text.MX_GPIO_Init
                0x00000000080013b8      0x13c ./Core/Src/main.o
 .text.HAL_TIM_PeriodElapsedCallback
                0x00000000080014f4      0x124 ./Core/Src/main.o
                0x00000000080014f4                HAL_TIM_PeriodElapsedCallback
 .text.HAL_UART_RxCpltCallback
                0x0000000008001618       0xb0 ./Core/Src/main.o
                0x0000000008001618                HAL_UART_RxCpltCallback
 .text.Error_Handler
                0x00000000080016c8        0xa ./Core/Src/main.o
                0x00000000080016c8                Error_Handler
 *fill*         0x00000000080016d2        0x2 
 .text.display_menu
                0x00000000080016d4      0x200 ./Core/Src/menu.o
                0x00000000080016d4                display_menu
 .text.button_pressed
                0x00000000080018d4      0x1d8 ./Core/Src/menu.o
                0x00000000080018d4                button_pressed
 .text.disable_OLED_EEPROM_writes
                0x0000000008001aac       0x2c ./Core/Src/ssd1306.o
                0x0000000008001aac                disable_OLED_EEPROM_writes
 .text.drop_all_CS
                0x0000000008001ad8       0x38 ./Core/Src/ssd1306.o
                0x0000000008001ad8                drop_all_CS
 .text.raise_all_CS
                0x0000000008001b10       0x34 ./Core/Src/ssd1306.o
                0x0000000008001b10                raise_all_CS
 .text.drop_CS  0x0000000008001b44       0x7c ./Core/Src/ssd1306.o
                0x0000000008001b44                drop_CS
 .text.init_displays
                0x0000000008001bc0       0xf4 ./Core/Src/ssd1306.o
                0x0000000008001bc0                init_displays
 .text.update_display
                0x0000000008001cb4       0xf8 ./Core/Src/ssd1306.o
                0x0000000008001cb4                update_display
 .text.update_all_displays
                0x0000000008001dac       0xf0 ./Core/Src/ssd1306.o
                0x0000000008001dac                update_all_displays
 .text.erase_buffer
                0x0000000008001e9c       0x34 ./Core/Src/ssd1306.o
                0x0000000008001e9c                erase_buffer
 .text.draw_pixel
                0x0000000008001ed0       0xa8 ./Core/Src/ssd1306.o
                0x0000000008001ed0                draw_pixel
 .text.draw_char
                0x0000000008001f78       0x58 ./Core/Src/ssd1306.o
                0x0000000008001f78                draw_char
 .text.draw_bmp
                0x0000000008001fd0       0xd6 ./Core/Src/ssd1306.o
                0x0000000008001fd0                draw_bmp
 .text.draw_string
                0x00000000080020a6       0x7c ./Core/Src/ssd1306.o
                0x00000000080020a6                draw_string
 *fill*         0x0000000008002122        0x2 
 .text.HAL_MspInit
                0x0000000008002124       0x50 ./Core/Src/stm32f4xx_hal_msp.o
                0x0000000008002124                HAL_MspInit
 .text.HAL_ADC_MspInit
                0x0000000008002174       0x88 ./Core/Src/stm32f4xx_hal_msp.o
                0x0000000008002174                HAL_ADC_MspInit
 .text.HAL_I2C_MspInit
                0x00000000080021fc       0x90 ./Core/Src/stm32f4xx_hal_msp.o
                0x00000000080021fc                HAL_I2C_MspInit
 .text.HAL_SPI_MspInit
                0x000000000800228c       0xd0 ./Core/Src/stm32f4xx_hal_msp.o
                0x000000000800228c                HAL_SPI_MspInit
 .text.HAL_TIM_Base_MspInit
                0x000000000800235c      0x130 ./Core/Src/stm32f4xx_hal_msp.o
                0x000000000800235c                HAL_TIM_Base_MspInit
 .text.HAL_TIM_PWM_MspInit
                0x000000000800248c       0x44 ./Core/Src/stm32f4xx_hal_msp.o
                0x000000000800248c                HAL_TIM_PWM_MspInit
 .text.HAL_TIM_MspPostInit
                0x00000000080024d0       0xc4 ./Core/Src/stm32f4xx_hal_msp.o
                0x00000000080024d0                HAL_TIM_MspPostInit
 .text.HAL_UART_MspInit
                0x0000000008002594       0xa0 ./Core/Src/stm32f4xx_hal_msp.o
                0x0000000008002594                HAL_UART_MspInit
 .text.NMI_Handler
                0x0000000008002634        0x6 ./Core/Src/stm32f4xx_it.o
                0x0000000008002634                NMI_Handler
 .text.HardFault_Handler
                0x000000000800263a        0x6 ./Core/Src/stm32f4xx_it.o
                0x000000000800263a                HardFault_Handler
 .text.MemManage_Handler
                0x0000000008002640        0x6 ./Core/Src/stm32f4xx_it.o
                0x0000000008002640                MemManage_Handler
 .text.BusFault_Handler
                0x0000000008002646        0x6 ./Core/Src/stm32f4xx_it.o
                0x0000000008002646                BusFault_Handler
 .text.UsageFault_Handler
                0x000000000800264c        0x6 ./Core/Src/stm32f4xx_it.o
                0x000000000800264c                UsageFault_Handler
 .text.SVC_Handler
                0x0000000008002652        0xe ./Core/Src/stm32f4xx_it.o
                0x0000000008002652                SVC_Handler
 .text.DebugMon_Handler
                0x0000000008002660        0xe ./Core/Src/stm32f4xx_it.o
                0x0000000008002660                DebugMon_Handler
 .text.PendSV_Handler
                0x000000000800266e        0xe ./Core/Src/stm32f4xx_it.o
                0x000000000800266e                PendSV_Handler
 .text.SysTick_Handler
                0x000000000800267c        0xc ./Core/Src/stm32f4xx_it.o
                0x000000000800267c                SysTick_Handler
 .text.TIM2_IRQHandler
                0x0000000008002688       0x84 ./Core/Src/stm32f4xx_it.o
                0x0000000008002688                TIM2_IRQHandler
 .text.USART1_IRQHandler
                0x000000000800270c       0x14 ./Core/Src/stm32f4xx_it.o
                0x000000000800270c                USART1_IRQHandler
 .text.TIM5_IRQHandler
                0x0000000008002720       0x14 ./Core/Src/stm32f4xx_it.o
                0x0000000008002720                TIM5_IRQHandler
 .text.SystemInit
                0x0000000008002734       0x24 ./Core/Src/system_stm32f4xx.o
                0x0000000008002734                SystemInit
 .text.Reset_Handler
                0x0000000008002758       0x50 ./Core/Startup/startup_stm32f401retx.o
                0x0000000008002758                Reset_Handler
 .text.Default_Handler
                0x00000000080027a8        0x2 ./Core/Startup/startup_stm32f401retx.o
                0x00000000080027a8                DMA1_Stream3_IRQHandler
                0x00000000080027a8                EXTI2_IRQHandler
                0x00000000080027a8                SPI4_IRQHandler
                0x00000000080027a8                TIM1_CC_IRQHandler
                0x00000000080027a8                DMA2_Stream5_IRQHandler
                0x00000000080027a8                DMA1_Stream5_IRQHandler
                0x00000000080027a8                PVD_IRQHandler
                0x00000000080027a8                SDIO_IRQHandler
                0x00000000080027a8                TAMP_STAMP_IRQHandler
                0x00000000080027a8                EXTI3_IRQHandler
                0x00000000080027a8                TIM1_UP_TIM10_IRQHandler
                0x00000000080027a8                I2C3_ER_IRQHandler
                0x00000000080027a8                EXTI0_IRQHandler
                0x00000000080027a8                I2C2_EV_IRQHandler
                0x00000000080027a8                DMA1_Stream2_IRQHandler
                0x00000000080027a8                FPU_IRQHandler
                0x00000000080027a8                DMA2_Stream2_IRQHandler
                0x00000000080027a8                SPI1_IRQHandler
                0x00000000080027a8                TIM1_BRK_TIM9_IRQHandler
                0x00000000080027a8                DMA2_Stream3_IRQHandler
                0x00000000080027a8                USART6_IRQHandler
                0x00000000080027a8                DMA2_Stream0_IRQHandler
                0x00000000080027a8                TIM4_IRQHandler
                0x00000000080027a8                I2C1_EV_IRQHandler
                0x00000000080027a8                DMA1_Stream6_IRQHandler
                0x00000000080027a8                DMA1_Stream1_IRQHandler
                0x00000000080027a8                TIM3_IRQHandler
                0x00000000080027a8                RCC_IRQHandler
                0x00000000080027a8                Default_Handler
                0x00000000080027a8                EXTI15_10_IRQHandler
                0x00000000080027a8                ADC_IRQHandler
                0x00000000080027a8                DMA1_Stream7_IRQHandler
                0x00000000080027a8                DMA2_Stream7_IRQHandler
                0x00000000080027a8                I2C3_EV_IRQHandler
                0x00000000080027a8                EXTI9_5_IRQHandler
                0x00000000080027a8                RTC_WKUP_IRQHandler
                0x00000000080027a8                SPI2_IRQHandler
                0x00000000080027a8                DMA1_Stream0_IRQHandler
                0x00000000080027a8                EXTI4_IRQHandler
                0x00000000080027a8                WWDG_IRQHandler
                0x00000000080027a8                OTG_FS_WKUP_IRQHandler
                0x00000000080027a8                TIM1_TRG_COM_TIM11_IRQHandler
                0x00000000080027a8                EXTI1_IRQHandler
                0x00000000080027a8                USART2_IRQHandler
                0x00000000080027a8                I2C2_ER_IRQHandler
                0x00000000080027a8                DMA2_Stream1_IRQHandler
                0x00000000080027a8                FLASH_IRQHandler
                0x00000000080027a8                DMA2_Stream4_IRQHandler
                0x00000000080027a8                OTG_FS_IRQHandler
                0x00000000080027a8                SPI3_IRQHandler
                0x00000000080027a8                DMA1_Stream4_IRQHandler
                0x00000000080027a8                I2C1_ER_IRQHandler
                0x00000000080027a8                DMA2_Stream6_IRQHandler
                0x00000000080027a8                RTC_Alarm_IRQHandler
 *fill*         0x00000000080027aa        0x2 
 .text.HAL_Init
                0x00000000080027ac       0x44 ./Drivers/STM32F4xx_HAL_Driver/Src/stm32f4xx_hal.o
                0x00000000080027ac                HAL_Init
 .text.HAL_InitTick
                0x00000000080027f0       0x60 ./Drivers/STM32F4xx_HAL_Driver/Src/stm32f4xx_hal.o
                0x00000000080027f0                HAL_InitTick
 .text.HAL_IncTick
                0x0000000008002850       0x28 ./Drivers/STM32F4xx_HAL_Driver/Src/stm32f4xx_hal.o
                0x0000000008002850                HAL_IncTick
 .text.HAL_GetTick
                0x0000000008002878       0x18 ./Drivers/STM32F4xx_HAL_Driver/Src/stm32f4xx_hal.o
                0x0000000008002878                HAL_GetTick
 .text.HAL_Delay
                0x0000000008002890       0x48 ./Drivers/STM32F4xx_HAL_Driver/Src/stm32f4xx_hal.o
                0x0000000008002890                HAL_Delay
 .text.HAL_ADC_Init
                0x00000000080028d8       0x86 ./Drivers/STM32F4xx_HAL_Driver/Src/stm32f4xx_hal_adc.o
                0x00000000080028d8                HAL_ADC_Init
 *fill*         0x000000000800295e        0x2 
 .text.HAL_ADC_Start
                0x0000000008002960      0x168 ./Drivers/STM32F4xx_HAL_Driver/Src/stm32f4xx_hal_adc.o
                0x0000000008002960                HAL_ADC_Start
 .text.HAL_ADC_PollForConversion
                0x0000000008002ac8      0x116 ./Drivers/STM32F4xx_HAL_Driver/Src/stm32f4xx_hal_adc.o
                0x0000000008002ac8                HAL_ADC_PollForConversion
 .text.HAL_ADC_GetValue
                0x0000000008002bde       0x1a ./Drivers/STM32F4xx_HAL_Driver/Src/stm32f4xx_hal_adc.o
                0x0000000008002bde                HAL_ADC_GetValue
 .text.HAL_ADC_ConfigChannel
                0x0000000008002bf8      0x244 ./Drivers/STM32F4xx_HAL_Driver/Src/stm32f4xx_hal_adc.o
                0x0000000008002bf8                HAL_ADC_ConfigChannel
 .text.ADC_Init
                0x0000000008002e3c      0x1f8 ./Drivers/STM32F4xx_HAL_Driver/Src/stm32f4xx_hal_adc.o
 .text.__NVIC_SetPriorityGrouping
                0x0000000008003034       0x48 ./Drivers/STM32F4xx_HAL_Driver/Src/stm32f4xx_hal_cortex.o
 .text.__NVIC_GetPriorityGrouping
                0x000000000800307c       0x1c ./Drivers/STM32F4xx_HAL_Driver/Src/stm32f4xx_hal_cortex.o
 .text.__NVIC_EnableIRQ
                0x0000000008003098       0x3c ./Drivers/STM32F4xx_HAL_Driver/Src/stm32f4xx_hal_cortex.o
 .text.__NVIC_SetPriority
                0x00000000080030d4       0x54 ./Drivers/STM32F4xx_HAL_Driver/Src/stm32f4xx_hal_cortex.o
 .text.NVIC_EncodePriority
                0x0000000008003128       0x66 ./Drivers/STM32F4xx_HAL_Driver/Src/stm32f4xx_hal_cortex.o
 *fill*         0x000000000800318e        0x2 
 .text.SysTick_Config
                0x0000000008003190       0x44 ./Drivers/STM32F4xx_HAL_Driver/Src/stm32f4xx_hal_cortex.o
 .text.HAL_NVIC_SetPriorityGrouping
                0x00000000080031d4       0x16 ./Drivers/STM32F4xx_HAL_Driver/Src/stm32f4xx_hal_cortex.o
                0x00000000080031d4                HAL_NVIC_SetPriorityGrouping
 .text.HAL_NVIC_SetPriority
                0x00000000080031ea       0x38 ./Drivers/STM32F4xx_HAL_Driver/Src/stm32f4xx_hal_cortex.o
                0x00000000080031ea                HAL_NVIC_SetPriority
 .text.HAL_NVIC_EnableIRQ
                0x0000000008003222       0x1c ./Drivers/STM32F4xx_HAL_Driver/Src/stm32f4xx_hal_cortex.o
                0x0000000008003222                HAL_NVIC_EnableIRQ
 .text.HAL_SYSTICK_Config
                0x000000000800323e       0x18 ./Drivers/STM32F4xx_HAL_Driver/Src/stm32f4xx_hal_cortex.o
                0x000000000800323e                HAL_SYSTICK_Config
 .text.HAL_DMA_Abort
                0x0000000008003256       0xe0 ./Drivers/STM32F4xx_HAL_Driver/Src/stm32f4xx_hal_dma.o
                0x0000000008003256                HAL_DMA_Abort
 .text.HAL_DMA_Abort_IT
                0x0000000008003336       0x44 ./Drivers/STM32F4xx_HAL_Driver/Src/stm32f4xx_hal_dma.o
                0x0000000008003336                HAL_DMA_Abort_IT
 *fill*         0x000000000800337a        0x2 
 .text.HAL_GPIO_Init
                0x000000000800337c      0x308 ./Drivers/STM32F4xx_HAL_Driver/Src/stm32f4xx_hal_gpio.o
                0x000000000800337c                HAL_GPIO_Init
 .text.HAL_GPIO_ReadPin
                0x0000000008003684       0x30 ./Drivers/STM32F4xx_HAL_Driver/Src/stm32f4xx_hal_gpio.o
                0x0000000008003684                HAL_GPIO_ReadPin
 .text.HAL_GPIO_WritePin
                0x00000000080036b4       0x32 ./Drivers/STM32F4xx_HAL_Driver/Src/stm32f4xx_hal_gpio.o
                0x00000000080036b4                HAL_GPIO_WritePin
 *fill*         0x00000000080036e6        0x2 
 .text.HAL_I2C_Init
                0x00000000080036e8      0x288 ./Drivers/STM32F4xx_HAL_Driver/Src/stm32f4xx_hal_i2c.o
                0x00000000080036e8                HAL_I2C_Init
 .text.HAL_I2C_Master_Transmit
                0x0000000008003970      0x1fc ./Drivers/STM32F4xx_HAL_Driver/Src/stm32f4xx_hal_i2c.o
                0x0000000008003970                HAL_I2C_Master_Transmit
 .text.I2C_MasterRequestWrite
                0x0000000008003b6c      0x104 ./Drivers/STM32F4xx_HAL_Driver/Src/stm32f4xx_hal_i2c.o
 .text.I2C_WaitOnFlagUntilTimeout
                0x0000000008003c70       0xae ./Drivers/STM32F4xx_HAL_Driver/Src/stm32f4xx_hal_i2c.o
 .text.I2C_WaitOnMasterAddressFlagUntilTimeout
                0x0000000008003d1e       0xfe ./Drivers/STM32F4xx_HAL_Driver/Src/stm32f4xx_hal_i2c.o
 .text.I2C_WaitOnTXEFlagUntilTimeout
                0x0000000008003e1c       0x82 ./Drivers/STM32F4xx_HAL_Driver/Src/stm32f4xx_hal_i2c.o
 .text.I2C_WaitOnBTFFlagUntilTimeout
                0x0000000008003e9e       0x82 ./Drivers/STM32F4xx_HAL_Driver/Src/stm32f4xx_hal_i2c.o
 .text.I2C_IsAcknowledgeFailed
                0x0000000008003f20       0x5e ./Drivers/STM32F4xx_HAL_Driver/Src/stm32f4xx_hal_i2c.o
 *fill*         0x0000000008003f7e        0x2 
 .text.HAL_RCC_OscConfig
                0x0000000008003f80      0x4f0 ./Drivers/STM32F4xx_HAL_Driver/Src/stm32f4xx_hal_rcc.o
                0x0000000008003f80                HAL_RCC_OscConfig
 .text.HAL_RCC_ClockConfig
                0x0000000008004470      0x1cc ./Drivers/STM32F4xx_HAL_Driver/Src/stm32f4xx_hal_rcc.o
                0x0000000008004470                HAL_RCC_ClockConfig
 .text.HAL_RCC_GetSysClockFreq
                0x000000000800463c      0x20c ./Drivers/STM32F4xx_HAL_Driver/Src/stm32f4xx_hal_rcc.o
                0x000000000800463c                HAL_RCC_GetSysClockFreq
 .text.HAL_RCC_GetHCLKFreq
                0x0000000008004848       0x18 ./Drivers/STM32F4xx_HAL_Driver/Src/stm32f4xx_hal_rcc.o
                0x0000000008004848                HAL_RCC_GetHCLKFreq
 .text.HAL_RCC_GetPCLK1Freq
                0x0000000008004860       0x28 ./Drivers/STM32F4xx_HAL_Driver/Src/stm32f4xx_hal_rcc.o
                0x0000000008004860                HAL_RCC_GetPCLK1Freq
 .text.HAL_RCC_GetPCLK2Freq
                0x0000000008004888       0x28 ./Drivers/STM32F4xx_HAL_Driver/Src/stm32f4xx_hal_rcc.o
                0x0000000008004888                HAL_RCC_GetPCLK2Freq
 .text.HAL_SPI_Init
                0x00000000080048b0      0x112 ./Drivers/STM32F4xx_HAL_Driver/Src/stm32f4xx_hal_spi.o
                0x00000000080048b0                HAL_SPI_Init
 .text.HAL_SPI_Transmit
                0x00000000080049c2      0x278 ./Drivers/STM32F4xx_HAL_Driver/Src/stm32f4xx_hal_spi.o
                0x00000000080049c2                HAL_SPI_Transmit
 *fill*         0x0000000008004c3a        0x2 
 .text.SPI_WaitFlagStateUntilTimeout
                0x0000000008004c3c      0x110 ./Drivers/STM32F4xx_HAL_Driver/Src/stm32f4xx_hal_spi.o
 .text.SPI_EndRxTxTransaction
                0x0000000008004d4c       0x84 ./Drivers/STM32F4xx_HAL_Driver/Src/stm32f4xx_hal_spi.o
 .text.HAL_TIM_Base_Init
                0x0000000008004dd0       0x9e ./Drivers/STM32F4xx_HAL_Driver/Src/stm32f4xx_hal_tim.o
                0x0000000008004dd0                HAL_TIM_Base_Init
 *fill*         0x0000000008004e6e        0x2 
 .text.HAL_TIM_Base_Start_IT
                0x0000000008004e70       0xc4 ./Drivers/STM32F4xx_HAL_Driver/Src/stm32f4xx_hal_tim.o
                0x0000000008004e70                HAL_TIM_Base_Start_IT
 .text.HAL_TIM_PWM_Init
                0x0000000008004f34       0x9e ./Drivers/STM32F4xx_HAL_Driver/Src/stm32f4xx_hal_tim.o
                0x0000000008004f34                HAL_TIM_PWM_Init
 *fill*         0x0000000008004fd2        0x2 
 .text.HAL_TIM_PWM_Start
                0x0000000008004fd4      0x160 ./Drivers/STM32F4xx_HAL_Driver/Src/stm32f4xx_hal_tim.o
                0x0000000008004fd4                HAL_TIM_PWM_Start
 .text.HAL_TIM_PWM_Stop
                0x0000000008005134       0xc8 ./Drivers/STM32F4xx_HAL_Driver/Src/stm32f4xx_hal_tim.o
                0x0000000008005134                HAL_TIM_PWM_Stop
 .text.HAL_TIM_IC_Init
                0x00000000080051fc       0x9e ./Drivers/STM32F4xx_HAL_Driver/Src/stm32f4xx_hal_tim.o
                0x00000000080051fc                HAL_TIM_IC_Init
 .text.HAL_TIM_IC_MspInit
                0x000000000800529a       0x14 ./Drivers/STM32F4xx_HAL_Driver/Src/stm32f4xx_hal_tim.o
                0x000000000800529a                HAL_TIM_IC_MspInit
 *fill*         0x00000000080052ae        0x2 
 .text.HAL_TIM_IC_Start_IT
                0x00000000080052b0      0x234 ./Drivers/STM32F4xx_HAL_Driver/Src/stm32f4xx_hal_tim.o
                0x00000000080052b0                HAL_TIM_IC_Start_IT
 .text.HAL_TIM_IC_Stop_IT
                0x00000000080054e4      0x15c ./Drivers/STM32F4xx_HAL_Driver/Src/stm32f4xx_hal_tim.o
                0x00000000080054e4                HAL_TIM_IC_Stop_IT
 .text.HAL_TIM_IRQHandler
                0x0000000008005640      0x210 ./Drivers/STM32F4xx_HAL_Driver/Src/stm32f4xx_hal_tim.o
                0x0000000008005640                HAL_TIM_IRQHandler
 .text.HAL_TIM_IC_ConfigChannel
                0x0000000008005850      0x138 ./Drivers/STM32F4xx_HAL_Driver/Src/stm32f4xx_hal_tim.o
                0x0000000008005850                HAL_TIM_IC_ConfigChannel
 .text.HAL_TIM_PWM_ConfigChannel
                0x0000000008005988      0x184 ./Drivers/STM32F4xx_HAL_Driver/Src/stm32f4xx_hal_tim.o
                0x0000000008005988                HAL_TIM_PWM_ConfigChannel
 .text.HAL_TIM_ConfigClockSource
                0x0000000008005b0c      0x18e ./Drivers/STM32F4xx_HAL_Driver/Src/stm32f4xx_hal_tim.o
                0x0000000008005b0c                HAL_TIM_ConfigClockSource
 .text.HAL_TIM_OC_DelayElapsedCallback
                0x0000000008005c9a       0x14 ./Drivers/STM32F4xx_HAL_Driver/Src/stm32f4xx_hal_tim.o
                0x0000000008005c9a                HAL_TIM_OC_DelayElapsedCallback
 .text.HAL_TIM_IC_CaptureCallback
                0x0000000008005cae       0x14 ./Drivers/STM32F4xx_HAL_Driver/Src/stm32f4xx_hal_tim.o
                0x0000000008005cae                HAL_TIM_IC_CaptureCallback
 .text.HAL_TIM_PWM_PulseFinishedCallback
                0x0000000008005cc2       0x14 ./Drivers/STM32F4xx_HAL_Driver/Src/stm32f4xx_hal_tim.o
                0x0000000008005cc2                HAL_TIM_PWM_PulseFinishedCallback
 .text.HAL_TIM_TriggerCallback
                0x0000000008005cd6       0x14 ./Drivers/STM32F4xx_HAL_Driver/Src/stm32f4xx_hal_tim.o
                0x0000000008005cd6                HAL_TIM_TriggerCallback
 *fill*         0x0000000008005cea        0x2 
 .text.TIM_Base_SetConfig
                0x0000000008005cec      0x100 ./Drivers/STM32F4xx_HAL_Driver/Src/stm32f4xx_hal_tim.o
                0x0000000008005cec                TIM_Base_SetConfig
 .text.TIM_OC1_SetConfig
                0x0000000008005dec       0xcc ./Drivers/STM32F4xx_HAL_Driver/Src/stm32f4xx_hal_tim.o
 .text.TIM_OC2_SetConfig
                0x0000000008005eb8       0xd8 ./Drivers/STM32F4xx_HAL_Driver/Src/stm32f4xx_hal_tim.o
                0x0000000008005eb8                TIM_OC2_SetConfig
 .text.TIM_OC3_SetConfig
                0x0000000008005f90       0xd4 ./Drivers/STM32F4xx_HAL_Driver/Src/stm32f4xx_hal_tim.o
 .text.TIM_OC4_SetConfig
                0x0000000008006064       0xa0 ./Drivers/STM32F4xx_HAL_Driver/Src/stm32f4xx_hal_tim.o
 .text.TIM_TI1_SetConfig
                0x0000000008006104       0xd0 ./Drivers/STM32F4xx_HAL_Driver/Src/stm32f4xx_hal_tim.o
                0x0000000008006104                TIM_TI1_SetConfig
 .text.TIM_TI1_ConfigInputStage
                0x00000000080061d4       0x5e ./Drivers/STM32F4xx_HAL_Driver/Src/stm32f4xx_hal_tim.o
 .text.TIM_TI2_SetConfig
                0x0000000008006232       0x7a ./Drivers/STM32F4xx_HAL_Driver/Src/stm32f4xx_hal_tim.o
 .text.TIM_TI2_ConfigInputStage
                0x00000000080062ac       0x60 ./Drivers/STM32F4xx_HAL_Driver/Src/stm32f4xx_hal_tim.o
 .text.TIM_TI3_SetConfig
                0x000000000800630c       0x78 ./Drivers/STM32F4xx_HAL_Driver/Src/stm32f4xx_hal_tim.o
 .text.TIM_TI4_SetConfig
                0x0000000008006384       0x7a ./Drivers/STM32F4xx_HAL_Driver/Src/stm32f4xx_hal_tim.o
 .text.TIM_ITRx_SetConfig
                0x00000000080063fe       0x36 ./Drivers/STM32F4xx_HAL_Driver/Src/stm32f4xx_hal_tim.o
 .text.TIM_ETR_SetConfig
                0x0000000008006434       0x40 ./Drivers/STM32F4xx_HAL_Driver/Src/stm32f4xx_hal_tim.o
                0x0000000008006434                TIM_ETR_SetConfig
 .text.TIM_CCxChannelCmd
                0x0000000008006474       0x4a ./Drivers/STM32F4xx_HAL_Driver/Src/stm32f4xx_hal_tim.o
                0x0000000008006474                TIM_CCxChannelCmd
 *fill*         0x00000000080064be        0x2 
 .text.HAL_TIMEx_MasterConfigSynchronization
                0x00000000080064c0       0xdc ./Drivers/STM32F4xx_HAL_Driver/Src/stm32f4xx_hal_tim_ex.o
                0x00000000080064c0                HAL_TIMEx_MasterConfigSynchronization
 .text.HAL_TIMEx_CommutCallback
                0x000000000800659c       0x14 ./Drivers/STM32F4xx_HAL_Driver/Src/stm32f4xx_hal_tim_ex.o
                0x000000000800659c                HAL_TIMEx_CommutCallback
 .text.HAL_TIMEx_BreakCallback
                0x00000000080065b0       0x14 ./Drivers/STM32F4xx_HAL_Driver/Src/stm32f4xx_hal_tim_ex.o
                0x00000000080065b0                HAL_TIMEx_BreakCallback
 .text.HAL_UART_Init
                0x00000000080065c4       0x9a ./Drivers/STM32F4xx_HAL_Driver/Src/stm32f4xx_hal_uart.o
                0x00000000080065c4                HAL_UART_Init
 .text.HAL_UART_Transmit
                0x000000000800665e      0x124 ./Drivers/STM32F4xx_HAL_Driver/Src/stm32f4xx_hal_uart.o
                0x000000000800665e                HAL_UART_Transmit
 .text.HAL_UART_Receive_IT
                0x0000000008006782       0x60 ./Drivers/STM32F4xx_HAL_Driver/Src/stm32f4xx_hal_uart.o
                0x0000000008006782                HAL_UART_Receive_IT
 *fill*         0x00000000080067e2        0x2 
 .text.HAL_UART_IRQHandler
                0x00000000080067e4      0x51c ./Drivers/STM32F4xx_HAL_Driver/Src/stm32f4xx_hal_uart.o
                0x00000000080067e4                HAL_UART_IRQHandler
 .text.HAL_UART_TxCpltCallback
                0x0000000008006d00       0x14 ./Drivers/STM32F4xx_HAL_Driver/Src/stm32f4xx_hal_uart.o
                0x0000000008006d00                HAL_UART_TxCpltCallback
 .text.HAL_UART_ErrorCallback
                0x0000000008006d14       0x14 ./Drivers/STM32F4xx_HAL_Driver/Src/stm32f4xx_hal_uart.o
                0x0000000008006d14                HAL_UART_ErrorCallback
 .text.HAL_UARTEx_RxEventCallback
                0x0000000008006d28       0x18 ./Drivers/STM32F4xx_HAL_Driver/Src/stm32f4xx_hal_uart.o
                0x0000000008006d28                HAL_UARTEx_RxEventCallback
 .text.UART_WaitOnFlagUntilTimeout
                0x0000000008006d40       0xdc ./Drivers/STM32F4xx_HAL_Driver/Src/stm32f4xx_hal_uart.o
 .text.UART_Start_Receive_IT
                0x0000000008006e1c       0x7c ./Drivers/STM32F4xx_HAL_Driver/Src/stm32f4xx_hal_uart.o
                0x0000000008006e1c                UART_Start_Receive_IT
 .text.UART_EndRxTransfer
                0x0000000008006e98       0xc6 ./Drivers/STM32F4xx_HAL_Driver/Src/stm32f4xx_hal_uart.o
 .text.UART_DMAAbortOnError
                0x0000000008006f5e       0x28 ./Drivers/STM32F4xx_HAL_Driver/Src/stm32f4xx_hal_uart.o
 .text.UART_Transmit_IT
                0x0000000008006f86       0xa0 ./Drivers/STM32F4xx_HAL_Driver/Src/stm32f4xx_hal_uart.o
 .text.UART_EndTransmit_IT
                0x0000000008007026       0x30 ./Drivers/STM32F4xx_HAL_Driver/Src/stm32f4xx_hal_uart.o
 .text.UART_Receive_IT
                0x0000000008007056      0x176 ./Drivers/STM32F4xx_HAL_Driver/Src/stm32f4xx_hal_uart.o
 .text.UART_SetConfig
                0x00000000080071cc      0x4e8 ./Drivers/STM32F4xx_HAL_Driver/Src/stm32f4xx_hal_uart.o
 .text.__libc_init_array
                0x00000000080076b4       0x48 /Applications/STM32CubeIDE.app/Contents/Eclipse/plugins/com.st.stm32cube.ide.mcu.externaltools.gnu-tools-for-stm32.10.3-2021.10.macos64_1.0.100.202210260954/tools/bin/../lib/gcc/arm-none-eabi/10.3.1/../../../../arm-none-eabi/lib/thumb/v7e-m+fp/hard/libc_nano.a(lib_a-init.o)
                0x00000000080076b4                __libc_init_array
 .text.__itoa   0x00000000080076fc       0x30 /Applications/STM32CubeIDE.app/Contents/Eclipse/plugins/com.st.stm32cube.ide.mcu.externaltools.gnu-tools-for-stm32.10.3-2021.10.macos64_1.0.100.202210260954/tools/bin/../lib/gcc/arm-none-eabi/10.3.1/../../../../arm-none-eabi/lib/thumb/v7e-m+fp/hard/libc_nano.a(lib_a-itoa.o)
                0x00000000080076fc                __itoa
 .text.itoa     0x000000000800772c        0x4 /Applications/STM32CubeIDE.app/Contents/Eclipse/plugins/com.st.stm32cube.ide.mcu.externaltools.gnu-tools-for-stm32.10.3-2021.10.macos64_1.0.100.202210260954/tools/bin/../lib/gcc/arm-none-eabi/10.3.1/../../../../arm-none-eabi/lib/thumb/v7e-m+fp/hard/libc_nano.a(lib_a-itoa.o)
                0x000000000800772c                itoa
 .text.memset   0x0000000008007730       0x10 /Applications/STM32CubeIDE.app/Contents/Eclipse/plugins/com.st.stm32cube.ide.mcu.externaltools.gnu-tools-for-stm32.10.3-2021.10.macos64_1.0.100.202210260954/tools/bin/../lib/gcc/arm-none-eabi/10.3.1/../../../../arm-none-eabi/lib/thumb/v7e-m+fp/hard/libc_nano.a(lib_a-memset.o)
                0x0000000008007730                memset
 .text.strcat   0x0000000008007740       0x1e /Applications/STM32CubeIDE.app/Contents/Eclipse/plugins/com.st.stm32cube.ide.mcu.externaltools.gnu-tools-for-stm32.10.3-2021.10.macos64_1.0.100.202210260954/tools/bin/../lib/gcc/arm-none-eabi/10.3.1/../../../../arm-none-eabi/lib/thumb/v7e-m+fp/hard/libc_nano.a(lib_a-strcat.o)
                0x0000000008007740                strcat
 .text.strcpy   0x000000000800775e       0x10 /Applications/STM32CubeIDE.app/Contents/Eclipse/plugins/com.st.stm32cube.ide.mcu.externaltools.gnu-tools-for-stm32.10.3-2021.10.macos64_1.0.100.202210260954/tools/bin/../lib/gcc/arm-none-eabi/10.3.1/../../../../arm-none-eabi/lib/thumb/v7e-m+fp/hard/libc_nano.a(lib_a-strcpy.o)
                0x000000000800775e                strcpy
 *fill*         0x000000000800776e        0x2 
 .text.__utoa   0x0000000008007770       0x84 /Applications/STM32CubeIDE.app/Contents/Eclipse/plugins/com.st.stm32cube.ide.mcu.externaltools.gnu-tools-for-stm32.10.3-2021.10.macos64_1.0.100.202210260954/tools/bin/../lib/gcc/arm-none-eabi/10.3.1/../../../../arm-none-eabi/lib/thumb/v7e-m+fp/hard/libc_nano.a(lib_a-utoa.o)
                0x0000000008007770                __utoa
 *(.glue_7)
 .glue_7        0x00000000080077f4        0x0 linker stubs
 *(.glue_7t)
 .glue_7t       0x00000000080077f4        0x0 linker stubs
 *(.eh_frame)
 .eh_frame      0x00000000080077f4        0x0 /Applications/STM32CubeIDE.app/Contents/Eclipse/plugins/com.st.stm32cube.ide.mcu.externaltools.gnu-tools-for-stm32.10.3-2021.10.macos64_1.0.100.202210260954/tools/bin/../lib/gcc/arm-none-eabi/10.3.1/thumb/v7e-m+fp/hard/crtbegin.o
 *(.init)
 .init          0x00000000080077f4        0x4 /Applications/STM32CubeIDE.app/Contents/Eclipse/plugins/com.st.stm32cube.ide.mcu.externaltools.gnu-tools-for-stm32.10.3-2021.10.macos64_1.0.100.202210260954/tools/bin/../lib/gcc/arm-none-eabi/10.3.1/thumb/v7e-m+fp/hard/crti.o
                0x00000000080077f4                _init
 .init          0x00000000080077f8        0x8 /Applications/STM32CubeIDE.app/Contents/Eclipse/plugins/com.st.stm32cube.ide.mcu.externaltools.gnu-tools-for-stm32.10.3-2021.10.macos64_1.0.100.202210260954/tools/bin/../lib/gcc/arm-none-eabi/10.3.1/thumb/v7e-m+fp/hard/crtn.o
 *(.fini)
 .fini          0x0000000008007800        0x4 /Applications/STM32CubeIDE.app/Contents/Eclipse/plugins/com.st.stm32cube.ide.mcu.externaltools.gnu-tools-for-stm32.10.3-2021.10.macos64_1.0.100.202210260954/tools/bin/../lib/gcc/arm-none-eabi/10.3.1/thumb/v7e-m+fp/hard/crti.o
                0x0000000008007800                _fini
 .fini          0x0000000008007804        0x8 /Applications/STM32CubeIDE.app/Contents/Eclipse/plugins/com.st.stm32cube.ide.mcu.externaltools.gnu-tools-for-stm32.10.3-2021.10.macos64_1.0.100.202210260954/tools/bin/../lib/gcc/arm-none-eabi/10.3.1/thumb/v7e-m+fp/hard/crtn.o
                0x000000000800780c                . = ALIGN (0x4)
                0x000000000800780c                _etext = .

.vfp11_veneer   0x000000000800780c        0x0
 .vfp11_veneer  0x000000000800780c        0x0 linker stubs

.v4_bx          0x000000000800780c        0x0
 .v4_bx         0x000000000800780c        0x0 linker stubs

.iplt           0x000000000800780c        0x0
 .iplt          0x000000000800780c        0x0 /Applications/STM32CubeIDE.app/Contents/Eclipse/plugins/com.st.stm32cube.ide.mcu.externaltools.gnu-tools-for-stm32.10.3-2021.10.macos64_1.0.100.202210260954/tools/bin/../lib/gcc/arm-none-eabi/10.3.1/thumb/v7e-m+fp/hard/crtbegin.o

.rodata         0x000000000800780c       0xbc
                0x000000000800780c                . = ALIGN (0x4)
 *(.rodata)
 .rodata        0x000000000800780c       0x19 ./Core/Src/controller.o
 *fill*         0x0000000008007825        0x3 
 .rodata        0x0000000008007828       0x15 ./Core/Src/main.o
 *fill*         0x000000000800783d        0x3 
 .rodata        0x0000000008007840       0x46 ./Core/Src/menu.o
 *(.rodata*)
 *fill*         0x0000000008007886        0x2 
 .rodata.AHBPrescTable
                0x0000000008007888       0x10 ./Core/Src/system_stm32f4xx.o
                0x0000000008007888                AHBPrescTable
 .rodata.APBPrescTable
                0x0000000008007898        0x8 ./Core/Src/system_stm32f4xx.o
                0x0000000008007898                APBPrescTable
 .rodata.__utoa.str1.1
                0x00000000080078a0       0x25 /Applications/STM32CubeIDE.app/Contents/Eclipse/plugins/com.st.stm32cube.ide.mcu.externaltools.gnu-tools-for-stm32.10.3-2021.10.macos64_1.0.100.202210260954/tools/bin/../lib/gcc/arm-none-eabi/10.3.1/../../../../arm-none-eabi/lib/thumb/v7e-m+fp/hard/libc_nano.a(lib_a-utoa.o)
                0x00000000080078c8                . = ALIGN (0x4)
 *fill*         0x00000000080078c5        0x3 

.ARM.extab      0x00000000080078c8        0x0
                0x00000000080078c8                . = ALIGN (0x4)
 *(.ARM.extab* .gnu.linkonce.armextab.*)
                0x00000000080078c8                . = ALIGN (0x4)

.ARM            0x00000000080078c8        0x8
                0x00000000080078c8                . = ALIGN (0x4)
                0x00000000080078c8                __exidx_start = .
 *(.ARM.exidx*)
 .ARM.exidx     0x00000000080078c8        0x8 /Applications/STM32CubeIDE.app/Contents/Eclipse/plugins/com.st.stm32cube.ide.mcu.externaltools.gnu-tools-for-stm32.10.3-2021.10.macos64_1.0.100.202210260954/tools/bin/../lib/gcc/arm-none-eabi/10.3.1/thumb/v7e-m+fp/hard/libgcc.a(_udivmoddi4.o)
                0x00000000080078d0                __exidx_end = .
                0x00000000080078d0                . = ALIGN (0x4)

.rel.dyn        0x00000000080078d0        0x0
 .rel.iplt      0x00000000080078d0        0x0 /Applications/STM32CubeIDE.app/Contents/Eclipse/plugins/com.st.stm32cube.ide.mcu.externaltools.gnu-tools-for-stm32.10.3-2021.10.macos64_1.0.100.202210260954/tools/bin/../lib/gcc/arm-none-eabi/10.3.1/thumb/v7e-m+fp/hard/crtbegin.o

.preinit_array  0x00000000080078d0        0x0
                0x00000000080078d0                . = ALIGN (0x4)
                0x00000000080078d0                PROVIDE (__preinit_array_start = .)
 *(.preinit_array*)
                0x00000000080078d0                PROVIDE (__preinit_array_end = .)
                0x00000000080078d0                . = ALIGN (0x4)

.init_array     0x00000000080078d0        0x4
                0x00000000080078d0                . = ALIGN (0x4)
                0x00000000080078d0                PROVIDE (__init_array_start = .)
 *(SORT_BY_NAME(.init_array.*))
 *(.init_array*)
 .init_array    0x00000000080078d0        0x4 /Applications/STM32CubeIDE.app/Contents/Eclipse/plugins/com.st.stm32cube.ide.mcu.externaltools.gnu-tools-for-stm32.10.3-2021.10.macos64_1.0.100.202210260954/tools/bin/../lib/gcc/arm-none-eabi/10.3.1/thumb/v7e-m+fp/hard/crtbegin.o
                0x00000000080078d4                PROVIDE (__init_array_end = .)
                0x00000000080078d4                . = ALIGN (0x4)

.fini_array     0x00000000080078d4        0x4
                0x00000000080078d4                . = ALIGN (0x4)
                [!provide]                        PROVIDE (__fini_array_start = .)
 *(SORT_BY_NAME(.fini_array.*))
 *(.fini_array*)
 .fini_array    0x00000000080078d4        0x4 /Applications/STM32CubeIDE.app/Contents/Eclipse/plugins/com.st.stm32cube.ide.mcu.externaltools.gnu-tools-for-stm32.10.3-2021.10.macos64_1.0.100.202210260954/tools/bin/../lib/gcc/arm-none-eabi/10.3.1/thumb/v7e-m+fp/hard/crtbegin.o
                [!provide]                        PROVIDE (__fini_array_end = .)
                0x00000000080078d8                . = ALIGN (0x4)
                0x00000000080078d8                _sidata = LOADADDR (.data)

.data           0x0000000020000000     0x1454 load address 0x00000000080078d8
                0x0000000020000000                . = ALIGN (0x4)
                0x0000000020000000                _sdata = .
 *(.data)
 *(.data*)
 .data.io_ctrl_1
                0x0000000020000000        0x1 ./Core/Src/buttons.o
 .data.io_ctrl_2
                0x0000000020000001        0x1 ./Core/Src/buttons.o
 *fill*         0x0000000020000002        0x2 
 .data.deliminator
                0x0000000020000004        0x4 ./Core/Src/controller.o
 .data.section_deliminator
                0x0000000020000008        0x4 ./Core/Src/controller.o
 .data.dataLen  0x000000002000000c        0x4 ./Core/Src/main.o
                0x000000002000000c                dataLen
 .data.released.2
                0x0000000020000010        0x1 ./Core/Src/main.o
 *fill*         0x0000000020000011        0x3 
 .data.font     0x0000000020000014     0x140a ./Core/Src/ssd1306.o
 *fill*         0x000000002000141e        0x2 
 .data.i2c_buffer
                0x0000000020001420        0x3 ./Core/Src/ssd1306.o
 *fill*         0x0000000020001423        0x1 
 .data.init_display_cmds
                0x0000000020001424       0x1a ./Core/Src/ssd1306.o
 *fill*         0x000000002000143e        0x2 
 .data.init_draw_cmds
                0x0000000020001440        0x6 ./Core/Src/ssd1306.o
 .data.firsttime
                0x0000000020001446        0x1 ./Core/Src/stm32f4xx_it.o
                0x0000000020001446                firsttime
 *fill*         0x0000000020001447        0x1 
 .data.SystemCoreClock
                0x0000000020001448        0x4 ./Core/Src/system_stm32f4xx.o
                0x0000000020001448                SystemCoreClock
 .data.uwTickPrio
                0x000000002000144c        0x4 ./Drivers/STM32F4xx_HAL_Driver/Src/stm32f4xx_hal.o
                0x000000002000144c                uwTickPrio
 .data.uwTickFreq
                0x0000000020001450        0x1 ./Drivers/STM32F4xx_HAL_Driver/Src/stm32f4xx_hal.o
                0x0000000020001450                uwTickFreq
 *(.RamFunc)
 *(.RamFunc*)
                0x0000000020001454                . = ALIGN (0x4)
 *fill*         0x0000000020001451        0x3 
                0x0000000020001454                _edata = .

.igot.plt       0x0000000020001454        0x0 load address 0x0000000008008d2c
 .igot.plt      0x0000000020001454        0x0 /Applications/STM32CubeIDE.app/Contents/Eclipse/plugins/com.st.stm32cube.ide.mcu.externaltools.gnu-tools-for-stm32.10.3-2021.10.macos64_1.0.100.202210260954/tools/bin/../lib/gcc/arm-none-eabi/10.3.1/thumb/v7e-m+fp/hard/crtbegin.o
                0x0000000020001454                . = ALIGN (0x4)

.bss            0x0000000020001454     0xc024 load address 0x0000000008008d2c
                0x0000000020001454                _sbss = .
                0x0000000020001454                __bss_start__ = _sbss
 *(.bss)
 .bss           0x0000000020001454       0x1c /Applications/STM32CubeIDE.app/Contents/Eclipse/plugins/com.st.stm32cube.ide.mcu.externaltools.gnu-tools-for-stm32.10.3-2021.10.macos64_1.0.100.202210260954/tools/bin/../lib/gcc/arm-none-eabi/10.3.1/thumb/v7e-m+fp/hard/crtbegin.o
 *(.bss*)
 .bss.hadc1     0x0000000020001470       0x48 ./Core/Src/main.o
                0x0000000020001470                hadc1
 .bss.hi2c1     0x00000000200014b8       0x54 ./Core/Src/main.o
                0x00000000200014b8                hi2c1
 .bss.hspi2     0x000000002000150c       0x58 ./Core/Src/main.o
                0x000000002000150c                hspi2
 .bss.htim1     0x0000000020001564       0x48 ./Core/Src/main.o
                0x0000000020001564                htim1
 .bss.htim2     0x00000000200015ac       0x48 ./Core/Src/main.o
                0x00000000200015ac                htim2
 .bss.htim3     0x00000000200015f4       0x48 ./Core/Src/main.o
                0x00000000200015f4                htim3
 .bss.htim4     0x000000002000163c       0x48 ./Core/Src/main.o
                0x000000002000163c                htim4
 .bss.htim5     0x0000000020001684       0x48 ./Core/Src/main.o
                0x0000000020001684                htim5
 .bss.huart1    0x00000000200016cc       0x44 ./Core/Src/main.o
                0x00000000200016cc                huart1
 .bss.current_menu
                0x0000000020001710        0x1 ./Core/Src/main.o
                0x0000000020001710                current_menu
 .bss.button    0x0000000020001711        0x1 ./Core/Src/main.o
                0x0000000020001711                button
 *fill*         0x0000000020001712        0x2 
 .bss.controller
                0x0000000020001714     0x9a69 ./Core/Src/main.o
                0x0000000020001714                controller
 *fill*         0x000000002000b17d        0x3 
 .bss.UART1_rxBuffer
                0x000000002000b180     0x2000 ./Core/Src/main.o
                0x000000002000b180                UART1_rxBuffer
 .bss.sync      0x000000002000d180        0x1 ./Core/Src/main.o
                0x000000002000d180                sync
 *fill*         0x000000002000d181        0x3 
 .bss.data      0x000000002000d184       0x84 ./Core/Src/main.o
                0x000000002000d184                data
 .bss.last_pressed.1
                0x000000002000d208        0x1 ./Core/Src/main.o
 .bss.i.0       0x000000002000d209        0x1 ./Core/Src/main.o
 .bss.current_page
                0x000000002000d20a        0x1 ./Core/Src/menu.o
 *fill*         0x000000002000d20b        0x1 
 .bss.menu_commands
                0x000000002000d20c       0x63 ./Core/Src/menu.o
 .bss.in_device_menu.0
                0x000000002000d26f        0x1 ./Core/Src/menu.o
 .bss.display_buffer
                0x000000002000d270      0x200 ./Core/Src/ssd1306.o
 .bss.index     0x000000002000d470        0x4 ./Core/Src/stm32f4xx_it.o
                0x000000002000d470                index
 .bss.uwTick    0x000000002000d474        0x4 ./Drivers/STM32F4xx_HAL_Driver/Src/stm32f4xx_hal.o
                0x000000002000d474                uwTick
 *(COMMON)
                0x000000002000d478                . = ALIGN (0x4)
                0x000000002000d478                _ebss = .
                0x000000002000d478                __bss_end__ = _ebss

._user_heap_stack
                0x000000002000d478      0x600 load address 0x0000000008008d2c
                0x000000002000d478                . = ALIGN (0x8)
                [!provide]                        PROVIDE (end = .)
                0x000000002000d478                PROVIDE (_end = .)
                0x000000002000d678                . = (. + _Min_Heap_Size)
 *fill*         0x000000002000d478      0x200 
                0x000000002000da78                . = (. + _Min_Stack_Size)
 *fill*         0x000000002000d678      0x400 
                0x000000002000da78                . = ALIGN (0x8)

/DISCARD/
 libc.a(*)
 libm.a(*)
 libgcc.a(*)

.ARM.attributes
                0x0000000000000000       0x30
 *(.ARM.attributes)
 .ARM.attributes
                0x0000000000000000       0x1e /Applications/STM32CubeIDE.app/Contents/Eclipse/plugins/com.st.stm32cube.ide.mcu.externaltools.gnu-tools-for-stm32.10.3-2021.10.macos64_1.0.100.202210260954/tools/bin/../lib/gcc/arm-none-eabi/10.3.1/thumb/v7e-m+fp/hard/crti.o
 .ARM.attributes
                0x000000000000001e       0x34 /Applications/STM32CubeIDE.app/Contents/Eclipse/plugins/com.st.stm32cube.ide.mcu.externaltools.gnu-tools-for-stm32.10.3-2021.10.macos64_1.0.100.202210260954/tools/bin/../lib/gcc/arm-none-eabi/10.3.1/thumb/v7e-m+fp/hard/crtbegin.o
 .ARM.attributes
                0x0000000000000052       0x34 ./Core/Src/buttons.o
 .ARM.attributes
                0x0000000000000086       0x34 ./Core/Src/controller.o
 .ARM.attributes
                0x00000000000000ba       0x34 ./Core/Src/main.o
 .ARM.attributes
                0x00000000000000ee       0x34 ./Core/Src/menu.o
 .ARM.attributes
                0x0000000000000122       0x34 ./Core/Src/ssd1306.o
 .ARM.attributes
                0x0000000000000156       0x34 ./Core/Src/stm32f4xx_hal_msp.o
 .ARM.attributes
                0x000000000000018a       0x34 ./Core/Src/stm32f4xx_it.o
 .ARM.attributes
                0x00000000000001be       0x34 ./Core/Src/system_stm32f4xx.o
 .ARM.attributes
                0x00000000000001f2       0x21 ./Core/Startup/startup_stm32f401retx.o
 .ARM.attributes
                0x0000000000000213       0x34 ./Drivers/STM32F4xx_HAL_Driver/Src/stm32f4xx_hal.o
 .ARM.attributes
                0x0000000000000247       0x34 ./Drivers/STM32F4xx_HAL_Driver/Src/stm32f4xx_hal_adc.o
 .ARM.attributes
                0x000000000000027b       0x34 ./Drivers/STM32F4xx_HAL_Driver/Src/stm32f4xx_hal_cortex.o
 .ARM.attributes
                0x00000000000002af       0x34 ./Drivers/STM32F4xx_HAL_Driver/Src/stm32f4xx_hal_dma.o
 .ARM.attributes
                0x00000000000002e3       0x34 ./Drivers/STM32F4xx_HAL_Driver/Src/stm32f4xx_hal_gpio.o
 .ARM.attributes
                0x0000000000000317       0x34 ./Drivers/STM32F4xx_HAL_Driver/Src/stm32f4xx_hal_i2c.o
 .ARM.attributes
                0x000000000000034b       0x34 ./Drivers/STM32F4xx_HAL_Driver/Src/stm32f4xx_hal_rcc.o
 .ARM.attributes
                0x000000000000037f       0x34 ./Drivers/STM32F4xx_HAL_Driver/Src/stm32f4xx_hal_spi.o
 .ARM.attributes
                0x00000000000003b3       0x34 ./Drivers/STM32F4xx_HAL_Driver/Src/stm32f4xx_hal_tim.o
 .ARM.attributes
                0x00000000000003e7       0x34 ./Drivers/STM32F4xx_HAL_Driver/Src/stm32f4xx_hal_tim_ex.o
 .ARM.attributes
                0x000000000000041b       0x34 ./Drivers/STM32F4xx_HAL_Driver/Src/stm32f4xx_hal_uart.o
 .ARM.attributes
                0x000000000000044f       0x34 /Applications/STM32CubeIDE.app/Contents/Eclipse/plugins/com.st.stm32cube.ide.mcu.externaltools.gnu-tools-for-stm32.10.3-2021.10.macos64_1.0.100.202210260954/tools/bin/../lib/gcc/arm-none-eabi/10.3.1/../../../../arm-none-eabi/lib/thumb/v7e-m+fp/hard/libc_nano.a(lib_a-init.o)
 .ARM.attributes
                0x0000000000000483       0x34 /Applications/STM32CubeIDE.app/Contents/Eclipse/plugins/com.st.stm32cube.ide.mcu.externaltools.gnu-tools-for-stm32.10.3-2021.10.macos64_1.0.100.202210260954/tools/bin/../lib/gcc/arm-none-eabi/10.3.1/../../../../arm-none-eabi/lib/thumb/v7e-m+fp/hard/libc_nano.a(lib_a-itoa.o)
 .ARM.attributes
                0x00000000000004b7       0x34 /Applications/STM32CubeIDE.app/Contents/Eclipse/plugins/com.st.stm32cube.ide.mcu.externaltools.gnu-tools-for-stm32.10.3-2021.10.macos64_1.0.100.202210260954/tools/bin/../lib/gcc/arm-none-eabi/10.3.1/../../../../arm-none-eabi/lib/thumb/v7e-m+fp/hard/libc_nano.a(lib_a-memset.o)
 .ARM.attributes
                0x00000000000004eb       0x34 /Applications/STM32CubeIDE.app/Contents/Eclipse/plugins/com.st.stm32cube.ide.mcu.externaltools.gnu-tools-for-stm32.10.3-2021.10.macos64_1.0.100.202210260954/tools/bin/../lib/gcc/arm-none-eabi/10.3.1/../../../../arm-none-eabi/lib/thumb/v7e-m+fp/hard/libc_nano.a(lib_a-strcat.o)
 .ARM.attributes
                0x000000000000051f       0x1c /Applications/STM32CubeIDE.app/Contents/Eclipse/plugins/com.st.stm32cube.ide.mcu.externaltools.gnu-tools-for-stm32.10.3-2021.10.macos64_1.0.100.202210260954/tools/bin/../lib/gcc/arm-none-eabi/10.3.1/../../../../arm-none-eabi/lib/thumb/v7e-m+fp/hard/libc_nano.a(lib_a-strcmp.o)
 .ARM.attributes
                0x000000000000053b       0x34 /Applications/STM32CubeIDE.app/Contents/Eclipse/plugins/com.st.stm32cube.ide.mcu.externaltools.gnu-tools-for-stm32.10.3-2021.10.macos64_1.0.100.202210260954/tools/bin/../lib/gcc/arm-none-eabi/10.3.1/../../../../arm-none-eabi/lib/thumb/v7e-m+fp/hard/libc_nano.a(lib_a-strcpy.o)
 .ARM.attributes
                0x000000000000056f       0x17 /Applications/STM32CubeIDE.app/Contents/Eclipse/plugins/com.st.stm32cube.ide.mcu.externaltools.gnu-tools-for-stm32.10.3-2021.10.macos64_1.0.100.202210260954/tools/bin/../lib/gcc/arm-none-eabi/10.3.1/../../../../arm-none-eabi/lib/thumb/v7e-m+fp/hard/libc_nano.a(lib_a-strlen.o)
 .ARM.attributes
                0x0000000000000586       0x34 /Applications/STM32CubeIDE.app/Contents/Eclipse/plugins/com.st.stm32cube.ide.mcu.externaltools.gnu-tools-for-stm32.10.3-2021.10.macos64_1.0.100.202210260954/tools/bin/../lib/gcc/arm-none-eabi/10.3.1/../../../../arm-none-eabi/lib/thumb/v7e-m+fp/hard/libc_nano.a(lib_a-utoa.o)
 .ARM.attributes
                0x00000000000005ba       0x1e /Applications/STM32CubeIDE.app/Contents/Eclipse/plugins/com.st.stm32cube.ide.mcu.externaltools.gnu-tools-for-stm32.10.3-2021.10.macos64_1.0.100.202210260954/tools/bin/../lib/gcc/arm-none-eabi/10.3.1/thumb/v7e-m+fp/hard/libgcc.a(_aeabi_uldivmod.o)
 .ARM.attributes
                0x00000000000005d8       0x34 /Applications/STM32CubeIDE.app/Contents/Eclipse/plugins/com.st.stm32cube.ide.mcu.externaltools.gnu-tools-for-stm32.10.3-2021.10.macos64_1.0.100.202210260954/tools/bin/../lib/gcc/arm-none-eabi/10.3.1/thumb/v7e-m+fp/hard/libgcc.a(_udivmoddi4.o)
 .ARM.attributes
                0x000000000000060c       0x1e /Applications/STM32CubeIDE.app/Contents/Eclipse/plugins/com.st.stm32cube.ide.mcu.externaltools.gnu-tools-for-stm32.10.3-2021.10.macos64_1.0.100.202210260954/tools/bin/../lib/gcc/arm-none-eabi/10.3.1/thumb/v7e-m+fp/hard/libgcc.a(_dvmd_tls.o)
 .ARM.attributes
                0x000000000000062a       0x1e /Applications/STM32CubeIDE.app/Contents/Eclipse/plugins/com.st.stm32cube.ide.mcu.externaltools.gnu-tools-for-stm32.10.3-2021.10.macos64_1.0.100.202210260954/tools/bin/../lib/gcc/arm-none-eabi/10.3.1/thumb/v7e-m+fp/hard/crtn.o
OUTPUT(IRLM.elf elf32-littlearm)
LOAD linker stubs
LOAD /Applications/STM32CubeIDE.app/Contents/Eclipse/plugins/com.st.stm32cube.ide.mcu.externaltools.gnu-tools-for-stm32.10.3-2021.10.macos64_1.0.100.202210260954/tools/bin/../lib/gcc/arm-none-eabi/10.3.1/../../../../arm-none-eabi/lib/thumb/v7e-m+fp/hard/libc.a
LOAD /Applications/STM32CubeIDE.app/Contents/Eclipse/plugins/com.st.stm32cube.ide.mcu.externaltools.gnu-tools-for-stm32.10.3-2021.10.macos64_1.0.100.202210260954/tools/bin/../lib/gcc/arm-none-eabi/10.3.1/../../../../arm-none-eabi/lib/thumb/v7e-m+fp/hard/libm.a
LOAD /Applications/STM32CubeIDE.app/Contents/Eclipse/plugins/com.st.stm32cube.ide.mcu.externaltools.gnu-tools-for-stm32.10.3-2021.10.macos64_1.0.100.202210260954/tools/bin/../lib/gcc/arm-none-eabi/10.3.1/thumb/v7e-m+fp/hard/libgcc.a

.debug_info     0x0000000000000000    0x16283
 .debug_info    0x0000000000000000      0x939 ./Core/Src/buttons.o
 .debug_info    0x0000000000000939      0xb31 ./Core/Src/controller.o
 .debug_info    0x000000000000146a     0x217b ./Core/Src/main.o
 .debug_info    0x00000000000035e5      0x3d9 ./Core/Src/menu.o
 .debug_info    0x00000000000039be      0xfb3 ./Core/Src/ssd1306.o
 .debug_info    0x0000000000004971     0x1a20 ./Core/Src/stm32f4xx_hal_msp.o
 .debug_info    0x0000000000006391      0xa8c ./Core/Src/stm32f4xx_it.o
 .debug_info    0x0000000000006e1d      0x54f ./Core/Src/system_stm32f4xx.o
 .debug_info    0x000000000000736c       0x22 ./Core/Startup/startup_stm32f401retx.o
 .debug_info    0x000000000000738e      0x906 ./Drivers/STM32F4xx_HAL_Driver/Src/stm32f4xx_hal.o
 .debug_info    0x0000000000007c94      0xd68 ./Drivers/STM32F4xx_HAL_Driver/Src/stm32f4xx_hal_adc.o
 .debug_info    0x00000000000089fc      0xd85 ./Drivers/STM32F4xx_HAL_Driver/Src/stm32f4xx_hal_cortex.o
 .debug_info    0x0000000000009781      0x947 ./Drivers/STM32F4xx_HAL_Driver/Src/stm32f4xx_hal_dma.o
 .debug_info    0x000000000000a0c8      0x78e ./Drivers/STM32F4xx_HAL_Driver/Src/stm32f4xx_hal_gpio.o
 .debug_info    0x000000000000a856     0x260f ./Drivers/STM32F4xx_HAL_Driver/Src/stm32f4xx_hal_i2c.o
 .debug_info    0x000000000000ce65      0x98c ./Drivers/STM32F4xx_HAL_Driver/Src/stm32f4xx_hal_rcc.o
 .debug_info    0x000000000000d7f1     0x1750 ./Drivers/STM32F4xx_HAL_Driver/Src/stm32f4xx_hal_spi.o
 .debug_info    0x000000000000ef41     0x2bb6 ./Drivers/STM32F4xx_HAL_Driver/Src/stm32f4xx_hal_tim.o
 .debug_info    0x0000000000011af7     0x15d8 ./Drivers/STM32F4xx_HAL_Driver/Src/stm32f4xx_hal_tim_ex.o
 .debug_info    0x00000000000130cf     0x31b4 ./Drivers/STM32F4xx_HAL_Driver/Src/stm32f4xx_hal_uart.o

.debug_abbrev   0x0000000000000000     0x2c3f
 .debug_abbrev  0x0000000000000000      0x21a ./Core/Src/buttons.o
 .debug_abbrev  0x000000000000021a      0x239 ./Core/Src/controller.o
 .debug_abbrev  0x0000000000000453      0x3e3 ./Core/Src/main.o
 .debug_abbrev  0x0000000000000836      0x1b7 ./Core/Src/menu.o
 .debug_abbrev  0x00000000000009ed      0x259 ./Core/Src/ssd1306.o
 .debug_abbrev  0x0000000000000c46      0x226 ./Core/Src/stm32f4xx_hal_msp.o
 .debug_abbrev  0x0000000000000e6c      0x1cb ./Core/Src/stm32f4xx_it.o
 .debug_abbrev  0x0000000000001037      0x116 ./Core/Src/system_stm32f4xx.o
 .debug_abbrev  0x000000000000114d       0x12 ./Core/Startup/startup_stm32f401retx.o
 .debug_abbrev  0x000000000000115f      0x23e ./Drivers/STM32F4xx_HAL_Driver/Src/stm32f4xx_hal.o
 .debug_abbrev  0x000000000000139d      0x204 ./Drivers/STM32F4xx_HAL_Driver/Src/stm32f4xx_hal_adc.o
 .debug_abbrev  0x00000000000015a1      0x316 ./Drivers/STM32F4xx_HAL_Driver/Src/stm32f4xx_hal_cortex.o
 .debug_abbrev  0x00000000000018b7      0x21b ./Drivers/STM32F4xx_HAL_Driver/Src/stm32f4xx_hal_dma.o
 .debug_abbrev  0x0000000000001ad2      0x1c4 ./Drivers/STM32F4xx_HAL_Driver/Src/stm32f4xx_hal_gpio.o
 .debug_abbrev  0x0000000000001c96      0x2a8 ./Drivers/STM32F4xx_HAL_Driver/Src/stm32f4xx_hal_i2c.o
 .debug_abbrev  0x0000000000001f3e      0x2aa ./Drivers/STM32F4xx_HAL_Driver/Src/stm32f4xx_hal_rcc.o
 .debug_abbrev  0x00000000000021e8      0x26e ./Drivers/STM32F4xx_HAL_Driver/Src/stm32f4xx_hal_spi.o
 .debug_abbrev  0x0000000000002456      0x26e ./Drivers/STM32F4xx_HAL_Driver/Src/stm32f4xx_hal_tim.o
 .debug_abbrev  0x00000000000026c4      0x276 ./Drivers/STM32F4xx_HAL_Driver/Src/stm32f4xx_hal_tim_ex.o
 .debug_abbrev  0x000000000000293a      0x305 ./Drivers/STM32F4xx_HAL_Driver/Src/stm32f4xx_hal_uart.o

.debug_aranges  0x0000000000000000     0x13a0
 .debug_aranges
                0x0000000000000000       0x68 ./Core/Src/buttons.o
 .debug_aranges
                0x0000000000000068       0x88 ./Core/Src/controller.o
 .debug_aranges
                0x00000000000000f0       0xa8 ./Core/Src/main.o
 .debug_aranges
                0x0000000000000198       0x28 ./Core/Src/menu.o
 .debug_aranges
                0x00000000000001c0       0x88 ./Core/Src/ssd1306.o
 .debug_aranges
                0x0000000000000248       0x88 ./Core/Src/stm32f4xx_hal_msp.o
 .debug_aranges
                0x00000000000002d0       0x78 ./Core/Src/stm32f4xx_it.o
 .debug_aranges
                0x0000000000000348       0x28 ./Core/Src/system_stm32f4xx.o
 .debug_aranges
                0x0000000000000370       0x28 ./Core/Startup/startup_stm32f401retx.o
 .debug_aranges
                0x0000000000000398       0xf0 ./Drivers/STM32F4xx_HAL_Driver/Src/stm32f4xx_hal.o
 .debug_aranges
                0x0000000000000488       0xe8 ./Drivers/STM32F4xx_HAL_Driver/Src/stm32f4xx_hal_adc.o
 .debug_aranges
                0x0000000000000570      0x118 ./Drivers/STM32F4xx_HAL_Driver/Src/stm32f4xx_hal_cortex.o
 .debug_aranges
                0x0000000000000688       0x90 ./Drivers/STM32F4xx_HAL_Driver/Src/stm32f4xx_hal_dma.o
 .debug_aranges
                0x0000000000000718       0x58 ./Drivers/STM32F4xx_HAL_Driver/Src/stm32f4xx_hal_gpio.o
 .debug_aranges
                0x0000000000000770      0x2a0 ./Drivers/STM32F4xx_HAL_Driver/Src/stm32f4xx_hal_i2c.o
 .debug_aranges
                0x0000000000000a10       0x88 ./Drivers/STM32F4xx_HAL_Driver/Src/stm32f4xx_hal_rcc.o
 .debug_aranges
                0x0000000000000a98      0x1d0 ./Drivers/STM32F4xx_HAL_Driver/Src/stm32f4xx_hal_spi.o
 .debug_aranges
                0x0000000000000c68      0x3d0 ./Drivers/STM32F4xx_HAL_Driver/Src/stm32f4xx_hal_tim.o
 .debug_aranges
                0x0000000000001038      0x168 ./Drivers/STM32F4xx_HAL_Driver/Src/stm32f4xx_hal_tim_ex.o
 .debug_aranges
                0x00000000000011a0      0x200 ./Drivers/STM32F4xx_HAL_Driver/Src/stm32f4xx_hal_uart.o

.debug_ranges   0x0000000000000000     0x12d0
 .debug_ranges  0x0000000000000000       0x58 ./Core/Src/buttons.o
 .debug_ranges  0x0000000000000058       0x78 ./Core/Src/controller.o
 .debug_ranges  0x00000000000000d0       0xb8 ./Core/Src/main.o
 .debug_ranges  0x0000000000000188       0x18 ./Core/Src/menu.o
 .debug_ranges  0x00000000000001a0       0x78 ./Core/Src/ssd1306.o
 .debug_ranges  0x0000000000000218       0x78 ./Core/Src/stm32f4xx_hal_msp.o
 .debug_ranges  0x0000000000000290       0x68 ./Core/Src/stm32f4xx_it.o
 .debug_ranges  0x00000000000002f8       0x18 ./Core/Src/system_stm32f4xx.o
 .debug_ranges  0x0000000000000310       0x20 ./Core/Startup/startup_stm32f401retx.o
 .debug_ranges  0x0000000000000330       0xe0 ./Drivers/STM32F4xx_HAL_Driver/Src/stm32f4xx_hal.o
 .debug_ranges  0x0000000000000410       0xd8 ./Drivers/STM32F4xx_HAL_Driver/Src/stm32f4xx_hal_adc.o
 .debug_ranges  0x00000000000004e8      0x108 ./Drivers/STM32F4xx_HAL_Driver/Src/stm32f4xx_hal_cortex.o
 .debug_ranges  0x00000000000005f0       0x80 ./Drivers/STM32F4xx_HAL_Driver/Src/stm32f4xx_hal_dma.o
 .debug_ranges  0x0000000000000670       0x48 ./Drivers/STM32F4xx_HAL_Driver/Src/stm32f4xx_hal_gpio.o
 .debug_ranges  0x00000000000006b8      0x2a8 ./Drivers/STM32F4xx_HAL_Driver/Src/stm32f4xx_hal_i2c.o
 .debug_ranges  0x0000000000000960       0x78 ./Drivers/STM32F4xx_HAL_Driver/Src/stm32f4xx_hal_rcc.o
 .debug_ranges  0x00000000000009d8      0x1c0 ./Drivers/STM32F4xx_HAL_Driver/Src/stm32f4xx_hal_spi.o
 .debug_ranges  0x0000000000000b98      0x3c0 ./Drivers/STM32F4xx_HAL_Driver/Src/stm32f4xx_hal_tim.o
 .debug_ranges  0x0000000000000f58      0x158 ./Drivers/STM32F4xx_HAL_Driver/Src/stm32f4xx_hal_tim_ex.o
 .debug_ranges  0x00000000000010b0      0x220 ./Drivers/STM32F4xx_HAL_Driver/Src/stm32f4xx_hal_uart.o

.debug_macro    0x0000000000000000    0x18cbc
 .debug_macro   0x0000000000000000      0x228 ./Core/Src/buttons.o
 .debug_macro   0x0000000000000228      0xa78 ./Core/Src/buttons.o
 .debug_macro   0x0000000000000ca0       0x22 ./Core/Src/buttons.o
 .debug_macro   0x0000000000000cc2       0x8e ./Core/Src/buttons.o
 .debug_macro   0x0000000000000d50       0x51 ./Core/Src/buttons.o
 .debug_macro   0x0000000000000da1      0x103 ./Core/Src/buttons.o
 .debug_macro   0x0000000000000ea4       0x6a ./Core/Src/buttons.o
 .debug_macro   0x0000000000000f0e      0x1df ./Core/Src/buttons.o
 .debug_macro   0x00000000000010ed      0x2ad ./Core/Src/buttons.o
 .debug_macro   0x000000000000139a       0x2e ./Core/Src/buttons.o
 .debug_macro   0x00000000000013c8       0x28 ./Core/Src/buttons.o
 .debug_macro   0x00000000000013f0       0x1c ./Core/Src/buttons.o
 .debug_macro   0x000000000000140c       0x22 ./Core/Src/buttons.o
 .debug_macro   0x000000000000142e       0xd9 ./Core/Src/buttons.o
 .debug_macro   0x0000000000001507     0x102d ./Core/Src/buttons.o
 .debug_macro   0x0000000000002534      0x11f ./Core/Src/buttons.o
 .debug_macro   0x0000000000002653     0xb86c ./Core/Src/buttons.o
 .debug_macro   0x000000000000debf       0x6d ./Core/Src/buttons.o
 .debug_macro   0x000000000000df2c     0x367e ./Core/Src/buttons.o
 .debug_macro   0x00000000000115aa      0x174 ./Core/Src/buttons.o
 .debug_macro   0x000000000001171e       0x5c ./Core/Src/buttons.o
 .debug_macro   0x000000000001177a      0x416 ./Core/Src/buttons.o
 .debug_macro   0x0000000000011b90      0x9fe ./Core/Src/buttons.o
 .debug_macro   0x000000000001258e      0x115 ./Core/Src/buttons.o
 .debug_macro   0x00000000000126a3       0xf8 ./Core/Src/buttons.o
 .debug_macro   0x000000000001279b       0xa5 ./Core/Src/buttons.o
 .debug_macro   0x0000000000012840      0x15f ./Core/Src/buttons.o
 .debug_macro   0x000000000001299f      0x287 ./Core/Src/buttons.o
 .debug_macro   0x0000000000012c26       0x5f ./Core/Src/buttons.o
 .debug_macro   0x0000000000012c85      0x236 ./Core/Src/buttons.o
 .debug_macro   0x0000000000012ebb      0x9e1 ./Core/Src/buttons.o
 .debug_macro   0x000000000001389c      0x38b ./Core/Src/buttons.o
 .debug_macro   0x0000000000013c27      0x176 ./Core/Src/buttons.o
 .debug_macro   0x0000000000013d9d       0xf9 ./Core/Src/buttons.o
 .debug_macro   0x0000000000013e96      0x132 ./Core/Src/buttons.o
 .debug_macro   0x0000000000013fc8      0x264 ./Core/Src/buttons.o
 .debug_macro   0x000000000001422c       0x2e ./Core/Src/buttons.o
 .debug_macro   0x000000000001425a      0x1b5 ./Core/Src/buttons.o
 .debug_macro   0x000000000001440f       0x22 ./Core/Src/buttons.o
 .debug_macro   0x0000000000014431       0xd6 ./Core/Src/buttons.o
 .debug_macro   0x0000000000014507      0x11a ./Core/Src/buttons.o
 .debug_macro   0x0000000000014621       0x85 ./Core/Src/buttons.o
 .debug_macro   0x00000000000146a6       0x89 ./Core/Src/buttons.o
 .debug_macro   0x000000000001472f      0x225 ./Core/Src/buttons.o
 .debug_macro   0x0000000000014954      0x8e6 ./Core/Src/buttons.o
 .debug_macro   0x000000000001523a       0x47 ./Core/Src/buttons.o
 .debug_macro   0x0000000000015281      0x295 ./Core/Src/buttons.o
 .debug_macro   0x0000000000015516      0x126 ./Core/Src/buttons.o
 .debug_macro   0x000000000001563c       0x94 ./Core/Src/buttons.o
 .debug_macro   0x00000000000156d0      0x33e ./Core/Src/controller.o
 .debug_macro   0x0000000000015a0e       0x52 ./Core/Src/controller.o
 .debug_macro   0x0000000000015a60       0x1e ./Core/Src/controller.o
 .debug_macro   0x0000000000015a7e       0x3c ./Core/Src/controller.o
 .debug_macro   0x0000000000015aba       0x34 ./Core/Src/controller.o
 .debug_macro   0x0000000000015aee       0x16 ./Core/Src/controller.o
 .debug_macro   0x0000000000015b04       0x43 ./Core/Src/controller.o
 .debug_macro   0x0000000000015b47       0x34 ./Core/Src/controller.o
 .debug_macro   0x0000000000015b7b       0x10 ./Core/Src/controller.o
 .debug_macro   0x0000000000015b8b       0x58 ./Core/Src/controller.o
 .debug_macro   0x0000000000015be3       0x71 ./Core/Src/controller.o
 .debug_macro   0x0000000000015c54       0x1c ./Core/Src/controller.o
 .debug_macro   0x0000000000015c70      0x12a ./Core/Src/controller.o
 .debug_macro   0x0000000000015d9a      0x341 ./Core/Src/controller.o
 .debug_macro   0x00000000000160db       0x10 ./Core/Src/controller.o
 .debug_macro   0x00000000000160eb       0x35 ./Core/Src/controller.o
 .debug_macro   0x0000000000016120       0x20 ./Core/Src/controller.o
 .debug_macro   0x0000000000016140       0x16 ./Core/Src/controller.o
 .debug_macro   0x0000000000016156       0x16 ./Core/Src/controller.o
 .debug_macro   0x000000000001616c       0x29 ./Core/Src/controller.o
 .debug_macro   0x0000000000016195       0x88 ./Core/Src/controller.o
 .debug_macro   0x000000000001621d      0x383 ./Core/Src/main.o
 .debug_macro   0x00000000000165a0       0x1c ./Core/Src/main.o
 .debug_macro   0x00000000000165bc       0x9a ./Core/Src/main.o
 .debug_macro   0x0000000000016656       0x16 ./Core/Src/main.o
 .debug_macro   0x000000000001666c      0x34e ./Core/Src/menu.o
 .debug_macro   0x00000000000169ba       0x4c ./Core/Src/menu.o
 .debug_macro   0x0000000000016a06       0x94 ./Core/Src/menu.o
 .debug_macro   0x0000000000016a9a       0x57 ./Core/Src/menu.o
 .debug_macro   0x0000000000016af1       0x56 ./Core/Src/menu.o
 .debug_macro   0x0000000000016b47      0x306 ./Core/Src/ssd1306.o
 .debug_macro   0x0000000000016e4d      0x228 ./Core/Src/stm32f4xx_hal_msp.o
 .debug_macro   0x0000000000017075      0x232 ./Core/Src/stm32f4xx_it.o
 .debug_macro   0x00000000000172a7      0x219 ./Core/Src/system_stm32f4xx.o
 .debug_macro   0x00000000000174c0      0x279 ./Drivers/STM32F4xx_HAL_Driver/Src/stm32f4xx_hal.o
 .debug_macro   0x0000000000017739      0x21a ./Drivers/STM32F4xx_HAL_Driver/Src/stm32f4xx_hal_adc.o
 .debug_macro   0x0000000000017953      0x219 ./Drivers/STM32F4xx_HAL_Driver/Src/stm32f4xx_hal_cortex.o
 .debug_macro   0x0000000000017b6c      0x21f ./Drivers/STM32F4xx_HAL_Driver/Src/stm32f4xx_hal_dma.o
 .debug_macro   0x0000000000017d8b      0x21f ./Drivers/STM32F4xx_HAL_Driver/Src/stm32f4xx_hal_gpio.o
 .debug_macro   0x0000000000017faa      0x260 ./Drivers/STM32F4xx_HAL_Driver/Src/stm32f4xx_hal_i2c.o
 .debug_macro   0x000000000001820a      0x23d ./Drivers/STM32F4xx_HAL_Driver/Src/stm32f4xx_hal_rcc.o
 .debug_macro   0x0000000000018447      0x228 ./Drivers/STM32F4xx_HAL_Driver/Src/stm32f4xx_hal_spi.o
 .debug_macro   0x000000000001866f      0x21a ./Drivers/STM32F4xx_HAL_Driver/Src/stm32f4xx_hal_tim.o
 .debug_macro   0x0000000000018889      0x219 ./Drivers/STM32F4xx_HAL_Driver/Src/stm32f4xx_hal_tim_ex.o
 .debug_macro   0x0000000000018aa2      0x21a ./Drivers/STM32F4xx_HAL_Driver/Src/stm32f4xx_hal_uart.o

.debug_line     0x0000000000000000    0x17cc0
 .debug_line    0x0000000000000000      0x958 ./Core/Src/buttons.o
 .debug_line    0x0000000000000958      0xb96 ./Core/Src/controller.o
 .debug_line    0x00000000000014ee      0xf8f ./Core/Src/main.o
 .debug_line    0x000000000000247d      0xb9c ./Core/Src/menu.o
 .debug_line    0x0000000000003019      0xd49 ./Core/Src/ssd1306.o
 .debug_line    0x0000000000003d62      0x9fe ./Core/Src/stm32f4xx_hal_msp.o
 .debug_line    0x0000000000004760      0x8bb ./Core/Src/stm32f4xx_it.o
 .debug_line    0x000000000000501b      0x800 ./Core/Src/system_stm32f4xx.o
 .debug_line    0x000000000000581b       0x88 ./Core/Startup/startup_stm32f401retx.o
 .debug_line    0x00000000000058a3      0xa66 ./Drivers/STM32F4xx_HAL_Driver/Src/stm32f4xx_hal.o
 .debug_line    0x0000000000006309     0x1210 ./Drivers/STM32F4xx_HAL_Driver/Src/stm32f4xx_hal_adc.o
 .debug_line    0x0000000000007519      0xd15 ./Drivers/STM32F4xx_HAL_Driver/Src/stm32f4xx_hal_cortex.o
 .debug_line    0x000000000000822e      0xfca ./Drivers/STM32F4xx_HAL_Driver/Src/stm32f4xx_hal_dma.o
 .debug_line    0x00000000000091f8      0xb9e ./Drivers/STM32F4xx_HAL_Driver/Src/stm32f4xx_hal_gpio.o
 .debug_line    0x0000000000009d96     0x3a1b ./Drivers/STM32F4xx_HAL_Driver/Src/stm32f4xx_hal_i2c.o
 .debug_line    0x000000000000d7b1      0xde2 ./Drivers/STM32F4xx_HAL_Driver/Src/stm32f4xx_hal_rcc.o
 .debug_line    0x000000000000e593     0x1cf0 ./Drivers/STM32F4xx_HAL_Driver/Src/stm32f4xx_hal_spi.o
 .debug_line    0x0000000000010283     0x3534 ./Drivers/STM32F4xx_HAL_Driver/Src/stm32f4xx_hal_tim.o
 .debug_line    0x00000000000137b7     0x19fe ./Drivers/STM32F4xx_HAL_Driver/Src/stm32f4xx_hal_tim_ex.o
 .debug_line    0x00000000000151b5     0x2b0b ./Drivers/STM32F4xx_HAL_Driver/Src/stm32f4xx_hal_uart.o

.debug_str      0x0000000000000000    0x9cf3b
 .debug_str     0x0000000000000000    0x94ada ./Core/Src/buttons.o
                                      0x94dc4 (size before relaxing)
 .debug_str     0x0000000000094ada     0x35ba ./Core/Src/controller.o
                                      0x97cd2 (size before relaxing)
 .debug_str     0x0000000000098094      0xd40 ./Core/Src/main.o
                                      0x9907d (size before relaxing)
 .debug_str     0x0000000000098dd4       0x7e ./Core/Src/menu.o
                                      0x97b38 (size before relaxing)
 .debug_str     0x0000000000098e52      0x158 ./Core/Src/ssd1306.o
                                      0x97e7f (size before relaxing)
 .debug_str     0x0000000000098faa      0x523 ./Core/Src/stm32f4xx_hal_msp.o
                                      0x95796 (size before relaxing)
 .debug_str     0x00000000000994cd      0x145 ./Core/Src/stm32f4xx_it.o
                                      0x94cd6 (size before relaxing)
 .debug_str     0x0000000000099612       0xdb ./Core/Src/system_stm32f4xx.o
                                      0x945c1 (size before relaxing)
 .debug_str     0x00000000000996ed       0x36 ./Core/Startup/startup_stm32f401retx.o
                                         0x69 (size before relaxing)
 .debug_str     0x0000000000099723      0x5e6 ./Drivers/STM32F4xx_HAL_Driver/Src/stm32f4xx_hal.o
                                      0x94fe3 (size before relaxing)
 .debug_str     0x0000000000099d09      0x292 ./Drivers/STM32F4xx_HAL_Driver/Src/stm32f4xx_hal_adc.o
                                      0x94b9c (size before relaxing)
 .debug_str     0x0000000000099f9b      0x326 ./Drivers/STM32F4xx_HAL_Driver/Src/stm32f4xx_hal_cortex.o
                                      0x94d04 (size before relaxing)
 .debug_str     0x000000000009a2c1      0x2f6 ./Drivers/STM32F4xx_HAL_Driver/Src/stm32f4xx_hal_dma.o
                                      0x949c9 (size before relaxing)
 .debug_str     0x000000000009a5b7      0x110 ./Drivers/STM32F4xx_HAL_Driver/Src/stm32f4xx_hal_gpio.o
                                      0x9473c (size before relaxing)
 .debug_str     0x000000000009a6c7      0xa9e ./Drivers/STM32F4xx_HAL_Driver/Src/stm32f4xx_hal_i2c.o
                                      0x9557f (size before relaxing)
 .debug_str     0x000000000009b165      0x213 ./Drivers/STM32F4xx_HAL_Driver/Src/stm32f4xx_hal_rcc.o
                                      0x949f5 (size before relaxing)
 .debug_str     0x000000000009b378      0x541 ./Drivers/STM32F4xx_HAL_Driver/Src/stm32f4xx_hal_spi.o
                                      0x94e73 (size before relaxing)
 .debug_str     0x000000000009b8b9      0xc53 ./Drivers/STM32F4xx_HAL_Driver/Src/stm32f4xx_hal_tim.o
                                      0x95929 (size before relaxing)
 .debug_str     0x000000000009c50c      0x493 ./Drivers/STM32F4xx_HAL_Driver/Src/stm32f4xx_hal_tim_ex.o
                                      0x95145 (size before relaxing)
 .debug_str     0x000000000009c99f      0x59c ./Drivers/STM32F4xx_HAL_Driver/Src/stm32f4xx_hal_uart.o
                                      0x94f82 (size before relaxing)

.comment        0x0000000000000000       0x50
 .comment       0x0000000000000000       0x50 ./Core/Src/buttons.o
                                         0x51 (size before relaxing)
 .comment       0x0000000000000050       0x51 ./Core/Src/controller.o
 .comment       0x0000000000000050       0x51 ./Core/Src/main.o
 .comment       0x0000000000000050       0x51 ./Core/Src/menu.o
 .comment       0x0000000000000050       0x51 ./Core/Src/ssd1306.o
 .comment       0x0000000000000050       0x51 ./Core/Src/stm32f4xx_hal_msp.o
 .comment       0x0000000000000050       0x51 ./Core/Src/stm32f4xx_it.o
 .comment       0x0000000000000050       0x51 ./Core/Src/system_stm32f4xx.o
 .comment       0x0000000000000050       0x51 ./Drivers/STM32F4xx_HAL_Driver/Src/stm32f4xx_hal.o
 .comment       0x0000000000000050       0x51 ./Drivers/STM32F4xx_HAL_Driver/Src/stm32f4xx_hal_adc.o
 .comment       0x0000000000000050       0x51 ./Drivers/STM32F4xx_HAL_Driver/Src/stm32f4xx_hal_cortex.o
 .comment       0x0000000000000050       0x51 ./Drivers/STM32F4xx_HAL_Driver/Src/stm32f4xx_hal_dma.o
 .comment       0x0000000000000050       0x51 ./Drivers/STM32F4xx_HAL_Driver/Src/stm32f4xx_hal_gpio.o
 .comment       0x0000000000000050       0x51 ./Drivers/STM32F4xx_HAL_Driver/Src/stm32f4xx_hal_i2c.o
 .comment       0x0000000000000050       0x51 ./Drivers/STM32F4xx_HAL_Driver/Src/stm32f4xx_hal_rcc.o
 .comment       0x0000000000000050       0x51 ./Drivers/STM32F4xx_HAL_Driver/Src/stm32f4xx_hal_spi.o
 .comment       0x0000000000000050       0x51 ./Drivers/STM32F4xx_HAL_Driver/Src/stm32f4xx_hal_tim.o
 .comment       0x0000000000000050       0x51 ./Drivers/STM32F4xx_HAL_Driver/Src/stm32f4xx_hal_tim_ex.o
 .comment       0x0000000000000050       0x51 ./Drivers/STM32F4xx_HAL_Driver/Src/stm32f4xx_hal_uart.o

.debug_frame    0x0000000000000000     0x54f8
 .debug_frame   0x0000000000000000      0x174 ./Core/Src/buttons.o
 .debug_frame   0x0000000000000174      0x20c ./Core/Src/controller.o
 .debug_frame   0x0000000000000380      0x274 ./Core/Src/main.o
 .debug_frame   0x00000000000005f4       0x5c ./Core/Src/menu.o
 .debug_frame   0x0000000000000650      0x21c ./Core/Src/ssd1306.o
 .debug_frame   0x000000000000086c      0x210 ./Core/Src/stm32f4xx_hal_msp.o
 .debug_frame   0x0000000000000a7c      0x158 ./Core/Src/stm32f4xx_it.o
 .debug_frame   0x0000000000000bd4       0x58 ./Core/Src/system_stm32f4xx.o
 .debug_frame   0x0000000000000c2c      0x374 ./Drivers/STM32F4xx_HAL_Driver/Src/stm32f4xx_hal.o
 .debug_frame   0x0000000000000fa0      0x3fc ./Drivers/STM32F4xx_HAL_Driver/Src/stm32f4xx_hal_adc.o
 .debug_frame   0x000000000000139c      0x498 ./Drivers/STM32F4xx_HAL_Driver/Src/stm32f4xx_hal_cortex.o
 .debug_frame   0x0000000000001834      0x250 ./Drivers/STM32F4xx_HAL_Driver/Src/stm32f4xx_hal_dma.o
 .debug_frame   0x0000000000001a84      0x14c ./Drivers/STM32F4xx_HAL_Driver/Src/stm32f4xx_hal_gpio.o
 .debug_frame   0x0000000000001bd0      0xc5c ./Drivers/STM32F4xx_HAL_Driver/Src/stm32f4xx_hal_i2c.o
 .debug_frame   0x000000000000282c      0x1f4 ./Drivers/STM32F4xx_HAL_Driver/Src/stm32f4xx_hal_rcc.o
 .debug_frame   0x0000000000002a20      0x824 ./Drivers/STM32F4xx_HAL_Driver/Src/stm32f4xx_hal_spi.o
 .debug_frame   0x0000000000003244     0x11bc ./Drivers/STM32F4xx_HAL_Driver/Src/stm32f4xx_hal_tim.o
 .debug_frame   0x0000000000004400      0x638 ./Drivers/STM32F4xx_HAL_Driver/Src/stm32f4xx_hal_tim_ex.o
 .debug_frame   0x0000000000004a38      0x92c ./Drivers/STM32F4xx_HAL_Driver/Src/stm32f4xx_hal_uart.o
 .debug_frame   0x0000000000005364       0x2c /Applications/STM32CubeIDE.app/Contents/Eclipse/plugins/com.st.stm32cube.ide.mcu.externaltools.gnu-tools-for-stm32.10.3-2021.10.macos64_1.0.100.202210260954/tools/bin/../lib/gcc/arm-none-eabi/10.3.1/../../../../arm-none-eabi/lib/thumb/v7e-m+fp/hard/libc_nano.a(lib_a-init.o)
 .debug_frame   0x0000000000005390       0x38 /Applications/STM32CubeIDE.app/Contents/Eclipse/plugins/com.st.stm32cube.ide.mcu.externaltools.gnu-tools-for-stm32.10.3-2021.10.macos64_1.0.100.202210260954/tools/bin/../lib/gcc/arm-none-eabi/10.3.1/../../../../arm-none-eabi/lib/thumb/v7e-m+fp/hard/libc_nano.a(lib_a-itoa.o)
 .debug_frame   0x00000000000053c8       0x20 /Applications/STM32CubeIDE.app/Contents/Eclipse/plugins/com.st.stm32cube.ide.mcu.externaltools.gnu-tools-for-stm32.10.3-2021.10.macos64_1.0.100.202210260954/tools/bin/../lib/gcc/arm-none-eabi/10.3.1/../../../../arm-none-eabi/lib/thumb/v7e-m+fp/hard/libc_nano.a(lib_a-memset.o)
 .debug_frame   0x00000000000053e8       0x28 /Applications/STM32CubeIDE.app/Contents/Eclipse/plugins/com.st.stm32cube.ide.mcu.externaltools.gnu-tools-for-stm32.10.3-2021.10.macos64_1.0.100.202210260954/tools/bin/../lib/gcc/arm-none-eabi/10.3.1/../../../../arm-none-eabi/lib/thumb/v7e-m+fp/hard/libc_nano.a(lib_a-strcat.o)
 .debug_frame   0x0000000000005410       0x20 /Applications/STM32CubeIDE.app/Contents/Eclipse/plugins/com.st.stm32cube.ide.mcu.externaltools.gnu-tools-for-stm32.10.3-2021.10.macos64_1.0.100.202210260954/tools/bin/../lib/gcc/arm-none-eabi/10.3.1/../../../../arm-none-eabi/lib/thumb/v7e-m+fp/hard/libc_nano.a(lib_a-strcmp.o)
 .debug_frame   0x0000000000005430       0x20 /Applications/STM32CubeIDE.app/Contents/Eclipse/plugins/com.st.stm32cube.ide.mcu.externaltools.gnu-tools-for-stm32.10.3-2021.10.macos64_1.0.100.202210260954/tools/bin/../lib/gcc/arm-none-eabi/10.3.1/../../../../arm-none-eabi/lib/thumb/v7e-m+fp/hard/libc_nano.a(lib_a-strcpy.o)
 .debug_frame   0x0000000000005450       0x48 /Applications/STM32CubeIDE.app/Contents/Eclipse/plugins/com.st.stm32cube.ide.mcu.externaltools.gnu-tools-for-stm32.10.3-2021.10.macos64_1.0.100.202210260954/tools/bin/../lib/gcc/arm-none-eabi/10.3.1/../../../../arm-none-eabi/lib/thumb/v7e-m+fp/hard/libc_nano.a(lib_a-utoa.o)
 .debug_frame   0x0000000000005498       0x2c /Applications/STM32CubeIDE.app/Contents/Eclipse/plugins/com.st.stm32cube.ide.mcu.externaltools.gnu-tools-for-stm32.10.3-2021.10.macos64_1.0.100.202210260954/tools/bin/../lib/gcc/arm-none-eabi/10.3.1/thumb/v7e-m+fp/hard/libgcc.a(_aeabi_uldivmod.o)
 .debug_frame   0x00000000000054c4       0x34 /Applications/STM32CubeIDE.app/Contents/Eclipse/plugins/com.st.stm32cube.ide.mcu.externaltools.gnu-tools-for-stm32.10.3-2021.10.macos64_1.0.100.202210260954/tools/bin/../lib/gcc/arm-none-eabi/10.3.1/thumb/v7e-m+fp/hard/libgcc.a(_udivmoddi4.o)
