Archive member included to satisfy reference by file (symbol)

/Applications/STM32CubeIDE.app/Contents/Eclipse/plugins/com.st.stm32cube.ide.mcu.externaltools.gnu-tools-for-stm32.10.3-2021.10.macos64_1.0.100.202210260954/tools/bin/../lib/gcc/arm-none-eabi/10.3.1/../../../../arm-none-eabi/lib/thumb/v7e-m+fp/hard/libc_nano.a(lib_a-errno.o)
                              ./Core/Src/syscalls.o (__errno)
/Applications/STM32CubeIDE.app/Contents/Eclipse/plugins/com.st.stm32cube.ide.mcu.externaltools.gnu-tools-for-stm32.10.3-2021.10.macos64_1.0.100.202210260954/tools/bin/../lib/gcc/arm-none-eabi/10.3.1/../../../../arm-none-eabi/lib/thumb/v7e-m+fp/hard/libc_nano.a(lib_a-exit.o)
                              /Applications/STM32CubeIDE.app/Contents/Eclipse/plugins/com.st.stm32cube.ide.mcu.externaltools.gnu-tools-for-stm32.10.3-2021.10.macos64_1.0.100.202210260954/tools/bin/../lib/gcc/arm-none-eabi/10.3.1/../../../../arm-none-eabi/lib/thumb/v7e-m+fp/hard/crt0.o (exit)
/Applications/STM32CubeIDE.app/Contents/Eclipse/plugins/com.st.stm32cube.ide.mcu.externaltools.gnu-tools-for-stm32.10.3-2021.10.macos64_1.0.100.202210260954/tools/bin/../lib/gcc/arm-none-eabi/10.3.1/../../../../arm-none-eabi/lib/thumb/v7e-m+fp/hard/libc_nano.a(lib_a-impure.o)
                              /Applications/STM32CubeIDE.app/Contents/Eclipse/plugins/com.st.stm32cube.ide.mcu.externaltools.gnu-tools-for-stm32.10.3-2021.10.macos64_1.0.100.202210260954/tools/bin/../lib/gcc/arm-none-eabi/10.3.1/../../../../arm-none-eabi/lib/thumb/v7e-m+fp/hard/libc_nano.a(lib_a-exit.o) (_global_impure_ptr)
/Applications/STM32CubeIDE.app/Contents/Eclipse/plugins/com.st.stm32cube.ide.mcu.externaltools.gnu-tools-for-stm32.10.3-2021.10.macos64_1.0.100.202210260954/tools/bin/../lib/gcc/arm-none-eabi/10.3.1/../../../../arm-none-eabi/lib/thumb/v7e-m+fp/hard/libc_nano.a(lib_a-init.o)
                              /Applications/STM32CubeIDE.app/Contents/Eclipse/plugins/com.st.stm32cube.ide.mcu.externaltools.gnu-tools-for-stm32.10.3-2021.10.macos64_1.0.100.202210260954/tools/bin/../lib/gcc/arm-none-eabi/10.3.1/../../../../arm-none-eabi/lib/thumb/v7e-m+fp/hard/crt0.o (__libc_init_array)
/Applications/STM32CubeIDE.app/Contents/Eclipse/plugins/com.st.stm32cube.ide.mcu.externaltools.gnu-tools-for-stm32.10.3-2021.10.macos64_1.0.100.202210260954/tools/bin/../lib/gcc/arm-none-eabi/10.3.1/../../../../arm-none-eabi/lib/thumb/v7e-m+fp/hard/libc_nano.a(lib_a-itoa.o)
                              ./Core/Src/controller.o (itoa)
/Applications/STM32CubeIDE.app/Contents/Eclipse/plugins/com.st.stm32cube.ide.mcu.externaltools.gnu-tools-for-stm32.10.3-2021.10.macos64_1.0.100.202210260954/tools/bin/../lib/gcc/arm-none-eabi/10.3.1/../../../../arm-none-eabi/lib/thumb/v7e-m+fp/hard/libc_nano.a(lib_a-memcpy-stub.o)
                              ./Core/Src/controller.o (memcpy)
/Applications/STM32CubeIDE.app/Contents/Eclipse/plugins/com.st.stm32cube.ide.mcu.externaltools.gnu-tools-for-stm32.10.3-2021.10.macos64_1.0.100.202210260954/tools/bin/../lib/gcc/arm-none-eabi/10.3.1/../../../../arm-none-eabi/lib/thumb/v7e-m+fp/hard/libc_nano.a(lib_a-memset.o)
                              /Applications/STM32CubeIDE.app/Contents/Eclipse/plugins/com.st.stm32cube.ide.mcu.externaltools.gnu-tools-for-stm32.10.3-2021.10.macos64_1.0.100.202210260954/tools/bin/../lib/gcc/arm-none-eabi/10.3.1/../../../../arm-none-eabi/lib/thumb/v7e-m+fp/hard/crt0.o (memset)
/Applications/STM32CubeIDE.app/Contents/Eclipse/plugins/com.st.stm32cube.ide.mcu.externaltools.gnu-tools-for-stm32.10.3-2021.10.macos64_1.0.100.202210260954/tools/bin/../lib/gcc/arm-none-eabi/10.3.1/../../../../arm-none-eabi/lib/thumb/v7e-m+fp/hard/libc_nano.a(lib_a-strcat.o)
                              ./Core/Src/controller.o (strcat)
/Applications/STM32CubeIDE.app/Contents/Eclipse/plugins/com.st.stm32cube.ide.mcu.externaltools.gnu-tools-for-stm32.10.3-2021.10.macos64_1.0.100.202210260954/tools/bin/../lib/gcc/arm-none-eabi/10.3.1/../../../../arm-none-eabi/lib/thumb/v7e-m+fp/hard/libc_nano.a(lib_a-strcmp.o)
                              ./Core/Src/main.o (strcmp)
/Applications/STM32CubeIDE.app/Contents/Eclipse/plugins/com.st.stm32cube.ide.mcu.externaltools.gnu-tools-for-stm32.10.3-2021.10.macos64_1.0.100.202210260954/tools/bin/../lib/gcc/arm-none-eabi/10.3.1/../../../../arm-none-eabi/lib/thumb/v7e-m+fp/hard/libc_nano.a(lib_a-strcpy.o)
                              ./Core/Src/controller.o (strcpy)
/Applications/STM32CubeIDE.app/Contents/Eclipse/plugins/com.st.stm32cube.ide.mcu.externaltools.gnu-tools-for-stm32.10.3-2021.10.macos64_1.0.100.202210260954/tools/bin/../lib/gcc/arm-none-eabi/10.3.1/../../../../arm-none-eabi/lib/thumb/v7e-m+fp/hard/libc_nano.a(lib_a-strlen.o)
                              ./Core/Src/controller.o (strlen)
[...]
Memory Configuration

Name             Origin             Length             Attributes
RAM              0x0000000020000000 0x0000000000018000 xrw
FLASH            0x0000000008000000 0x0000000000080000 xr
*default*        0x0000000000000000 0xffffffffffffffff

Linker script and memory map

LOAD /Applications/STM32CubeIDE.app/Contents/Eclipse/plugins/com.st.stm32cube.ide.mcu.externaltools.gnu-tools-for-stm32.10.3-2021.10.macos64_1.0.100.202210260954/tools/bin/../lib/gcc/arm-none-eabi/10.3.1/thumb/v7e-m+fp/hard/crti.o
LOAD /Applications/STM32CubeIDE.app/Contents/Eclipse/plugins/com.st.stm32cube.ide.mcu.externaltools.gnu-tools-for-stm32.10.3-2021.10.macos64_1.0.100.202210260954/tools/bin/../lib/gcc/arm-none-eabi/10.3.1/thumb/v7e-m+fp/hard/crtbegin.o
LOAD /Applications/STM32CubeIDE.app/Contents/Eclipse/plugins/com.st.stm32cube.ide.mcu.externaltools.gnu-tools-for-stm32.10.3-2021.10.macos64_1.0.100.202210260954/tools/bin/../lib/gcc/arm-none-eabi/10.3.1/../../../../arm-none-eabi/lib/thumb/v7e-m+fp/hard/crt0.o
LOAD ./Core/Src/buttons.o
LOAD ./Core/Src/controller.o
LOAD ./Core/Src/main.o
LOAD ./Core/Src/menu.o
LOAD ./Core/Src/ssd1306.o
LOAD ./Core/Src/stm32f4xx_hal_msp.o
LOAD ./Core/Src/stm32f4xx_it.o
LOAD ./Core/Src/syscalls.o
LOAD ./Core/Src/sysmem.o
LOAD ./Core/Src/system_stm32f4xx.o
LOAD ./Core/Startup/startup_stm32f401retx.o
LOAD ./Drivers/STM32F4xx_HAL_Driver/Src/stm32f4xx_hal.o
LOAD ./Drivers/STM32F4xx_HAL_Driver/Src/stm32f4xx_hal_adc.o
LOAD ./Drivers/STM32F4xx_HAL_Driver/Src/stm32f4xx_hal_adc_ex.o
LOAD ./Drivers/STM32F4xx_HAL_Driver/Src/stm32f4xx_hal_cortex.o
LOAD ./Drivers/STM32F4xx_HAL_Driver/Src/stm32f4xx_hal_dma.o
LOAD ./Drivers/STM32F4xx_HAL_Driver/Src/stm32f4xx_hal_dma_ex.o
LOAD ./Drivers/STM32F4xx_HAL_Driver/Src/stm32f4xx_hal_exti.o
LOAD ./Drivers/STM32F4xx_HAL_Driver/Src/stm32f4xx_hal_flash.o
LOAD ./Drivers/STM32F4xx_HAL_Driver/Src/stm32f4xx_hal_flash_ex.o
LOAD ./Drivers/STM32F4xx_HAL_Driver/Src/stm32f4xx_hal_flash_ramfunc.o
LOAD ./Drivers/STM32F4xx_HAL_Driver/Src/stm32f4xx_hal_gpio.o
LOAD ./Drivers/STM32F4xx_HAL_Driver/Src/stm32f4xx_hal_i2c.o
LOAD ./Drivers/STM32F4xx_HAL_Driver/Src/stm32f4xx_hal_i2c_ex.o
LOAD ./Drivers/STM32F4xx_HAL_Driver/Src/stm32f4xx_hal_pwr.o
LOAD ./Drivers/STM32F4xx_HAL_Driver/Src/stm32f4xx_hal_pwr_ex.o
LOAD ./Drivers/STM32F4xx_HAL_Driver/Src/stm32f4xx_hal_rcc.o
LOAD ./Drivers/STM32F4xx_HAL_Driver/Src/stm32f4xx_hal_rcc_ex.o
LOAD ./Drivers/STM32F4xx_HAL_Driver/Src/stm32f4xx_hal_spi.o
LOAD ./Drivers/STM32F4xx_HAL_Driver/Src/stm32f4xx_hal_tim.o
LOAD ./Drivers/STM32F4xx_HAL_Driver/Src/stm32f4xx_hal_tim_ex.o
LOAD ./Drivers/STM32F4xx_HAL_Driver/Src/stm32f4xx_hal_uart.o
LOAD ./Drivers/STM32F4xx_HAL_Driver/Src/stm32f4xx_ll_adc.o
START GROUP
LOAD /Applications/STM32CubeIDE.app/Contents/Eclipse/plugins/com.st.stm32cube.ide.mcu.externaltools.gnu-tools-for-stm32.10.3-2021.10.macos64_1.0.100.202210260954/tools/bin/../lib/gcc/arm-none-eabi/10.3.1/../../../../arm-none-eabi/lib/thumb/v7e-m+fp/hard/libc_nano.a
LOAD /Applications/STM32CubeIDE.app/Contents/Eclipse/plugins/com.st.stm32cube.ide.mcu.externaltools.gnu-tools-for-stm32.10.3-2021.10.macos64_1.0.100.202210260954/tools/bin/../lib/gcc/arm-none-eabi/10.3.1/../../../../arm-none-eabi/lib/thumb/v7e-m+fp/hard/libm.a
END GROUP
START GROUP
LOAD /Applications/STM32CubeIDE.app/Contents/Eclipse/plugins/com.st.stm32cube.ide.mcu.externaltools.gnu-tools-for-stm32.10.3-2021.10.macos64_1.0.100.202210260954/tools/bin/../lib/gcc/arm-none-eabi/10.3.1/thumb/v7e-m+fp/hard/libgcc.a
LOAD /Applications/STM32CubeIDE.app/Contents/Eclipse/plugins/com.st.stm32cube.ide.mcu.externaltools.gnu-tools-for-stm32.10.3-2021.10.macos64_1.0.100.202210260954/tools/bin/../lib/gcc/arm-none-eabi/10.3.1/../../../../arm-none-eabi/lib/thumb/v7e-m+fp/hard/libc_nano.a
END GROUP
START GROUP
LOAD /Applications/STM32CubeIDE.app/Contents/Eclipse/plugins/com.st.stm32cube.ide.mcu.externaltools.gnu-tools-for-stm32.10.3-2021.10.macos64_1.0.100.202210260954/tools/bin/../lib/gcc/arm-none-eabi/10.3.1/thumb/v7e-m+fp/hard/libgcc.a
LOAD /Applications/STM32CubeIDE.app/Contents/Eclipse/plugins/com.st.stm32cube.ide.mcu.externaltools.gnu-tools-for-stm32.10.3-2021.10.macos64_1.0.100.202210260954/tools/bin/../lib/gcc/arm-none-eabi/10.3.1/../../../../arm-none-eabi/lib/thumb/v7e-m+fp/hard/libc_nano.a
LOAD /Applications/STM32CubeIDE.app/Contents/Eclipse/plugins/com.st.stm32cube.ide.mcu.externaltools.gnu-tools-for-stm32.10.3-2021.10.macos64_1.0.100.202210260954/tools/bin/../lib/gcc/arm-none-eabi/10.3.1/../../../../arm-none-eabi/lib/thumb/v7e-m+fp/hard/libnosys.a
END GROUP
START GROUP
LOAD /Applications/STM32CubeIDE.app/Contents/Eclipse/plugins/com.st.stm32cube.ide.mcu.externaltools.gnu-tools-for-stm32.10.3-2021.10.macos64_1.0.100.202210260954/tools/bin/../lib/gcc/arm-none-eabi/10.3.1/thumb/v7e-m+fp/hard/libgcc.a
LOAD /Applications/STM32CubeIDE.app/Contents/Eclipse/plugins/com.st.stm32cube.ide.mcu.externaltools.gnu-tools-for-stm32.10.3-2021.10.macos64_1.0.100.202210260954/tools/bin/../lib/gcc/arm-none-eabi/10.3.1/../../../../arm-none-eabi/lib/thumb/v7e-m+fp/hard/libc_nano.a
LOAD /Applications/STM32CubeIDE.app/Contents/Eclipse/plugins/com.st.stm32cube.ide.mcu.externaltools.gnu-tools-for-stm32.10.3-2021.10.macos64_1.0.100.202210260954/tools/bin/../lib/gcc/arm-none-eabi/10.3.1/../../../../arm-none-eabi/lib/thumb/v7e-m+fp/hard/libnosys.a
END GROUP
LOAD /Applications/STM32CubeIDE.app/Contents/Eclipse/plugins/com.st.stm32cube.ide.mcu.externaltools.gnu-tools-for-stm32.10.3-2021.10.macos64_1.0.100.202210260954/tools/bin/../lib/gcc/arm-none-eabi/10.3.1/thumb/v7e-m+fp/hard/crtend.o
LOAD /Applications/STM32CubeIDE.app/Contents/Eclipse/plugins/com.st.stm32cube.ide.mcu.externaltools.gnu-tools-for-stm32.10.3-2021.10.macos64_1.0.100.202210260954/tools/bin/../lib/gcc/arm-none-eabi/10.3.1/thumb/v7e-m+fp/hard/crtn.o
                0x0000000020018000                _estack = (ORIGIN (RAM) + LENGTH (RAM))
                0x0000000000000200                _Min_Heap_Size = 0x200
                0x0000000000000400                _Min_Stack_Size = 0x400

.isr_vector     0x0000000008000000      0x194
                0x0000000008000000                . = ALIGN (0x4)
 *(.isr_vector)
 .isr_vector    0x0000000008000000      0x194 ./Core/Startup/startup_stm32f401retx.o
                0x0000000008000000                g_pfnVectors
                0x0000000008000194                . = ALIGN (0x4)

.text           0x0000000008000194     0x77b8
                0x0000000008000194                . = ALIGN (0x4)
 *(.text)
 .text          0x0000000008000194       0x40 /Applications/STM32CubeIDE.app/Contents/Eclipse/plugins/com.st.stm32cube.ide.mcu.externaltools.gnu-tools-for-stm32.10.3-2021.10.macos64_1.0.100.202210260954/tools/bin/../lib/gcc/arm-none-eabi/10.3.1/thumb/v7e-m+fp/hard/crtbegin.o
 .text          0x00000000080001d4       0x10 /Applications/STM32CubeIDE.app/Contents/Eclipse/plugins/com.st.stm32cube.ide.mcu.externaltools.gnu-tools-for-stm32.10.3-2021.10.macos64_1.0.100.202210260954/tools/bin/../lib/gcc/arm-none-eabi/10.3.1/../../../../arm-none-eabi/lib/thumb/v7e-m+fp/hard/libc_nano.a(lib_a-strlen.o)
                0x00000000080001d4                strlen
 .text          0x00000000080001e4       0x30 /Applications/STM32CubeIDE.app/Contents/Eclipse/plugins/com.st.stm32cube.ide.mcu.externaltools.gnu-tools-for-stm32.10.3-2021.10.macos64_1.0.100.202210260954/tools/bin/../lib/gcc/arm-none-eabi/10.3.1/thumb/v7e-m+fp/hard/libgcc.a(_aeabi_uldivmod.o)
                0x00000000080001e4                __aeabi_uldivmod
 .text          0x0000000008000214      0x2d0 /Applications/STM32CubeIDE.app/Contents/Eclipse/plugins/com.st.stm32cube.ide.mcu.externaltools.gnu-tools-for-stm32.10.3-2021.10.macos64_1.0.100.202210260954/tools/bin/../lib/gcc/arm-none-eabi/10.3.1/thumb/v7e-m+fp/hard/libgcc.a(_udivmoddi4.o)
                0x0000000008000214                __udivmoddi4
 .text          0x00000000080004e4        0x4 /Applications/STM32CubeIDE.app/Contents/Eclipse/plugins/com.st.stm32cube.ide.mcu.externaltools.gnu-tools-for-stm32.10.3-2021.10.macos64_1.0.100.202210260954/tools/bin/../lib/gcc/arm-none-eabi/10.3.1/thumb/v7e-m+fp/hard/libgcc.a(_dvmd_tls.o)
                0x00000000080004e4                __aeabi_ldiv0
                0x00000000080004e4                __aeabi_idiv0
 *(.text*)
 .text.disable_button_EEPROM_writes
                0x00000000080004e8       0x2c ./Core/Src/buttons.o
                0x00000000080004e8                disable_button_EEPROM_writes
 .text.initialize_buttons
                0x0000000008000514       0x1a ./Core/Src/buttons.o
                0x0000000008000514                initialize_buttons
 *fill*         0x000000000800052e        0x2 
 .text.enable_button
                0x0000000008000530       0x64 ./Core/Src/buttons.o
                0x0000000008000530                enable_button
 .text.disable_button
                0x0000000008000594       0x60 ./Core/Src/buttons.o
                0x0000000008000594                disable_button
 .text.toggle_button
                0x00000000080005f4       0x60 ./Core/Src/buttons.o
                0x00000000080005f4                toggle_button
 .text.enable_all_buttons
                0x0000000008000654       0x2a ./Core/Src/buttons.o
                0x0000000008000654                enable_all_buttons
 .text.disable_all_buttons
                0x000000000800067e       0x2a ./Core/Src/buttons.o
                0x000000000800067e                disable_all_buttons
 .text.update_buttons
                0x00000000080006a8       0x3c ./Core/Src/buttons.o
                0x00000000080006a8                update_buttons
 .text.poll_buttons
                0x00000000080006e4      0x104 ./Core/Src/buttons.o
                0x00000000080006e4                poll_buttons
 .text.init_default_controller
                0x00000000080007e8       0xf4 ./Core/Src/controller.o
                0x00000000080007e8                init_default_controller
 .text.init_xbee_communication
                0x00000000080008dc       0x1c ./Core/Src/controller.o
                0x00000000080008dc                init_xbee_communication
 .text.Toggle   0x00000000080008f8       0x2c ./Core/Src/main.o
                0x00000000080008f8                Toggle
 .text.Delay    0x0000000008000924       0x5c ./Core/Src/main.o
                0x0000000008000924                Delay
 .text.GlobalTransmit
                0x0000000008000980       0x58 ./Core/Src/main.o
                0x0000000008000980                GlobalTransmit
 .text.DeviceTransmit
                0x00000000080009d8       0x58 ./Core/Src/main.o
                0x00000000080009d8                DeviceTransmit
 .text.poll_accel
                0x0000000008000a30       0xa4 ./Core/Src/main.o
                0x0000000008000a30                poll_accel
 .text.accel_init
                0x0000000008000ad4       0x80 ./Core/Src/main.o
                0x0000000008000ad4                accel_init
 .text.AccelInit
                0x0000000008000b54       0x14 ./Core/Src/main.o
                0x0000000008000b54                AccelInit
 .text.resetCounter
                0x0000000008000b68       0x18 ./Core/Src/main.o
                0x0000000008000b68                resetCounter
 .text.poll     0x0000000008000b80       0xec ./Core/Src/main.o
                0x0000000008000b80                poll
 .text.main     0x0000000008000c6c      0x1e8 ./Core/Src/main.o
                0x0000000008000c6c                main
 .text.SystemClock_Config
                0x0000000008000e54       0xd8 ./Core/Src/main.o
                0x0000000008000e54                SystemClock_Config
 .text.MX_ADC1_Init
                0x0000000008000f2c       0xa4 ./Core/Src/main.o
 .text.MX_I2C1_Init
                0x0000000008000fd0       0x5c ./Core/Src/main.o
 .text.MX_I2C3_Init
                0x000000000800102c       0x5c ./Core/Src/main.o
 .text.MX_SPI2_Init
                0x0000000008001088       0x6c ./Core/Src/main.o
 .text.MX_TIM1_Init
                0x00000000080010f4       0xa4 ./Core/Src/main.o
 .text.MX_TIM2_Init
                0x0000000008001198       0xe0 ./Core/Src/main.o
 .text.MX_TIM3_Init
                0x0000000008001278       0xec ./Core/Src/main.o
 .text.MX_TIM4_Init
                0x0000000008001364       0xb4 ./Core/Src/main.o
 .text.MX_TIM5_Init
                0x0000000008001418       0x9c ./Core/Src/main.o
 .text.MX_USART1_UART_Init
                0x00000000080014b4       0x54 ./Core/Src/main.o
 .text.MX_GPIO_Init
                0x0000000008001508      0x13c ./Core/Src/main.o
 .text.HAL_TIM_PeriodElapsedCallback
                0x0000000008001644      0x150 ./Core/Src/main.o
                0x0000000008001644                HAL_TIM_PeriodElapsedCallback
 .text.Error_Handler
                0x0000000008001794        0xa ./Core/Src/main.o
                0x0000000008001794                Error_Handler
 *fill*         0x000000000800179e        0x2 
 .text.display_menu
                0x00000000080017a0      0x3dc ./Core/Src/menu.o
                0x00000000080017a0                display_menu
 .text.button_pressed
                0x0000000008001b7c      0x460 ./Core/Src/menu.o
                0x0000000008001b7c                button_pressed
 .text.Learn_command
                0x0000000008001fdc       0x94 ./Core/Src/menu.o
                0x0000000008001fdc                Learn_command
 .text.disable_OLED_EEPROM_writes
                0x0000000008002070       0x2c ./Core/Src/ssd1306.o
                0x0000000008002070                disable_OLED_EEPROM_writes
 .text.drop_all_CS
                0x000000000800209c       0x38 ./Core/Src/ssd1306.o
                0x000000000800209c                drop_all_CS
 .text.raise_all_CS
                0x00000000080020d4       0x34 ./Core/Src/ssd1306.o
                0x00000000080020d4                raise_all_CS
 .text.drop_CS  0x0000000008002108       0x7c ./Core/Src/ssd1306.o
                0x0000000008002108                drop_CS
 .text.init_displays
                0x0000000008002184       0xf4 ./Core/Src/ssd1306.o
                0x0000000008002184                init_displays
 .text.update_display
                0x0000000008002278       0xf8 ./Core/Src/ssd1306.o
                0x0000000008002278                update_display
 .text.update_all_displays
                0x0000000008002370       0xf0 ./Core/Src/ssd1306.o
                0x0000000008002370                update_all_displays
 .text.erase_buffer
                0x0000000008002460       0x34 ./Core/Src/ssd1306.o
                0x0000000008002460                erase_buffer
 .text.draw_pixel
                0x0000000008002494       0xa8 ./Core/Src/ssd1306.o
                0x0000000008002494                draw_pixel
 .text.draw_char
                0x000000000800253c       0x58 ./Core/Src/ssd1306.o
                0x000000000800253c                draw_char
 .text.draw_bmp
                0x0000000008002594       0xd6 ./Core/Src/ssd1306.o
                0x0000000008002594                draw_bmp
 .text.draw_string
                0x000000000800266a       0x7c ./Core/Src/ssd1306.o
                0x000000000800266a                draw_string
 *fill*         0x00000000080026e6        0x2 
 .text.HAL_MspInit
                0x00000000080026e8       0x50 ./Core/Src/stm32f4xx_hal_msp.o
                0x00000000080026e8                HAL_MspInit
 .text.HAL_ADC_MspInit
                0x0000000008002738       0x88 ./Core/Src/stm32f4xx_hal_msp.o
                0x0000000008002738                HAL_ADC_MspInit
 .text.HAL_I2C_MspInit
                0x00000000080027c0      0x140 ./Core/Src/stm32f4xx_hal_msp.o
                0x00000000080027c0                HAL_I2C_MspInit
 .text.HAL_SPI_MspInit
                0x0000000008002900       0xd0 ./Core/Src/stm32f4xx_hal_msp.o
                0x0000000008002900                HAL_SPI_MspInit
 .text.HAL_TIM_Base_MspInit
                0x00000000080029d0      0x130 ./Core/Src/stm32f4xx_hal_msp.o
                0x00000000080029d0                HAL_TIM_Base_MspInit
 .text.HAL_TIM_PWM_MspInit
                0x0000000008002b00       0x44 ./Core/Src/stm32f4xx_hal_msp.o
                0x0000000008002b00                HAL_TIM_PWM_MspInit
 .text.HAL_TIM_MspPostInit
                0x0000000008002b44       0xc4 ./Core/Src/stm32f4xx_hal_msp.o
                0x0000000008002b44                HAL_TIM_MspPostInit
 .text.HAL_UART_MspInit
                0x0000000008002c08       0x90 ./Core/Src/stm32f4xx_hal_msp.o
                0x0000000008002c08                HAL_UART_MspInit
 .text.NMI_Handler
                0x0000000008002c98        0x6 ./Core/Src/stm32f4xx_it.o
                0x0000000008002c98                NMI_Handler
 .text.HardFault_Handler
                0x0000000008002c9e        0x6 ./Core/Src/stm32f4xx_it.o
                0x0000000008002c9e                HardFault_Handler
 .text.MemManage_Handler
                0x0000000008002ca4        0x6 ./Core/Src/stm32f4xx_it.o
                0x0000000008002ca4                MemManage_Handler
 .text.BusFault_Handler
                0x0000000008002caa        0x6 ./Core/Src/stm32f4xx_it.o
                0x0000000008002caa                BusFault_Handler
 .text.UsageFault_Handler
                0x0000000008002cb0        0x6 ./Core/Src/stm32f4xx_it.o
                0x0000000008002cb0                UsageFault_Handler
 .text.SVC_Handler
                0x0000000008002cb6        0xe ./Core/Src/stm32f4xx_it.o
                0x0000000008002cb6                SVC_Handler
 .text.DebugMon_Handler
                0x0000000008002cc4        0xe ./Core/Src/stm32f4xx_it.o
                0x0000000008002cc4                DebugMon_Handler
 .text.PendSV_Handler
                0x0000000008002cd2        0xe ./Core/Src/stm32f4xx_it.o
                0x0000000008002cd2                PendSV_Handler
 .text.SysTick_Handler
                0x0000000008002ce0        0xc ./Core/Src/stm32f4xx_it.o
                0x0000000008002ce0                SysTick_Handler
 .text.TIM2_IRQHandler
                0x0000000008002cec       0x94 ./Core/Src/stm32f4xx_it.o
                0x0000000008002cec                TIM2_IRQHandler
 .text.TIM5_IRQHandler
                0x0000000008002d80       0x14 ./Core/Src/stm32f4xx_it.o
                0x0000000008002d80                TIM5_IRQHandler
 .text.SystemInit
                0x0000000008002d94       0x24 ./Core/Src/system_stm32f4xx.o
                0x0000000008002d94                SystemInit
 .text.Reset_Handler
                0x0000000008002db8       0x50 ./Core/Startup/startup_stm32f401retx.o
                0x0000000008002db8                Reset_Handler
 .text.Default_Handler
                0x0000000008002e08        0x2 ./Core/Startup/startup_stm32f401retx.o
                0x0000000008002e08                DMA1_Stream3_IRQHandler
                0x0000000008002e08                EXTI2_IRQHandler
                0x0000000008002e08                SPI4_IRQHandler
                0x0000000008002e08                TIM1_CC_IRQHandler
                0x0000000008002e08                DMA2_Stream5_IRQHandler
                0x0000000008002e08                DMA1_Stream5_IRQHandler
                0x0000000008002e08                PVD_IRQHandler
                0x0000000008002e08                SDIO_IRQHandler
                0x0000000008002e08                TAMP_STAMP_IRQHandler
                0x0000000008002e08                EXTI3_IRQHandler
                0x0000000008002e08                TIM1_UP_TIM10_IRQHandler
                0x0000000008002e08                I2C3_ER_IRQHandler
                0x0000000008002e08                EXTI0_IRQHandler
                0x0000000008002e08                I2C2_EV_IRQHandler
                0x0000000008002e08                DMA1_Stream2_IRQHandler
                0x0000000008002e08                FPU_IRQHandler
                0x0000000008002e08                DMA2_Stream2_IRQHandler
                0x0000000008002e08                SPI1_IRQHandler
                0x0000000008002e08                TIM1_BRK_TIM9_IRQHandler
                0x0000000008002e08                DMA2_Stream3_IRQHandler
                0x0000000008002e08                USART6_IRQHandler
                0x0000000008002e08                DMA2_Stream0_IRQHandler
                0x0000000008002e08                TIM4_IRQHandler
                0x0000000008002e08                I2C1_EV_IRQHandler
                0x0000000008002e08                DMA1_Stream6_IRQHandler
                0x0000000008002e08                DMA1_Stream1_IRQHandler
                0x0000000008002e08                TIM3_IRQHandler
                0x0000000008002e08                RCC_IRQHandler
                0x0000000008002e08                Default_Handler
                0x0000000008002e08                EXTI15_10_IRQHandler
                0x0000000008002e08                ADC_IRQHandler
                0x0000000008002e08                DMA1_Stream7_IRQHandler
                0x0000000008002e08                DMA2_Stream7_IRQHandler
                0x0000000008002e08                I2C3_EV_IRQHandler
                0x0000000008002e08                EXTI9_5_IRQHandler
                0x0000000008002e08                RTC_WKUP_IRQHandler
                0x0000000008002e08                SPI2_IRQHandler
                0x0000000008002e08                DMA1_Stream0_IRQHandler
                0x0000000008002e08                EXTI4_IRQHandler
                0x0000000008002e08                WWDG_IRQHandler
                0x0000000008002e08                OTG_FS_WKUP_IRQHandler
                0x0000000008002e08                TIM1_TRG_COM_TIM11_IRQHandler
                0x0000000008002e08                EXTI1_IRQHandler
                0x0000000008002e08                USART2_IRQHandler
                0x0000000008002e08                I2C2_ER_IRQHandler
                0x0000000008002e08                DMA2_Stream1_IRQHandler
                0x0000000008002e08                FLASH_IRQHandler
                0x0000000008002e08                DMA2_Stream4_IRQHandler
                0x0000000008002e08                USART1_IRQHandler
                0x0000000008002e08                OTG_FS_IRQHandler
                0x0000000008002e08                SPI3_IRQHandler
                0x0000000008002e08                DMA1_Stream4_IRQHandler
                0x0000000008002e08                I2C1_ER_IRQHandler
                0x0000000008002e08                DMA2_Stream6_IRQHandler
                0x0000000008002e08                RTC_Alarm_IRQHandler
 *fill*         0x0000000008002e0a        0x2 
 .text.HAL_Init
                0x0000000008002e0c       0x44 ./Drivers/STM32F4xx_HAL_Driver/Src/stm32f4xx_hal.o
                0x0000000008002e0c                HAL_Init
 .text.HAL_InitTick
                0x0000000008002e50       0x60 ./Drivers/STM32F4xx_HAL_Driver/Src/stm32f4xx_hal.o
                0x0000000008002e50                HAL_InitTick
 .text.HAL_IncTick
                0x0000000008002eb0       0x28 ./Drivers/STM32F4xx_HAL_Driver/Src/stm32f4xx_hal.o
                0x0000000008002eb0                HAL_IncTick
 .text.HAL_GetTick
                0x0000000008002ed8       0x18 ./Drivers/STM32F4xx_HAL_Driver/Src/stm32f4xx_hal.o
                0x0000000008002ed8                HAL_GetTick
 .text.HAL_Delay
                0x0000000008002ef0       0x48 ./Drivers/STM32F4xx_HAL_Driver/Src/stm32f4xx_hal.o
                0x0000000008002ef0                HAL_Delay
 .text.HAL_ADC_Init
                0x0000000008002f38       0x86 ./Drivers/STM32F4xx_HAL_Driver/Src/stm32f4xx_hal_adc.o
                0x0000000008002f38                HAL_ADC_Init
 *fill*         0x0000000008002fbe        0x2 
 .text.HAL_ADC_Start
                0x0000000008002fc0      0x168 ./Drivers/STM32F4xx_HAL_Driver/Src/stm32f4xx_hal_adc.o
                0x0000000008002fc0                HAL_ADC_Start
 .text.HAL_ADC_PollForConversion
                0x0000000008003128      0x116 ./Drivers/STM32F4xx_HAL_Driver/Src/stm32f4xx_hal_adc.o
                0x0000000008003128                HAL_ADC_PollForConversion
 .text.HAL_ADC_GetValue
                0x000000000800323e       0x1a ./Drivers/STM32F4xx_HAL_Driver/Src/stm32f4xx_hal_adc.o
                0x000000000800323e                HAL_ADC_GetValue
 .text.HAL_ADC_ConfigChannel
                0x0000000008003258      0x244 ./Drivers/STM32F4xx_HAL_Driver/Src/stm32f4xx_hal_adc.o
                0x0000000008003258                HAL_ADC_ConfigChannel
 .text.ADC_Init
                0x000000000800349c      0x1f8 ./Drivers/STM32F4xx_HAL_Driver/Src/stm32f4xx_hal_adc.o
 .text.__NVIC_SetPriorityGrouping
                0x0000000008003694       0x48 ./Drivers/STM32F4xx_HAL_Driver/Src/stm32f4xx_hal_cortex.o
 .text.__NVIC_GetPriorityGrouping
                0x00000000080036dc       0x1c ./Drivers/STM32F4xx_HAL_Driver/Src/stm32f4xx_hal_cortex.o
 .text.__NVIC_EnableIRQ
                0x00000000080036f8       0x3c ./Drivers/STM32F4xx_HAL_Driver/Src/stm32f4xx_hal_cortex.o
 .text.__NVIC_SetPriority
                0x0000000008003734       0x54 ./Drivers/STM32F4xx_HAL_Driver/Src/stm32f4xx_hal_cortex.o
 .text.NVIC_EncodePriority
                0x0000000008003788       0x66 ./Drivers/STM32F4xx_HAL_Driver/Src/stm32f4xx_hal_cortex.o
 *fill*         0x00000000080037ee        0x2 
 .text.SysTick_Config
                0x00000000080037f0       0x44 ./Drivers/STM32F4xx_HAL_Driver/Src/stm32f4xx_hal_cortex.o
 .text.HAL_NVIC_SetPriorityGrouping
                0x0000000008003834       0x16 ./Drivers/STM32F4xx_HAL_Driver/Src/stm32f4xx_hal_cortex.o
                0x0000000008003834                HAL_NVIC_SetPriorityGrouping
 .text.HAL_NVIC_SetPriority
                0x000000000800384a       0x38 ./Drivers/STM32F4xx_HAL_Driver/Src/stm32f4xx_hal_cortex.o
                0x000000000800384a                HAL_NVIC_SetPriority
 .text.HAL_NVIC_EnableIRQ
                0x0000000008003882       0x1c ./Drivers/STM32F4xx_HAL_Driver/Src/stm32f4xx_hal_cortex.o
                0x0000000008003882                HAL_NVIC_EnableIRQ
 .text.HAL_SYSTICK_Config
                0x000000000800389e       0x18 ./Drivers/STM32F4xx_HAL_Driver/Src/stm32f4xx_hal_cortex.o
                0x000000000800389e                HAL_SYSTICK_Config
 *fill*         0x00000000080038b6        0x2 
 .text.HAL_GPIO_Init
                0x00000000080038b8      0x308 ./Drivers/STM32F4xx_HAL_Driver/Src/stm32f4xx_hal_gpio.o
                0x00000000080038b8                HAL_GPIO_Init
 .text.HAL_GPIO_ReadPin
                0x0000000008003bc0       0x30 ./Drivers/STM32F4xx_HAL_Driver/Src/stm32f4xx_hal_gpio.o
                0x0000000008003bc0                HAL_GPIO_ReadPin
 .text.HAL_GPIO_WritePin
                0x0000000008003bf0       0x32 ./Drivers/STM32F4xx_HAL_Driver/Src/stm32f4xx_hal_gpio.o
                0x0000000008003bf0                HAL_GPIO_WritePin
 *fill*         0x0000000008003c22        0x2 
 .text.HAL_I2C_Init
                0x0000000008003c24      0x288 ./Drivers/STM32F4xx_HAL_Driver/Src/stm32f4xx_hal_i2c.o
                0x0000000008003c24                HAL_I2C_Init
 .text.HAL_I2C_Master_Transmit
                0x0000000008003eac      0x1fc ./Drivers/STM32F4xx_HAL_Driver/Src/stm32f4xx_hal_i2c.o
                0x0000000008003eac                HAL_I2C_Master_Transmit
 .text.HAL_I2C_Master_Receive
                0x00000000080040a8      0x44c ./Drivers/STM32F4xx_HAL_Driver/Src/stm32f4xx_hal_i2c.o
                0x00000000080040a8                HAL_I2C_Master_Receive
 .text.I2C_MasterRequestWrite
                0x00000000080044f4      0x104 ./Drivers/STM32F4xx_HAL_Driver/Src/stm32f4xx_hal_i2c.o
 .text.I2C_MasterRequestRead
                0x00000000080045f8      0x19c ./Drivers/STM32F4xx_HAL_Driver/Src/stm32f4xx_hal_i2c.o
 .text.I2C_WaitOnFlagUntilTimeout
                0x0000000008004794       0xae ./Drivers/STM32F4xx_HAL_Driver/Src/stm32f4xx_hal_i2c.o
 .text.I2C_WaitOnMasterAddressFlagUntilTimeout
                0x0000000008004842       0xfe ./Drivers/STM32F4xx_HAL_Driver/Src/stm32f4xx_hal_i2c.o
 .text.I2C_WaitOnTXEFlagUntilTimeout
                0x0000000008004940       0x82 ./Drivers/STM32F4xx_HAL_Driver/Src/stm32f4xx_hal_i2c.o
 .text.I2C_WaitOnBTFFlagUntilTimeout
                0x00000000080049c2       0x82 ./Drivers/STM32F4xx_HAL_Driver/Src/stm32f4xx_hal_i2c.o
 .text.I2C_WaitOnRXNEFlagUntilTimeout
                0x0000000008004a44       0xac ./Drivers/STM32F4xx_HAL_Driver/Src/stm32f4xx_hal_i2c.o
 .text.I2C_IsAcknowledgeFailed
                0x0000000008004af0       0x5e ./Drivers/STM32F4xx_HAL_Driver/Src/stm32f4xx_hal_i2c.o
 *fill*         0x0000000008004b4e        0x2 
 .text.HAL_RCC_OscConfig
                0x0000000008004b50      0x4f0 ./Drivers/STM32F4xx_HAL_Driver/Src/stm32f4xx_hal_rcc.o
                0x0000000008004b50                HAL_RCC_OscConfig
 .text.HAL_RCC_ClockConfig
                0x0000000008005040      0x1cc ./Drivers/STM32F4xx_HAL_Driver/Src/stm32f4xx_hal_rcc.o
                0x0000000008005040                HAL_RCC_ClockConfig
 .text.HAL_RCC_GetSysClockFreq
                0x000000000800520c      0x20c ./Drivers/STM32F4xx_HAL_Driver/Src/stm32f4xx_hal_rcc.o
                0x000000000800520c                HAL_RCC_GetSysClockFreq
 .text.HAL_RCC_GetHCLKFreq
                0x0000000008005418       0x18 ./Drivers/STM32F4xx_HAL_Driver/Src/stm32f4xx_hal_rcc.o
                0x0000000008005418                HAL_RCC_GetHCLKFreq
 .text.HAL_RCC_GetPCLK1Freq
                0x0000000008005430       0x28 ./Drivers/STM32F4xx_HAL_Driver/Src/stm32f4xx_hal_rcc.o
                0x0000000008005430                HAL_RCC_GetPCLK1Freq
 .text.HAL_RCC_GetPCLK2Freq
                0x0000000008005458       0x28 ./Drivers/STM32F4xx_HAL_Driver/Src/stm32f4xx_hal_rcc.o
                0x0000000008005458                HAL_RCC_GetPCLK2Freq
 .text.HAL_SPI_Init
                0x0000000008005480      0x112 ./Drivers/STM32F4xx_HAL_Driver/Src/stm32f4xx_hal_spi.o
                0x0000000008005480                HAL_SPI_Init
 .text.HAL_SPI_Transmit
                0x0000000008005592      0x278 ./Drivers/STM32F4xx_HAL_Driver/Src/stm32f4xx_hal_spi.o
                0x0000000008005592                HAL_SPI_Transmit
 *fill*         0x000000000800580a        0x2 
 .text.SPI_WaitFlagStateUntilTimeout
                0x000000000800580c      0x110 ./Drivers/STM32F4xx_HAL_Driver/Src/stm32f4xx_hal_spi.o
 .text.SPI_EndRxTxTransaction
                0x000000000800591c       0x84 ./Drivers/STM32F4xx_HAL_Driver/Src/stm32f4xx_hal_spi.o
 .text.HAL_TIM_Base_Init
                0x00000000080059a0       0x9e ./Drivers/STM32F4xx_HAL_Driver/Src/stm32f4xx_hal_tim.o
                0x00000000080059a0                HAL_TIM_Base_Init
 *fill*         0x0000000008005a3e        0x2 
 .text.HAL_TIM_Base_Start_IT
                0x0000000008005a40       0xc4 ./Drivers/STM32F4xx_HAL_Driver/Src/stm32f4xx_hal_tim.o
                0x0000000008005a40                HAL_TIM_Base_Start_IT
 .text.HAL_TIM_PWM_Init
                0x0000000008005b04       0x9e ./Drivers/STM32F4xx_HAL_Driver/Src/stm32f4xx_hal_tim.o
                0x0000000008005b04                HAL_TIM_PWM_Init
 *fill*         0x0000000008005ba2        0x2 
 .text.HAL_TIM_PWM_Start
                0x0000000008005ba4      0x160 ./Drivers/STM32F4xx_HAL_Driver/Src/stm32f4xx_hal_tim.o
                0x0000000008005ba4                HAL_TIM_PWM_Start
 .text.HAL_TIM_PWM_Stop
                0x0000000008005d04       0xc8 ./Drivers/STM32F4xx_HAL_Driver/Src/stm32f4xx_hal_tim.o
                0x0000000008005d04                HAL_TIM_PWM_Stop
 .text.HAL_TIM_IC_Init
                0x0000000008005dcc       0x9e ./Drivers/STM32F4xx_HAL_Driver/Src/stm32f4xx_hal_tim.o
                0x0000000008005dcc                HAL_TIM_IC_Init
 .text.HAL_TIM_IC_MspInit
                0x0000000008005e6a       0x14 ./Drivers/STM32F4xx_HAL_Driver/Src/stm32f4xx_hal_tim.o
                0x0000000008005e6a                HAL_TIM_IC_MspInit
 *fill*         0x0000000008005e7e        0x2 
 .text.HAL_TIM_IC_Start_IT
                0x0000000008005e80      0x234 ./Drivers/STM32F4xx_HAL_Driver/Src/stm32f4xx_hal_tim.o
                0x0000000008005e80                HAL_TIM_IC_Start_IT
 .text.HAL_TIM_IC_Stop_IT
                0x00000000080060b4      0x15c ./Drivers/STM32F4xx_HAL_Driver/Src/stm32f4xx_hal_tim.o
                0x00000000080060b4                HAL_TIM_IC_Stop_IT
 .text.HAL_TIM_IRQHandler
                0x0000000008006210      0x210 ./Drivers/STM32F4xx_HAL_Driver/Src/stm32f4xx_hal_tim.o
                0x0000000008006210                HAL_TIM_IRQHandler
 .text.HAL_TIM_IC_ConfigChannel
                0x0000000008006420      0x138 ./Drivers/STM32F4xx_HAL_Driver/Src/stm32f4xx_hal_tim.o
                0x0000000008006420                HAL_TIM_IC_ConfigChannel
 .text.HAL_TIM_PWM_ConfigChannel
                0x0000000008006558      0x184 ./Drivers/STM32F4xx_HAL_Driver/Src/stm32f4xx_hal_tim.o
                0x0000000008006558                HAL_TIM_PWM_ConfigChannel
 .text.HAL_TIM_ConfigClockSource
                0x00000000080066dc      0x18e ./Drivers/STM32F4xx_HAL_Driver/Src/stm32f4xx_hal_tim.o
                0x00000000080066dc                HAL_TIM_ConfigClockSource
 .text.HAL_TIM_OC_DelayElapsedCallback
                0x000000000800686a       0x14 ./Drivers/STM32F4xx_HAL_Driver/Src/stm32f4xx_hal_tim.o
                0x000000000800686a                HAL_TIM_OC_DelayElapsedCallback
 .text.HAL_TIM_IC_CaptureCallback
                0x000000000800687e       0x14 ./Drivers/STM32F4xx_HAL_Driver/Src/stm32f4xx_hal_tim.o
                0x000000000800687e                HAL_TIM_IC_CaptureCallback
 .text.HAL_TIM_PWM_PulseFinishedCallback
                0x0000000008006892       0x14 ./Drivers/STM32F4xx_HAL_Driver/Src/stm32f4xx_hal_tim.o
                0x0000000008006892                HAL_TIM_PWM_PulseFinishedCallback
 .text.HAL_TIM_TriggerCallback
                0x00000000080068a6       0x14 ./Drivers/STM32F4xx_HAL_Driver/Src/stm32f4xx_hal_tim.o
                0x00000000080068a6                HAL_TIM_TriggerCallback
 *fill*         0x00000000080068ba        0x2 
 .text.TIM_Base_SetConfig
                0x00000000080068bc      0x100 ./Drivers/STM32F4xx_HAL_Driver/Src/stm32f4xx_hal_tim.o
                0x00000000080068bc                TIM_Base_SetConfig
 .text.TIM_OC1_SetConfig
                0x00000000080069bc       0xcc ./Drivers/STM32F4xx_HAL_Driver/Src/stm32f4xx_hal_tim.o
 .text.TIM_OC2_SetConfig
                0x0000000008006a88       0xd8 ./Drivers/STM32F4xx_HAL_Driver/Src/stm32f4xx_hal_tim.o
                0x0000000008006a88                TIM_OC2_SetConfig
 .text.TIM_OC3_SetConfig
                0x0000000008006b60       0xd4 ./Drivers/STM32F4xx_HAL_Driver/Src/stm32f4xx_hal_tim.o
 .text.TIM_OC4_SetConfig
                0x0000000008006c34       0xa0 ./Drivers/STM32F4xx_HAL_Driver/Src/stm32f4xx_hal_tim.o
 .text.TIM_TI1_SetConfig
                0x0000000008006cd4       0xd0 ./Drivers/STM32F4xx_HAL_Driver/Src/stm32f4xx_hal_tim.o
                0x0000000008006cd4                TIM_TI1_SetConfig
 .text.TIM_TI1_ConfigInputStage
                0x0000000008006da4       0x5e ./Drivers/STM32F4xx_HAL_Driver/Src/stm32f4xx_hal_tim.o
 .text.TIM_TI2_SetConfig
                0x0000000008006e02       0x7a ./Drivers/STM32F4xx_HAL_Driver/Src/stm32f4xx_hal_tim.o
 .text.TIM_TI2_ConfigInputStage
                0x0000000008006e7c       0x60 ./Drivers/STM32F4xx_HAL_Driver/Src/stm32f4xx_hal_tim.o
 .text.TIM_TI3_SetConfig
                0x0000000008006edc       0x78 ./Drivers/STM32F4xx_HAL_Driver/Src/stm32f4xx_hal_tim.o
 .text.TIM_TI4_SetConfig
                0x0000000008006f54       0x7a ./Drivers/STM32F4xx_HAL_Driver/Src/stm32f4xx_hal_tim.o
 .text.TIM_ITRx_SetConfig
                0x0000000008006fce       0x36 ./Drivers/STM32F4xx_HAL_Driver/Src/stm32f4xx_hal_tim.o
 .text.TIM_ETR_SetConfig
                0x0000000008007004       0x40 ./Drivers/STM32F4xx_HAL_Driver/Src/stm32f4xx_hal_tim.o
                0x0000000008007004                TIM_ETR_SetConfig
 .text.TIM_CCxChannelCmd
                0x0000000008007044       0x4a ./Drivers/STM32F4xx_HAL_Driver/Src/stm32f4xx_hal_tim.o
                0x0000000008007044                TIM_CCxChannelCmd
 *fill*         0x000000000800708e        0x2 
 .text.HAL_TIMEx_MasterConfigSynchronization
                0x0000000008007090       0xdc ./Drivers/STM32F4xx_HAL_Driver/Src/stm32f4xx_hal_tim_ex.o
                0x0000000008007090                HAL_TIMEx_MasterConfigSynchronization
 .text.HAL_TIMEx_CommutCallback
                0x000000000800716c       0x14 ./Drivers/STM32F4xx_HAL_Driver/Src/stm32f4xx_hal_tim_ex.o
                0x000000000800716c                HAL_TIMEx_CommutCallback
 .text.HAL_TIMEx_BreakCallback
                0x0000000008007180       0x14 ./Drivers/STM32F4xx_HAL_Driver/Src/stm32f4xx_hal_tim_ex.o
                0x0000000008007180                HAL_TIMEx_BreakCallback
 .text.HAL_UART_Init
                0x0000000008007194       0x9a ./Drivers/STM32F4xx_HAL_Driver/Src/stm32f4xx_hal_uart.o
                0x0000000008007194                HAL_UART_Init
 .text.HAL_UART_Receive_IT
                0x000000000800722e       0x60 ./Drivers/STM32F4xx_HAL_Driver/Src/stm32f4xx_hal_uart.o
                0x000000000800722e                HAL_UART_Receive_IT
 .text.UART_Start_Receive_IT
                0x000000000800728e       0x7c ./Drivers/STM32F4xx_HAL_Driver/Src/stm32f4xx_hal_uart.o
                0x000000000800728e                UART_Start_Receive_IT
 *fill*         0x000000000800730a        0x2 
 .text.UART_SetConfig
                0x000000000800730c      0x4e8 ./Drivers/STM32F4xx_HAL_Driver/Src/stm32f4xx_hal_uart.o
 .text.__libc_init_array
                0x00000000080077f4       0x48 /Applications/STM32CubeIDE.app/Contents/Eclipse/plugins/com.st.stm32cube.ide.mcu.externaltools.gnu-tools-for-stm32.10.3-2021.10.macos64_1.0.100.202210260954/tools/bin/../lib/gcc/arm-none-eabi/10.3.1/../../../../arm-none-eabi/lib/thumb/v7e-m+fp/hard/libc_nano.a(lib_a-init.o)
                0x00000000080077f4                __libc_init_array
 .text.__itoa   0x000000000800783c       0x30 /Applications/STM32CubeIDE.app/Contents/Eclipse/plugins/com.st.stm32cube.ide.mcu.externaltools.gnu-tools-for-stm32.10.3-2021.10.macos64_1.0.100.202210260954/tools/bin/../lib/gcc/arm-none-eabi/10.3.1/../../../../arm-none-eabi/lib/thumb/v7e-m+fp/hard/libc_nano.a(lib_a-itoa.o)
                0x000000000800783c                __itoa
 .text.itoa     0x000000000800786c        0x4 /Applications/STM32CubeIDE.app/Contents/Eclipse/plugins/com.st.stm32cube.ide.mcu.externaltools.gnu-tools-for-stm32.10.3-2021.10.macos64_1.0.100.202210260954/tools/bin/../lib/gcc/arm-none-eabi/10.3.1/../../../../arm-none-eabi/lib/thumb/v7e-m+fp/hard/libc_nano.a(lib_a-itoa.o)
                0x000000000800786c                itoa
 .text.memset   0x0000000008007870       0x10 /Applications/STM32CubeIDE.app/Contents/Eclipse/plugins/com.st.stm32cube.ide.mcu.externaltools.gnu-tools-for-stm32.10.3-2021.10.macos64_1.0.100.202210260954/tools/bin/../lib/gcc/arm-none-eabi/10.3.1/../../../../arm-none-eabi/lib/thumb/v7e-m+fp/hard/libc_nano.a(lib_a-memset.o)
                0x0000000008007870                memset
 .text.strcat   0x0000000008007880       0x1e /Applications/STM32CubeIDE.app/Contents/Eclipse/plugins/com.st.stm32cube.ide.mcu.externaltools.gnu-tools-for-stm32.10.3-2021.10.macos64_1.0.100.202210260954/tools/bin/../lib/gcc/arm-none-eabi/10.3.1/../../../../arm-none-eabi/lib/thumb/v7e-m+fp/hard/libc_nano.a(lib_a-strcat.o)
                0x0000000008007880                strcat
 .text.strcpy   0x000000000800789e       0x10 /Applications/STM32CubeIDE.app/Contents/Eclipse/plugins/com.st.stm32cube.ide.mcu.externaltools.gnu-tools-for-stm32.10.3-2021.10.macos64_1.0.100.202210260954/tools/bin/../lib/gcc/arm-none-eabi/10.3.1/../../../../arm-none-eabi/lib/thumb/v7e-m+fp/hard/libc_nano.a(lib_a-strcpy.o)
                0x000000000800789e                strcpy
 *fill*         0x00000000080078ae        0x2 
 .text.__utoa   0x00000000080078b0       0x84 /Applications/STM32CubeIDE.app/Contents/Eclipse/plugins/com.st.stm32cube.ide.mcu.externaltools.gnu-tools-for-stm32.10.3-2021.10.macos64_1.0.100.202210260954/tools/bin/../lib/gcc/arm-none-eabi/10.3.1/../../../../arm-none-eabi/lib/thumb/v7e-m+fp/hard/libc_nano.a(lib_a-utoa.o)
                0x00000000080078b0                __utoa
 *(.glue_7)
 .glue_7        0x0000000008007934        0x0 linker stubs
 *(.glue_7t)
 .glue_7t       0x0000000008007934        0x0 linker stubs
 *(.eh_frame)
 .eh_frame      0x0000000008007934        0x0 /Applications/STM32CubeIDE.app/Contents/Eclipse/plugins/com.st.stm32cube.ide.mcu.externaltools.gnu-tools-for-stm32.10.3-2021.10.macos64_1.0.100.202210260954/tools/bin/../lib/gcc/arm-none-eabi/10.3.1/thumb/v7e-m+fp/hard/crtbegin.o
 *(.init)
 .init          0x0000000008007934        0x4 /Applications/STM32CubeIDE.app/Contents/Eclipse/plugins/com.st.stm32cube.ide.mcu.externaltools.gnu-tools-for-stm32.10.3-2021.10.macos64_1.0.100.202210260954/tools/bin/../lib/gcc/arm-none-eabi/10.3.1/thumb/v7e-m+fp/hard/crti.o
                0x0000000008007934                _init
 .init          0x0000000008007938        0x8 /Applications/STM32CubeIDE.app/Contents/Eclipse/plugins/com.st.stm32cube.ide.mcu.externaltools.gnu-tools-for-stm32.10.3-2021.10.macos64_1.0.100.202210260954/tools/bin/../lib/gcc/arm-none-eabi/10.3.1/thumb/v7e-m+fp/hard/crtn.o
 *(.fini)
 .fini          0x0000000008007940        0x4 /Applications/STM32CubeIDE.app/Contents/Eclipse/plugins/com.st.stm32cube.ide.mcu.externaltools.gnu-tools-for-stm32.10.3-2021.10.macos64_1.0.100.202210260954/tools/bin/../lib/gcc/arm-none-eabi/10.3.1/thumb/v7e-m+fp/hard/crti.o
                0x0000000008007940                _fini
 .fini          0x0000000008007944        0x8 /Applications/STM32CubeIDE.app/Contents/Eclipse/plugins/com.st.stm32cube.ide.mcu.externaltools.gnu-tools-for-stm32.10.3-2021.10.macos64_1.0.100.202210260954/tools/bin/../lib/gcc/arm-none-eabi/10.3.1/thumb/v7e-m+fp/hard/crtn.o
                0x000000000800794c                . = ALIGN (0x4)
                0x000000000800794c                _etext = .

.vfp11_veneer   0x000000000800794c        0x0
 .vfp11_veneer  0x000000000800794c        0x0 linker stubs

.v4_bx          0x000000000800794c        0x0
 .v4_bx         0x000000000800794c        0x0 linker stubs

.iplt           0x000000000800794c        0x0
 .iplt          0x000000000800794c        0x0 /Applications/STM32CubeIDE.app/Contents/Eclipse/plugins/com.st.stm32cube.ide.mcu.externaltools.gnu-tools-for-stm32.10.3-2021.10.macos64_1.0.100.202210260954/tools/bin/../lib/gcc/arm-none-eabi/10.3.1/thumb/v7e-m+fp/hard/crtbegin.o

.rodata         0x000000000800794c       0xf4
                0x000000000800794c                . = ALIGN (0x4)
 *(.rodata)
 .rodata        0x000000000800794c       0x19 ./Core/Src/controller.o
 *fill*         0x0000000008007965        0x3 
 .rodata        0x0000000008007968       0x97 ./Core/Src/menu.o
 *(.rodata*)
 *fill*         0x00000000080079ff        0x1 
 .rodata.AHBPrescTable
                0x0000000008007a00       0x10 ./Core/Src/system_stm32f4xx.o
                0x0000000008007a00                AHBPrescTable
 .rodata.APBPrescTable
                0x0000000008007a10        0x8 ./Core/Src/system_stm32f4xx.o
                0x0000000008007a10                APBPrescTable
 .rodata.__utoa.str1.1
                0x0000000008007a18       0x25 /Applications/STM32CubeIDE.app/Contents/Eclipse/plugins/com.st.stm32cube.ide.mcu.externaltools.gnu-tools-for-stm32.10.3-2021.10.macos64_1.0.100.202210260954/tools/bin/../lib/gcc/arm-none-eabi/10.3.1/../../../../arm-none-eabi/lib/thumb/v7e-m+fp/hard/libc_nano.a(lib_a-utoa.o)
                0x0000000008007a40                . = ALIGN (0x4)
 *fill*         0x0000000008007a3d        0x3 

.ARM.extab      0x0000000008007a40        0x0
                0x0000000008007a40                . = ALIGN (0x4)
 *(.ARM.extab* .gnu.linkonce.armextab.*)
                0x0000000008007a40                . = ALIGN (0x4)

.ARM            0x0000000008007a40        0x8
                0x0000000008007a40                . = ALIGN (0x4)
                0x0000000008007a40                __exidx_start = .
 *(.ARM.exidx*)
 .ARM.exidx     0x0000000008007a40        0x8 /Applications/STM32CubeIDE.app/Contents/Eclipse/plugins/com.st.stm32cube.ide.mcu.externaltools.gnu-tools-for-stm32.10.3-2021.10.macos64_1.0.100.202210260954/tools/bin/../lib/gcc/arm-none-eabi/10.3.1/thumb/v7e-m+fp/hard/libgcc.a(_udivmoddi4.o)
                0x0000000008007a48                __exidx_end = .
                0x0000000008007a48                . = ALIGN (0x4)

.rel.dyn        0x0000000008007a48        0x0
 .rel.iplt      0x0000000008007a48        0x0 /Applications/STM32CubeIDE.app/Contents/Eclipse/plugins/com.st.stm32cube.ide.mcu.externaltools.gnu-tools-for-stm32.10.3-2021.10.macos64_1.0.100.202210260954/tools/bin/../lib/gcc/arm-none-eabi/10.3.1/thumb/v7e-m+fp/hard/crtbegin.o

.preinit_array  0x0000000008007a48        0x0
                0x0000000008007a48                . = ALIGN (0x4)
                0x0000000008007a48                PROVIDE (__preinit_array_start = .)
 *(.preinit_array*)
                0x0000000008007a48                PROVIDE (__preinit_array_end = .)
                0x0000000008007a48                . = ALIGN (0x4)

.init_array     0x0000000008007a48        0x4
                0x0000000008007a48                . = ALIGN (0x4)
                0x0000000008007a48                PROVIDE (__init_array_start = .)
 *(SORT_BY_NAME(.init_array.*))
 *(.init_array*)
 .init_array    0x0000000008007a48        0x4 /Applications/STM32CubeIDE.app/Contents/Eclipse/plugins/com.st.stm32cube.ide.mcu.externaltools.gnu-tools-for-stm32.10.3-2021.10.macos64_1.0.100.202210260954/tools/bin/../lib/gcc/arm-none-eabi/10.3.1/thumb/v7e-m+fp/hard/crtbegin.o
                0x0000000008007a4c                PROVIDE (__init_array_end = .)
                0x0000000008007a4c                . = ALIGN (0x4)

.fini_array     0x0000000008007a4c        0x4
                0x0000000008007a4c                . = ALIGN (0x4)
                [!provide]                        PROVIDE (__fini_array_start = .)
 *(SORT_BY_NAME(.fini_array.*))
 *(.fini_array*)
 .fini_array    0x0000000008007a4c        0x4 /Applications/STM32CubeIDE.app/Contents/Eclipse/plugins/com.st.stm32cube.ide.mcu.externaltools.gnu-tools-for-stm32.10.3-2021.10.macos64_1.0.100.202210260954/tools/bin/../lib/gcc/arm-none-eabi/10.3.1/thumb/v7e-m+fp/hard/crtbegin.o
                [!provide]                        PROVIDE (__fini_array_end = .)
                0x0000000008007a50                . = ALIGN (0x4)
                0x0000000008007a50                _sidata = LOADADDR (.data)

.data           0x0000000020000000     0x1450 load address 0x0000000008007a50
                0x0000000020000000                . = ALIGN (0x4)
                0x0000000020000000                _sdata = .
 *(.data)
 *(.data*)
 .data.io_ctrl_1
                0x0000000020000000        0x1 ./Core/Src/buttons.o
 .data.io_ctrl_2
                0x0000000020000001        0x1 ./Core/Src/buttons.o
 *fill*         0x0000000020000002        0x2 
 .data.dataLen  0x0000000020000004        0x4 ./Core/Src/main.o
                0x0000000020000004                dataLen
 .data.awake    0x0000000020000008        0x4 ./Core/Src/main.o
                0x0000000020000008                awake
 .data.released.2
                0x000000002000000c        0x1 ./Core/Src/main.o
 *fill*         0x000000002000000d        0x3 
 .data.font     0x0000000020000010     0x140a ./Core/Src/ssd1306.o
 *fill*         0x000000002000141a        0x2 
 .data.i2c_buffer
                0x000000002000141c        0x3 ./Core/Src/ssd1306.o
 *fill*         0x000000002000141f        0x1 
 .data.init_display_cmds
                0x0000000020001420       0x1a ./Core/Src/ssd1306.o
 *fill*         0x000000002000143a        0x2 
 .data.init_draw_cmds
                0x000000002000143c        0x6 ./Core/Src/ssd1306.o
 .data.firsttime
                0x0000000020001442        0x1 ./Core/Src/stm32f4xx_it.o
                0x0000000020001442                firsttime
 *fill*         0x0000000020001443        0x1 
 .data.SystemCoreClock
                0x0000000020001444        0x4 ./Core/Src/system_stm32f4xx.o
                0x0000000020001444                SystemCoreClock
 .data.uwTickPrio
                0x0000000020001448        0x4 ./Drivers/STM32F4xx_HAL_Driver/Src/stm32f4xx_hal.o
                0x0000000020001448                uwTickPrio
 .data.uwTickFreq
                0x000000002000144c        0x1 ./Drivers/STM32F4xx_HAL_Driver/Src/stm32f4xx_hal.o
                0x000000002000144c                uwTickFreq
 *(.RamFunc)
 *(.RamFunc*)
                0x0000000020001450                . = ALIGN (0x4)
 *fill*         0x000000002000144d        0x3 
                0x0000000020001450                _edata = .

.igot.plt       0x0000000020001450        0x0 load address 0x0000000008008ea0
 .igot.plt      0x0000000020001450        0x0 /Applications/STM32CubeIDE.app/Contents/Eclipse/plugins/com.st.stm32cube.ide.mcu.externaltools.gnu-tools-for-stm32.10.3-2021.10.macos64_1.0.100.202210260954/tools/bin/../lib/gcc/arm-none-eabi/10.3.1/thumb/v7e-m+fp/hard/crtbegin.o
                0x0000000020001450                . = ALIGN (0x4)

.bss            0x0000000020001450    0x1496c load address 0x0000000008008ea0
                0x0000000020001450                _sbss = .
                0x0000000020001450                __bss_start__ = _sbss
 *(.bss)
 .bss           0x0000000020001450       0x1c /Applications/STM32CubeIDE.app/Contents/Eclipse/plugins/com.st.stm32cube.ide.mcu.externaltools.gnu-tools-for-stm32.10.3-2021.10.macos64_1.0.100.202210260954/tools/bin/../lib/gcc/arm-none-eabi/10.3.1/thumb/v7e-m+fp/hard/crtbegin.o
 *(.bss*)
 .bss.Awake     0x000000002000146c        0x4 ./Core/Src/main.o
                0x000000002000146c                Awake
 .bss.buff      0x0000000020001470        0xa ./Core/Src/main.o
                0x0000000020001470                buff
 *fill*         0x000000002000147a        0x2 
 .bss.xyz_old   0x000000002000147c        0x6 ./Core/Src/main.o
                0x000000002000147c                xyz_old
 *fill*         0x0000000020001482        0x2 
 .bss.xyz       0x0000000020001484        0x6 ./Core/Src/main.o
                0x0000000020001484                xyz
 *fill*         0x000000002000148a        0x2 
 .bss.cycles_still
                0x000000002000148c        0x4 ./Core/Src/main.o
                0x000000002000148c                cycles_still
 .bss.hadc1     0x0000000020001490       0x48 ./Core/Src/main.o
                0x0000000020001490                hadc1
 .bss.hi2c1     0x00000000200014d8       0x54 ./Core/Src/main.o
                0x00000000200014d8                hi2c1
 .bss.hi2c3     0x000000002000152c       0x54 ./Core/Src/main.o
                0x000000002000152c                hi2c3
 .bss.hspi2     0x0000000020001580       0x58 ./Core/Src/main.o
                0x0000000020001580                hspi2
 .bss.htim1     0x00000000200015d8       0x48 ./Core/Src/main.o
                0x00000000200015d8                htim1
 .bss.htim2     0x0000000020001620       0x48 ./Core/Src/main.o
                0x0000000020001620                htim2
 .bss.htim3     0x0000000020001668       0x48 ./Core/Src/main.o
                0x0000000020001668                htim3
 .bss.htim4     0x00000000200016b0       0x48 ./Core/Src/main.o
                0x00000000200016b0                htim4
 .bss.htim5     0x00000000200016f8       0x48 ./Core/Src/main.o
                0x00000000200016f8                htim5
 .bss.huart1    0x0000000020001740       0x44 ./Core/Src/main.o
                0x0000000020001740                huart1
 .bss.current_menu
                0x0000000020001784        0x1 ./Core/Src/main.o
                0x0000000020001784                current_menu
 .bss.button    0x0000000020001785        0x1 ./Core/Src/main.o
                0x0000000020001785                button
 *fill*         0x0000000020001786        0x2 
 .bss.controller
                0x0000000020001788    0x1231a ./Core/Src/main.o
                0x0000000020001788                controller
 *fill*         0x0000000020013aa2        0x2 
 .bss.UART1_rxBuffer
                0x0000000020013aa4     0x2000 ./Core/Src/main.o
                0x0000000020013aa4                UART1_rxBuffer
 .bss.data      0x0000000020015aa4       0xa0 ./Core/Src/main.o
                0x0000000020015aa4                data
 .bss.received  0x0000000020015b44        0x1 ./Core/Src/main.o
                0x0000000020015b44                received
 .bss.pollnow   0x0000000020015b45        0x1 ./Core/Src/main.o
                0x0000000020015b45                pollnow
 .bss.wakeup    0x0000000020015b46        0x1 ./Core/Src/main.o
                0x0000000020015b46                wakeup
 .bss.timeoutoff
                0x0000000020015b47        0x1 ./Core/Src/main.o
                0x0000000020015b47                timeoutoff
 .bss.last_pressed.1
                0x0000000020015b48        0x1 ./Core/Src/main.o
 .bss.i.0       0x0000000020015b49        0x1 ./Core/Src/main.o
 .bss.current_page
                0x0000000020015b4a        0x1 ./Core/Src/menu.o
 *fill*         0x0000000020015b4b        0x1 
 .bss.menu_commands
                0x0000000020015b4c       0x63 ./Core/Src/menu.o
 .bss.active_device.1
                0x0000000020015baf        0x1 ./Core/Src/menu.o
 .bss.in_device_menu.0
                0x0000000020015bb0        0x1 ./Core/Src/menu.o
 *fill*         0x0000000020015bb1        0x3 
 .bss.display_buffer
                0x0000000020015bb4      0x200 ./Core/Src/ssd1306.o
 .bss.index     0x0000000020015db4        0x4 ./Core/Src/stm32f4xx_it.o
                0x0000000020015db4                index
 .bss.uwTick    0x0000000020015db8        0x4 ./Drivers/STM32F4xx_HAL_Driver/Src/stm32f4xx_hal.o
                0x0000000020015db8                uwTick
 *(COMMON)
                0x0000000020015dbc                . = ALIGN (0x4)
                0x0000000020015dbc                _ebss = .
                0x0000000020015dbc                __bss_end__ = _ebss

._user_heap_stack
                0x0000000020015dbc      0x604 load address 0x0000000008008ea0
                0x0000000020015dc0                . = ALIGN (0x8)
 *fill*         0x0000000020015dbc        0x4 
                [!provide]                        PROVIDE (end = .)
                0x0000000020015dc0                PROVIDE (_end = .)
                0x0000000020015fc0                . = (. + _Min_Heap_Size)
 *fill*         0x0000000020015dc0      0x200 
                0x00000000200163c0                . = (. + _Min_Stack_Size)
 *fill*         0x0000000020015fc0      0x400 
                0x00000000200163c0                . = ALIGN (0x8)

/DISCARD/
 libc.a(*)
 libm.a(*)
 libgcc.a(*)

.ARM.attributes
                0x0000000000000000       0x30
 *(.ARM.attributes)
 .ARM.attributes
                0x0000000000000000       0x1e /Applications/STM32CubeIDE.app/Contents/Eclipse/plugins/com.st.stm32cube.ide.mcu.externaltools.gnu-tools-for-stm32.10.3-2021.10.macos64_1.0.100.202210260954/tools/bin/../lib/gcc/arm-none-eabi/10.3.1/thumb/v7e-m+fp/hard/crti.o
 .ARM.attributes
                0x000000000000001e       0x34 /Applications/STM32CubeIDE.app/Contents/Eclipse/plugins/com.st.stm32cube.ide.mcu.externaltools.gnu-tools-for-stm32.10.3-2021.10.macos64_1.0.100.202210260954/tools/bin/../lib/gcc/arm-none-eabi/10.3.1/thumb/v7e-m+fp/hard/crtbegin.o
 .ARM.attributes
                0x0000000000000052       0x34 ./Core/Src/buttons.o
 .ARM.attributes
                0x0000000000000086       0x34 ./Core/Src/controller.o
 .ARM.attributes
                0x00000000000000ba       0x34 ./Core/Src/main.o
 .ARM.attributes
                0x00000000000000ee       0x34 ./Core/Src/menu.o
 .ARM.attributes
                0x0000000000000122       0x34 ./Core/Src/ssd1306.o
 .ARM.attributes
                0x0000000000000156       0x34 ./Core/Src/stm32f4xx_hal_msp.o
 .ARM.attributes
                0x000000000000018a       0x34 ./Core/Src/stm32f4xx_it.o
 .ARM.attributes
                0x00000000000001be       0x34 ./Core/Src/system_stm32f4xx.o
 .ARM.attributes
                0x00000000000001f2       0x21 ./Core/Startup/startup_stm32f401retx.o
 .ARM.attributes
                0x0000000000000213       0x34 ./Drivers/STM32F4xx_HAL_Driver/Src/stm32f4xx_hal.o
 .ARM.attributes
                0x0000000000000247       0x34 ./Drivers/STM32F4xx_HAL_Driver/Src/stm32f4xx_hal_adc.o
 .ARM.attributes
                0x000000000000027b       0x34 ./Drivers/STM32F4xx_HAL_Driver/Src/stm32f4xx_hal_cortex.o
 .ARM.attributes
                0x00000000000002af       0x34 ./Drivers/STM32F4xx_HAL_Driver/Src/stm32f4xx_hal_gpio.o
 .ARM.attributes
                0x00000000000002e3       0x34 ./Drivers/STM32F4xx_HAL_Driver/Src/stm32f4xx_hal_i2c.o
 .ARM.attributes
                0x0000000000000317       0x34 ./Drivers/STM32F4xx_HAL_Driver/Src/stm32f4xx_hal_rcc.o
 .ARM.attributes
                0x000000000000034b       0x34 ./Drivers/STM32F4xx_HAL_Driver/Src/stm32f4xx_hal_spi.o
 .ARM.attributes
                0x000000000000037f       0x34 ./Drivers/STM32F4xx_HAL_Driver/Src/stm32f4xx_hal_tim.o
 .ARM.attributes
                0x00000000000003b3       0x34 ./Drivers/STM32F4xx_HAL_Driver/Src/stm32f4xx_hal_tim_ex.o
 .ARM.attributes
                0x00000000000003e7       0x34 ./Drivers/STM32F4xx_HAL_Driver/Src/stm32f4xx_hal_uart.o
 .ARM.attributes
                0x000000000000041b       0x34 /Applications/STM32CubeIDE.app/Contents/Eclipse/plugins/com.st.stm32cube.ide.mcu.externaltools.gnu-tools-for-stm32.10.3-2021.10.macos64_1.0.100.202210260954/tools/bin/../lib/gcc/arm-none-eabi/10.3.1/../../../../arm-none-eabi/lib/thumb/v7e-m+fp/hard/libc_nano.a(lib_a-init.o)
 .ARM.attributes
                0x000000000000044f       0x34 /Applications/STM32CubeIDE.app/Contents/Eclipse/plugins/com.st.stm32cube.ide.mcu.externaltools.gnu-tools-for-stm32.10.3-2021.10.macos64_1.0.100.202210260954/tools/bin/../lib/gcc/arm-none-eabi/10.3.1/../../../../arm-none-eabi/lib/thumb/v7e-m+fp/hard/libc_nano.a(lib_a-itoa.o)
 .ARM.attributes
                0x0000000000000483       0x34 /Applications/STM32CubeIDE.app/Contents/Eclipse/plugins/com.st.stm32cube.ide.mcu.externaltools.gnu-tools-for-stm32.10.3-2021.10.macos64_1.0.100.202210260954/tools/bin/../lib/gcc/arm-none-eabi/10.3.1/../../../../arm-none-eabi/lib/thumb/v7e-m+fp/hard/libc_nano.a(lib_a-memset.o)
 .ARM.attributes
                0x00000000000004b7       0x34 /Applications/STM32CubeIDE.app/Contents/Eclipse/plugins/com.st.stm32cube.ide.mcu.externaltools.gnu-tools-for-stm32.10.3-2021.10.macos64_1.0.100.202210260954/tools/bin/../lib/gcc/arm-none-eabi/10.3.1/../../../../arm-none-eabi/lib/thumb/v7e-m+fp/hard/libc_nano.a(lib_a-strcat.o)
 .ARM.attributes
                0x00000000000004eb       0x34 /Applications/STM32CubeIDE.app/Contents/Eclipse/plugins/com.st.stm32cube.ide.mcu.externaltools.gnu-tools-for-stm32.10.3-2021.10.macos64_1.0.100.202210260954/tools/bin/../lib/gcc/arm-none-eabi/10.3.1/../../../../arm-none-eabi/lib/thumb/v7e-m+fp/hard/libc_nano.a(lib_a-strcpy.o)
 .ARM.attributes
                0x000000000000051f       0x17 /Applications/STM32CubeIDE.app/Contents/Eclipse/plugins/com.st.stm32cube.ide.mcu.externaltools.gnu-tools-for-stm32.10.3-2021.10.macos64_1.0.100.202210260954/tools/bin/../lib/gcc/arm-none-eabi/10.3.1/../../../../arm-none-eabi/lib/thumb/v7e-m+fp/hard/libc_nano.a(lib_a-strlen.o)
 .ARM.attributes
                0x0000000000000536       0x34 /Applications/STM32CubeIDE.app/Contents/Eclipse/plugins/com.st.stm32cube.ide.mcu.externaltools.gnu-tools-for-stm32.10.3-2021.10.macos64_1.0.100.202210260954/tools/bin/../lib/gcc/arm-none-eabi/10.3.1/../../../../arm-none-eabi/lib/thumb/v7e-m+fp/hard/libc_nano.a(lib_a-utoa.o)
 .ARM.attributes
                0x000000000000056a       0x1e /Applications/STM32CubeIDE.app/Contents/Eclipse/plugins/com.st.stm32cube.ide.mcu.externaltools.gnu-tools-for-stm32.10.3-2021.10.macos64_1.0.100.202210260954/tools/bin/../lib/gcc/arm-none-eabi/10.3.1/thumb/v7e-m+fp/hard/libgcc.a(_aeabi_uldivmod.o)
 .ARM.attributes
                0x0000000000000588       0x34 /Applications/STM32CubeIDE.app/Contents/Eclipse/plugins/com.st.stm32cube.ide.mcu.externaltools.gnu-tools-for-stm32.10.3-2021.10.macos64_1.0.100.202210260954/tools/bin/../lib/gcc/arm-none-eabi/10.3.1/thumb/v7e-m+fp/hard/libgcc.a(_udivmoddi4.o)
 .ARM.attributes
                0x00000000000005bc       0x1e /Applications/STM32CubeIDE.app/Contents/Eclipse/plugins/com.st.stm32cube.ide.mcu.externaltools.gnu-tools-for-stm32.10.3-2021.10.macos64_1.0.100.202210260954/tools/bin/../lib/gcc/arm-none-eabi/10.3.1/thumb/v7e-m+fp/hard/libgcc.a(_dvmd_tls.o)
 .ARM.attributes
                0x00000000000005da       0x1e /Applications/STM32CubeIDE.app/Contents/Eclipse/plugins/com.st.stm32cube.ide.mcu.externaltools.gnu-tools-for-stm32.10.3-2021.10.macos64_1.0.100.202210260954/tools/bin/../lib/gcc/arm-none-eabi/10.3.1/thumb/v7e-m+fp/hard/crtn.o
OUTPUT(IRLM.elf elf32-littlearm)
LOAD linker stubs
LOAD /Applications/STM32CubeIDE.app/Contents/Eclipse/plugins/com.st.stm32cube.ide.mcu.externaltools.gnu-tools-for-stm32.10.3-2021.10.macos64_1.0.100.202210260954/tools/bin/../lib/gcc/arm-none-eabi/10.3.1/../../../../arm-none-eabi/lib/thumb/v7e-m+fp/hard/libc.a
LOAD /Applications/STM32CubeIDE.app/Contents/Eclipse/plugins/com.st.stm32cube.ide.mcu.externaltools.gnu-tools-for-stm32.10.3-2021.10.macos64_1.0.100.202210260954/tools/bin/../lib/gcc/arm-none-eabi/10.3.1/../../../../arm-none-eabi/lib/thumb/v7e-m+fp/hard/libm.a
LOAD /Applications/STM32CubeIDE.app/Contents/Eclipse/plugins/com.st.stm32cube.ide.mcu.externaltools.gnu-tools-for-stm32.10.3-2021.10.macos64_1.0.100.202210260954/tools/bin/../lib/gcc/arm-none-eabi/10.3.1/thumb/v7e-m+fp/hard/libgcc.a

.debug_info     0x0000000000000000    0x161aa
 .debug_info    0x0000000000000000      0x939 ./Core/Src/buttons.o
 .debug_info    0x0000000000000939      0xb35 ./Core/Src/controller.o
 .debug_info    0x000000000000146e     0x243a ./Core/Src/main.o
 .debug_info    0x00000000000038a8      0xb95 ./Core/Src/menu.o
 .debug_info    0x000000000000443d      0xfb3 ./Core/Src/ssd1306.o
 .debug_info    0x00000000000053f0     0x1a7d ./Core/Src/stm32f4xx_hal_msp.o
 .debug_info    0x0000000000006e6d      0x81e ./Core/Src/stm32f4xx_it.o
 .debug_info    0x000000000000768b      0x54f ./Core/Src/system_stm32f4xx.o
 .debug_info    0x0000000000007bda       0x22 ./Core/Startup/startup_stm32f401retx.o
 .debug_info    0x0000000000007bfc      0x906 ./Drivers/STM32F4xx_HAL_Driver/Src/stm32f4xx_hal.o
 .debug_info    0x0000000000008502      0xd68 ./Drivers/STM32F4xx_HAL_Driver/Src/stm32f4xx_hal_adc.o
 .debug_info    0x000000000000926a      0xd85 ./Drivers/STM32F4xx_HAL_Driver/Src/stm32f4xx_hal_cortex.o
 .debug_info    0x0000000000009fef      0x78e ./Drivers/STM32F4xx_HAL_Driver/Src/stm32f4xx_hal_gpio.o
 .debug_info    0x000000000000a77d     0x260f ./Drivers/STM32F4xx_HAL_Driver/Src/stm32f4xx_hal_i2c.o
 .debug_info    0x000000000000cd8c      0x98c ./Drivers/STM32F4xx_HAL_Driver/Src/stm32f4xx_hal_rcc.o
 .debug_info    0x000000000000d718     0x1750 ./Drivers/STM32F4xx_HAL_Driver/Src/stm32f4xx_hal_spi.o
 .debug_info    0x000000000000ee68     0x2bb6 ./Drivers/STM32F4xx_HAL_Driver/Src/stm32f4xx_hal_tim.o
 .debug_info    0x0000000000011a1e     0x15d8 ./Drivers/STM32F4xx_HAL_Driver/Src/stm32f4xx_hal_tim_ex.o
 .debug_info    0x0000000000012ff6     0x31b4 ./Drivers/STM32F4xx_HAL_Driver/Src/stm32f4xx_hal_uart.o

.debug_abbrev   0x0000000000000000     0x2bb1
 .debug_abbrev  0x0000000000000000      0x21a ./Core/Src/buttons.o
 .debug_abbrev  0x000000000000021a      0x25b ./Core/Src/controller.o
 .debug_abbrev  0x0000000000000475      0x441 ./Core/Src/main.o
 .debug_abbrev  0x00000000000008b6      0x2cb ./Core/Src/menu.o
 .debug_abbrev  0x0000000000000b81      0x259 ./Core/Src/ssd1306.o
 .debug_abbrev  0x0000000000000dda      0x226 ./Core/Src/stm32f4xx_hal_msp.o
 .debug_abbrev  0x0000000000001000      0x1c4 ./Core/Src/stm32f4xx_it.o
 .debug_abbrev  0x00000000000011c4      0x116 ./Core/Src/system_stm32f4xx.o
 .debug_abbrev  0x00000000000012da       0x12 ./Core/Startup/startup_stm32f401retx.o
 .debug_abbrev  0x00000000000012ec      0x23e ./Drivers/STM32F4xx_HAL_Driver/Src/stm32f4xx_hal.o
 .debug_abbrev  0x000000000000152a      0x204 ./Drivers/STM32F4xx_HAL_Driver/Src/stm32f4xx_hal_adc.o
 .debug_abbrev  0x000000000000172e      0x316 ./Drivers/STM32F4xx_HAL_Driver/Src/stm32f4xx_hal_cortex.o
 .debug_abbrev  0x0000000000001a44      0x1c4 ./Drivers/STM32F4xx_HAL_Driver/Src/stm32f4xx_hal_gpio.o
 .debug_abbrev  0x0000000000001c08      0x2a8 ./Drivers/STM32F4xx_HAL_Driver/Src/stm32f4xx_hal_i2c.o
 .debug_abbrev  0x0000000000001eb0      0x2aa ./Drivers/STM32F4xx_HAL_Driver/Src/stm32f4xx_hal_rcc.o
 .debug_abbrev  0x000000000000215a      0x26e ./Drivers/STM32F4xx_HAL_Driver/Src/stm32f4xx_hal_spi.o
 .debug_abbrev  0x00000000000023c8      0x26e ./Drivers/STM32F4xx_HAL_Driver/Src/stm32f4xx_hal_tim.o
 .debug_abbrev  0x0000000000002636      0x276 ./Drivers/STM32F4xx_HAL_Driver/Src/stm32f4xx_hal_tim_ex.o
 .debug_abbrev  0x00000000000028ac      0x305 ./Drivers/STM32F4xx_HAL_Driver/Src/stm32f4xx_hal_uart.o

.debug_aranges  0x0000000000000000     0x1348
 .debug_aranges
                0x0000000000000000       0x68 ./Core/Src/buttons.o
 .debug_aranges
                0x0000000000000068       0x88 ./Core/Src/controller.o
 .debug_aranges
                0x00000000000000f0       0xe0 ./Core/Src/main.o
 .debug_aranges
                0x00000000000001d0       0x30 ./Core/Src/menu.o
 .debug_aranges
                0x0000000000000200       0x88 ./Core/Src/ssd1306.o
 .debug_aranges
                0x0000000000000288       0x88 ./Core/Src/stm32f4xx_hal_msp.o
 .debug_aranges
                0x0000000000000310       0x70 ./Core/Src/stm32f4xx_it.o
 .debug_aranges
                0x0000000000000380       0x28 ./Core/Src/system_stm32f4xx.o
 .debug_aranges
                0x00000000000003a8       0x28 ./Core/Startup/startup_stm32f401retx.o
 .debug_aranges
                0x00000000000003d0       0xf0 ./Drivers/STM32F4xx_HAL_Driver/Src/stm32f4xx_hal.o
 .debug_aranges
                0x00000000000004c0       0xe8 ./Drivers/STM32F4xx_HAL_Driver/Src/stm32f4xx_hal_adc.o
 .debug_aranges
                0x00000000000005a8      0x118 ./Drivers/STM32F4xx_HAL_Driver/Src/stm32f4xx_hal_cortex.o
 .debug_aranges
                0x00000000000006c0       0x58 ./Drivers/STM32F4xx_HAL_Driver/Src/stm32f4xx_hal_gpio.o
 .debug_aranges
                0x0000000000000718      0x2a0 ./Drivers/STM32F4xx_HAL_Driver/Src/stm32f4xx_hal_i2c.o
 .debug_aranges
                0x00000000000009b8       0x88 ./Drivers/STM32F4xx_HAL_Driver/Src/stm32f4xx_hal_rcc.o
 .debug_aranges
                0x0000000000000a40      0x1d0 ./Drivers/STM32F4xx_HAL_Driver/Src/stm32f4xx_hal_spi.o
 .debug_aranges
                0x0000000000000c10      0x3d0 ./Drivers/STM32F4xx_HAL_Driver/Src/stm32f4xx_hal_tim.o
 .debug_aranges
                0x0000000000000fe0      0x168 ./Drivers/STM32F4xx_HAL_Driver/Src/stm32f4xx_hal_tim_ex.o
 .debug_aranges
                0x0000000000001148      0x200 ./Drivers/STM32F4xx_HAL_Driver/Src/stm32f4xx_hal_uart.o

.debug_ranges   0x0000000000000000     0x1268
 .debug_ranges  0x0000000000000000       0x58 ./Core/Src/buttons.o
 .debug_ranges  0x0000000000000058       0x78 ./Core/Src/controller.o
 .debug_ranges  0x00000000000000d0       0xd0 ./Core/Src/main.o
 .debug_ranges  0x00000000000001a0       0x20 ./Core/Src/menu.o
 .debug_ranges  0x00000000000001c0       0x78 ./Core/Src/ssd1306.o
 .debug_ranges  0x0000000000000238       0x78 ./Core/Src/stm32f4xx_hal_msp.o
 .debug_ranges  0x00000000000002b0       0x60 ./Core/Src/stm32f4xx_it.o
 .debug_ranges  0x0000000000000310       0x18 ./Core/Src/system_stm32f4xx.o
 .debug_ranges  0x0000000000000328       0x20 ./Core/Startup/startup_stm32f401retx.o
 .debug_ranges  0x0000000000000348       0xe0 ./Drivers/STM32F4xx_HAL_Driver/Src/stm32f4xx_hal.o
 .debug_ranges  0x0000000000000428       0xd8 ./Drivers/STM32F4xx_HAL_Driver/Src/stm32f4xx_hal_adc.o
 .debug_ranges  0x0000000000000500      0x108 ./Drivers/STM32F4xx_HAL_Driver/Src/stm32f4xx_hal_cortex.o
 .debug_ranges  0x0000000000000608       0x48 ./Drivers/STM32F4xx_HAL_Driver/Src/stm32f4xx_hal_gpio.o
 .debug_ranges  0x0000000000000650      0x2a8 ./Drivers/STM32F4xx_HAL_Driver/Src/stm32f4xx_hal_i2c.o
 .debug_ranges  0x00000000000008f8       0x78 ./Drivers/STM32F4xx_HAL_Driver/Src/stm32f4xx_hal_rcc.o
 .debug_ranges  0x0000000000000970      0x1c0 ./Drivers/STM32F4xx_HAL_Driver/Src/stm32f4xx_hal_spi.o
 .debug_ranges  0x0000000000000b30      0x3c0 ./Drivers/STM32F4xx_HAL_Driver/Src/stm32f4xx_hal_tim.o
 .debug_ranges  0x0000000000000ef0      0x158 ./Drivers/STM32F4xx_HAL_Driver/Src/stm32f4xx_hal_tim_ex.o
 .debug_ranges  0x0000000000001048      0x220 ./Drivers/STM32F4xx_HAL_Driver/Src/stm32f4xx_hal_uart.o

.debug_macro    0x0000000000000000    0x18ae6
 .debug_macro   0x0000000000000000      0x228 ./Core/Src/buttons.o
 .debug_macro   0x0000000000000228      0xa78 ./Core/Src/buttons.o
 .debug_macro   0x0000000000000ca0       0x22 ./Core/Src/buttons.o
 .debug_macro   0x0000000000000cc2       0x8e ./Core/Src/buttons.o
 .debug_macro   0x0000000000000d50       0x51 ./Core/Src/buttons.o
 .debug_macro   0x0000000000000da1      0x103 ./Core/Src/buttons.o
 .debug_macro   0x0000000000000ea4       0x6a ./Core/Src/buttons.o
 .debug_macro   0x0000000000000f0e      0x1df ./Core/Src/buttons.o
 .debug_macro   0x00000000000010ed      0x2ad ./Core/Src/buttons.o
 .debug_macro   0x000000000000139a       0x2e ./Core/Src/buttons.o
 .debug_macro   0x00000000000013c8       0x28 ./Core/Src/buttons.o
 .debug_macro   0x00000000000013f0       0x1c ./Core/Src/buttons.o
 .debug_macro   0x000000000000140c       0x22 ./Core/Src/buttons.o
 .debug_macro   0x000000000000142e       0xd9 ./Core/Src/buttons.o
 .debug_macro   0x0000000000001507     0x102d ./Core/Src/buttons.o
 .debug_macro   0x0000000000002534      0x11f ./Core/Src/buttons.o
 .debug_macro   0x0000000000002653     0xb86c ./Core/Src/buttons.o
 .debug_macro   0x000000000000debf       0x6d ./Core/Src/buttons.o
 .debug_macro   0x000000000000df2c     0x367e ./Core/Src/buttons.o
 .debug_macro   0x00000000000115aa      0x174 ./Core/Src/buttons.o
 .debug_macro   0x000000000001171e       0x5c ./Core/Src/buttons.o
 .debug_macro   0x000000000001177a      0x416 ./Core/Src/buttons.o
 .debug_macro   0x0000000000011b90      0x9fe ./Core/Src/buttons.o
 .debug_macro   0x000000000001258e      0x115 ./Core/Src/buttons.o
 .debug_macro   0x00000000000126a3       0xf8 ./Core/Src/buttons.o
 .debug_macro   0x000000000001279b       0xa5 ./Core/Src/buttons.o
 .debug_macro   0x0000000000012840      0x15f ./Core/Src/buttons.o
 .debug_macro   0x000000000001299f      0x287 ./Core/Src/buttons.o
 .debug_macro   0x0000000000012c26       0x5f ./Core/Src/buttons.o
 .debug_macro   0x0000000000012c85      0x236 ./Core/Src/buttons.o
 .debug_macro   0x0000000000012ebb      0x9e1 ./Core/Src/buttons.o
 .debug_macro   0x000000000001389c      0x38b ./Core/Src/buttons.o
 .debug_macro   0x0000000000013c27      0x176 ./Core/Src/buttons.o
 .debug_macro   0x0000000000013d9d       0xf9 ./Core/Src/buttons.o
 .debug_macro   0x0000000000013e96      0x132 ./Core/Src/buttons.o
 .debug_macro   0x0000000000013fc8      0x264 ./Core/Src/buttons.o
 .debug_macro   0x000000000001422c       0x2e ./Core/Src/buttons.o
 .debug_macro   0x000000000001425a      0x1b5 ./Core/Src/buttons.o
 .debug_macro   0x000000000001440f       0x22 ./Core/Src/buttons.o
 .debug_macro   0x0000000000014431       0xd6 ./Core/Src/buttons.o
 .debug_macro   0x0000000000014507      0x11a ./Core/Src/buttons.o
 .debug_macro   0x0000000000014621       0x85 ./Core/Src/buttons.o
 .debug_macro   0x00000000000146a6       0x89 ./Core/Src/buttons.o
 .debug_macro   0x000000000001472f      0x225 ./Core/Src/buttons.o
 .debug_macro   0x0000000000014954      0x8e6 ./Core/Src/buttons.o
 .debug_macro   0x000000000001523a       0x47 ./Core/Src/buttons.o
 .debug_macro   0x0000000000015281      0x295 ./Core/Src/buttons.o
 .debug_macro   0x0000000000015516      0x126 ./Core/Src/buttons.o
 .debug_macro   0x000000000001563c       0x94 ./Core/Src/buttons.o
 .debug_macro   0x00000000000156d0      0x33e ./Core/Src/controller.o
 .debug_macro   0x0000000000015a0e       0x52 ./Core/Src/controller.o
 .debug_macro   0x0000000000015a60       0x1e ./Core/Src/controller.o
 .debug_macro   0x0000000000015a7e       0x3c ./Core/Src/controller.o
 .debug_macro   0x0000000000015aba       0x34 ./Core/Src/controller.o
 .debug_macro   0x0000000000015aee       0x16 ./Core/Src/controller.o
 .debug_macro   0x0000000000015b04       0x43 ./Core/Src/controller.o
 .debug_macro   0x0000000000015b47       0x34 ./Core/Src/controller.o
 .debug_macro   0x0000000000015b7b       0x10 ./Core/Src/controller.o
 .debug_macro   0x0000000000015b8b       0x58 ./Core/Src/controller.o
 .debug_macro   0x0000000000015be3       0x71 ./Core/Src/controller.o
 .debug_macro   0x0000000000015c54       0x1c ./Core/Src/controller.o
 .debug_macro   0x0000000000015c70      0x12a ./Core/Src/controller.o
 .debug_macro   0x0000000000015d9a      0x341 ./Core/Src/controller.o
 .debug_macro   0x00000000000160db       0x10 ./Core/Src/controller.o
 .debug_macro   0x00000000000160eb       0x35 ./Core/Src/controller.o
 .debug_macro   0x0000000000016120       0x20 ./Core/Src/controller.o
 .debug_macro   0x0000000000016140       0x16 ./Core/Src/controller.o
 .debug_macro   0x0000000000016156       0x16 ./Core/Src/controller.o
 .debug_macro   0x000000000001616c       0x29 ./Core/Src/controller.o
 .debug_macro   0x0000000000016195       0x88 ./Core/Src/controller.o
 .debug_macro   0x000000000001621d      0x386 ./Core/Src/main.o
 .debug_macro   0x00000000000165a3       0x1c ./Core/Src/main.o
 .debug_macro   0x00000000000165bf       0x9a ./Core/Src/main.o
 .debug_macro   0x0000000000016659       0x16 ./Core/Src/main.o
 .debug_macro   0x000000000001666f       0x46 ./Core/Src/main.o
 .debug_macro   0x00000000000166b5      0x34e ./Core/Src/menu.o
 .debug_macro   0x0000000000016a03       0x4c ./Core/Src/menu.o
 .debug_macro   0x0000000000016a4f       0x94 ./Core/Src/menu.o
 .debug_macro   0x0000000000016ae3       0x57 ./Core/Src/menu.o
 .debug_macro   0x0000000000016b3a       0x56 ./Core/Src/menu.o
 .debug_macro   0x0000000000016b90      0x306 ./Core/Src/ssd1306.o
 .debug_macro   0x0000000000016e96      0x228 ./Core/Src/stm32f4xx_hal_msp.o
 .debug_macro   0x00000000000170be      0x232 ./Core/Src/stm32f4xx_it.o
 .debug_macro   0x00000000000172f0      0x219 ./Core/Src/system_stm32f4xx.o
 .debug_macro   0x0000000000017509      0x279 ./Drivers/STM32F4xx_HAL_Driver/Src/stm32f4xx_hal.o
 .debug_macro   0x0000000000017782      0x21a ./Drivers/STM32F4xx_HAL_Driver/Src/stm32f4xx_hal_adc.o
 .debug_macro   0x000000000001799c      0x219 ./Drivers/STM32F4xx_HAL_Driver/Src/stm32f4xx_hal_cortex.o
 .debug_macro   0x0000000000017bb5      0x21f ./Drivers/STM32F4xx_HAL_Driver/Src/stm32f4xx_hal_gpio.o
 .debug_macro   0x0000000000017dd4      0x260 ./Drivers/STM32F4xx_HAL_Driver/Src/stm32f4xx_hal_i2c.o
 .debug_macro   0x0000000000018034      0x23d ./Drivers/STM32F4xx_HAL_Driver/Src/stm32f4xx_hal_rcc.o
 .debug_macro   0x0000000000018271      0x228 ./Drivers/STM32F4xx_HAL_Driver/Src/stm32f4xx_hal_spi.o
 .debug_macro   0x0000000000018499      0x21a ./Drivers/STM32F4xx_HAL_Driver/Src/stm32f4xx_hal_tim.o
 .debug_macro   0x00000000000186b3      0x219 ./Drivers/STM32F4xx_HAL_Driver/Src/stm32f4xx_hal_tim_ex.o
 .debug_macro   0x00000000000188cc      0x21a ./Drivers/STM32F4xx_HAL_Driver/Src/stm32f4xx_hal_uart.o

.debug_line     0x0000000000000000    0x1721f
 .debug_line    0x0000000000000000      0x958 ./Core/Src/buttons.o
 .debug_line    0x0000000000000958      0xb96 ./Core/Src/controller.o
 .debug_line    0x00000000000014ee     0x120b ./Core/Src/main.o
 .debug_line    0x00000000000026f9      0xe19 ./Core/Src/menu.o
 .debug_line    0x0000000000003512      0xd49 ./Core/Src/ssd1306.o
 .debug_line    0x000000000000425b      0xa3e ./Core/Src/stm32f4xx_hal_msp.o
 .debug_line    0x0000000000004c99      0x8ab ./Core/Src/stm32f4xx_it.o
 .debug_line    0x0000000000005544      0x800 ./Core/Src/system_stm32f4xx.o
 .debug_line    0x0000000000005d44       0x88 ./Core/Startup/startup_stm32f401retx.o
 .debug_line    0x0000000000005dcc      0xa66 ./Drivers/STM32F4xx_HAL_Driver/Src/stm32f4xx_hal.o
 .debug_line    0x0000000000006832     0x1210 ./Drivers/STM32F4xx_HAL_Driver/Src/stm32f4xx_hal_adc.o
 .debug_line    0x0000000000007a42      0xd15 ./Drivers/STM32F4xx_HAL_Driver/Src/stm32f4xx_hal_cortex.o
 .debug_line    0x0000000000008757      0xb9e ./Drivers/STM32F4xx_HAL_Driver/Src/stm32f4xx_hal_gpio.o
 .debug_line    0x00000000000092f5     0x3a1b ./Drivers/STM32F4xx_HAL_Driver/Src/stm32f4xx_hal_i2c.o
 .debug_line    0x000000000000cd10      0xde2 ./Drivers/STM32F4xx_HAL_Driver/Src/stm32f4xx_hal_rcc.o
 .debug_line    0x000000000000daf2     0x1cf0 ./Drivers/STM32F4xx_HAL_Driver/Src/stm32f4xx_hal_spi.o
 .debug_line    0x000000000000f7e2     0x3534 ./Drivers/STM32F4xx_HAL_Driver/Src/stm32f4xx_hal_tim.o
 .debug_line    0x0000000000012d16     0x19fe ./Drivers/STM32F4xx_HAL_Driver/Src/stm32f4xx_hal_tim_ex.o
 .debug_line    0x0000000000014714     0x2b0b ./Drivers/STM32F4xx_HAL_Driver/Src/stm32f4xx_hal_uart.o

.debug_str      0x0000000000000000    0x9ce67
 .debug_str     0x0000000000000000    0x94adb ./Core/Src/buttons.o
                                      0x94dc5 (size before relaxing)
 .debug_str     0x0000000000094adb     0x35b0 ./Core/Src/controller.o
                                      0x97cce (size before relaxing)
 .debug_str     0x000000000009808b      0xf1e ./Core/Src/main.o
                                      0x9927b (size before relaxing)
 .debug_str     0x0000000000098fa9       0xa1 ./Core/Src/menu.o
                                      0x98162 (size before relaxing)
 .debug_str     0x000000000009904a      0x13a ./Core/Src/ssd1306.o
                                      0x97e80 (size before relaxing)
 .debug_str     0x0000000000099184      0x523 ./Core/Src/stm32f4xx_hal_msp.o
                                      0x95797 (size before relaxing)
 .debug_str     0x00000000000996a7      0x11f ./Core/Src/stm32f4xx_it.o
                                      0x94ade (size before relaxing)
 .debug_str     0x00000000000997c6       0xdb ./Core/Src/system_stm32f4xx.o
                                      0x945c2 (size before relaxing)
 .debug_str     0x00000000000998a1       0x69 ./Core/Startup/startup_stm32f401retx.o
 .debug_str     0x000000000009990a      0x5e6 ./Drivers/STM32F4xx_HAL_Driver/Src/stm32f4xx_hal.o
                                      0x94fe4 (size before relaxing)
 .debug_str     0x0000000000099ef0      0x292 ./Drivers/STM32F4xx_HAL_Driver/Src/stm32f4xx_hal_adc.o
                                      0x94b9d (size before relaxing)
 .debug_str     0x000000000009a182      0x326 ./Drivers/STM32F4xx_HAL_Driver/Src/stm32f4xx_hal_cortex.o
                                      0x94d05 (size before relaxing)
 .debug_str     0x000000000009a4a8      0x110 ./Drivers/STM32F4xx_HAL_Driver/Src/stm32f4xx_hal_gpio.o
                                      0x9473d (size before relaxing)
 .debug_str     0x000000000009a5b8      0xaba ./Drivers/STM32F4xx_HAL_Driver/Src/stm32f4xx_hal_i2c.o
                                      0x95580 (size before relaxing)
 .debug_str     0x000000000009b072      0x213 ./Drivers/STM32F4xx_HAL_Driver/Src/stm32f4xx_hal_rcc.o
                                      0x949f6 (size before relaxing)
 .debug_str     0x000000000009b285      0x541 ./Drivers/STM32F4xx_HAL_Driver/Src/stm32f4xx_hal_spi.o
                                      0x94e74 (size before relaxing)
 .debug_str     0x000000000009b7c6      0xc5e ./Drivers/STM32F4xx_HAL_Driver/Src/stm32f4xx_hal_tim.o
                                      0x9592a (size before relaxing)
 .debug_str     0x000000000009c424      0x493 ./Drivers/STM32F4xx_HAL_Driver/Src/stm32f4xx_hal_tim_ex.o
                                      0x95146 (size before relaxing)
 .debug_str     0x000000000009c8b7      0x5b0 ./Drivers/STM32F4xx_HAL_Driver/Src/stm32f4xx_hal_uart.o
                                      0x94f83 (size before relaxing)

.comment        0x0000000000000000       0x50
 .comment       0x0000000000000000       0x50 ./Core/Src/buttons.o
                                         0x51 (size before relaxing)
 .comment       0x0000000000000050       0x51 ./Core/Src/controller.o
 .comment       0x0000000000000050       0x51 ./Core/Src/main.o
 .comment       0x0000000000000050       0x51 ./Core/Src/menu.o
 .comment       0x0000000000000050       0x51 ./Core/Src/ssd1306.o
 .comment       0x0000000000000050       0x51 ./Core/Src/stm32f4xx_hal_msp.o
 .comment       0x0000000000000050       0x51 ./Core/Src/stm32f4xx_it.o
 .comment       0x0000000000000050       0x51 ./Core/Src/system_stm32f4xx.o
 .comment       0x0000000000000050       0x51 ./Drivers/STM32F4xx_HAL_Driver/Src/stm32f4xx_hal.o
 .comment       0x0000000000000050       0x51 ./Drivers/STM32F4xx_HAL_Driver/Src/stm32f4xx_hal_adc.o
 .comment       0x0000000000000050       0x51 ./Drivers/STM32F4xx_HAL_Driver/Src/stm32f4xx_hal_cortex.o
 .comment       0x0000000000000050       0x51 ./Drivers/STM32F4xx_HAL_Driver/Src/stm32f4xx_hal_gpio.o
 .comment       0x0000000000000050       0x51 ./Drivers/STM32F4xx_HAL_Driver/Src/stm32f4xx_hal_i2c.o
 .comment       0x0000000000000050       0x51 ./Drivers/STM32F4xx_HAL_Driver/Src/stm32f4xx_hal_rcc.o
 .comment       0x0000000000000050       0x51 ./Drivers/STM32F4xx_HAL_Driver/Src/stm32f4xx_hal_spi.o
 .comment       0x0000000000000050       0x51 ./Drivers/STM32F4xx_HAL_Driver/Src/stm32f4xx_hal_tim.o
 .comment       0x0000000000000050       0x51 ./Drivers/STM32F4xx_HAL_Driver/Src/stm32f4xx_hal_tim_ex.o
 .comment       0x0000000000000050       0x51 ./Drivers/STM32F4xx_HAL_Driver/Src/stm32f4xx_hal_uart.o

.debug_frame    0x0000000000000000     0x5380
 .debug_frame   0x0000000000000000      0x174 ./Core/Src/buttons.o
 .debug_frame   0x0000000000000174      0x210 ./Core/Src/controller.o
 .debug_frame   0x0000000000000384      0x358 ./Core/Src/main.o
 .debug_frame   0x00000000000006dc       0x88 ./Core/Src/menu.o
 .debug_frame   0x0000000000000764      0x21c ./Core/Src/ssd1306.o
 .debug_frame   0x0000000000000980      0x210 ./Core/Src/stm32f4xx_hal_msp.o
 .debug_frame   0x0000000000000b90      0x13c ./Core/Src/stm32f4xx_it.o
 .debug_frame   0x0000000000000ccc       0x58 ./Core/Src/system_stm32f4xx.o
 .debug_frame   0x0000000000000d24      0x374 ./Drivers/STM32F4xx_HAL_Driver/Src/stm32f4xx_hal.o
 .debug_frame   0x0000000000001098      0x3fc ./Drivers/STM32F4xx_HAL_Driver/Src/stm32f4xx_hal_adc.o
 .debug_frame   0x0000000000001494      0x498 ./Drivers/STM32F4xx_HAL_Driver/Src/stm32f4xx_hal_cortex.o
 .debug_frame   0x000000000000192c      0x14c ./Drivers/STM32F4xx_HAL_Driver/Src/stm32f4xx_hal_gpio.o
 .debug_frame   0x0000000000001a78      0xc5c ./Drivers/STM32F4xx_HAL_Driver/Src/stm32f4xx_hal_i2c.o
 .debug_frame   0x00000000000026d4      0x1f4 ./Drivers/STM32F4xx_HAL_Driver/Src/stm32f4xx_hal_rcc.o
 .debug_frame   0x00000000000028c8      0x824 ./Drivers/STM32F4xx_HAL_Driver/Src/stm32f4xx_hal_spi.o
 .debug_frame   0x00000000000030ec     0x11bc ./Drivers/STM32F4xx_HAL_Driver/Src/stm32f4xx_hal_tim.o
 .debug_frame   0x00000000000042a8      0x638 ./Drivers/STM32F4xx_HAL_Driver/Src/stm32f4xx_hal_tim_ex.o
 .debug_frame   0x00000000000048e0      0x92c ./Drivers/STM32F4xx_HAL_Driver/Src/stm32f4xx_hal_uart.o
 .debug_frame   0x000000000000520c       0x2c /Applications/STM32CubeIDE.app/Contents/Eclipse/plugins/com.st.stm32cube.ide.mcu.externaltools.gnu-tools-for-stm32.10.3-2021.10.macos64_1.0.100.202210260954/tools/bin/../lib/gcc/arm-none-eabi/10.3.1/../../../../arm-none-eabi/lib/thumb/v7e-m+fp/hard/libc_nano.a(lib_a-init.o)
 .debug_frame   0x0000000000005238       0x38 /Applications/STM32CubeIDE.app/Contents/Eclipse/plugins/com.st.stm32cube.ide.mcu.externaltools.gnu-tools-for-stm32.10.3-2021.10.macos64_1.0.100.202210260954/tools/bin/../lib/gcc/arm-none-eabi/10.3.1/../../../../arm-none-eabi/lib/thumb/v7e-m+fp/hard/libc_nano.a(lib_a-itoa.o)
 .debug_frame   0x0000000000005270       0x20 /Applications/STM32CubeIDE.app/Contents/Eclipse/plugins/com.st.stm32cube.ide.mcu.externaltools.gnu-tools-for-stm32.10.3-2021.10.macos64_1.0.100.202210260954/tools/bin/../lib/gcc/arm-none-eabi/10.3.1/../../../../arm-none-eabi/lib/thumb/v7e-m+fp/hard/libc_nano.a(lib_a-memset.o)
 .debug_frame   0x0000000000005290       0x28 /Applications/STM32CubeIDE.app/Contents/Eclipse/plugins/com.st.stm32cube.ide.mcu.externaltools.gnu-tools-for-stm32.10.3-2021.10.macos64_1.0.100.202210260954/tools/bin/../lib/gcc/arm-none-eabi/10.3.1/../../../../arm-none-eabi/lib/thumb/v7e-m+fp/hard/libc_nano.a(lib_a-strcat.o)
 .debug_frame   0x00000000000052b8       0x20 /Applications/STM32CubeIDE.app/Contents/Eclipse/plugins/com.st.stm32cube.ide.mcu.externaltools.gnu-tools-for-stm32.10.3-2021.10.macos64_1.0.100.202210260954/tools/bin/../lib/gcc/arm-none-eabi/10.3.1/../../../../arm-none-eabi/lib/thumb/v7e-m+fp/hard/libc_nano.a(lib_a-strcpy.o)
 .debug_frame   0x00000000000052d8       0x48 /Applications/STM32CubeIDE.app/Contents/Eclipse/plugins/com.st.stm32cube.ide.mcu.externaltools.gnu-tools-for-stm32.10.3-2021.10.macos64_1.0.100.202210260954/tools/bin/../lib/gcc/arm-none-eabi/10.3.1/../../../../arm-none-eabi/lib/thumb/v7e-m+fp/hard/libc_nano.a(lib_a-utoa.o)
 .debug_frame   0x0000000000005320       0x2c /Applications/STM32CubeIDE.app/Contents/Eclipse/plugins/com.st.stm32cube.ide.mcu.externaltools.gnu-tools-for-stm32.10.3-2021.10.macos64_1.0.100.202210260954/tools/bin/../lib/gcc/arm-none-eabi/10.3.1/thumb/v7e-m+fp/hard/libgcc.a(_aeabi_uldivmod.o)
 .debug_frame   0x000000000000534c       0x34 /Applications/STM32CubeIDE.app/Contents/Eclipse/plugins/com.st.stm32cube.ide.mcu.externaltools.gnu-tools-for-stm32.10.3-2021.10.macos64_1.0.100.202210260954/tools/bin/../lib/gcc/arm-none-eabi/10.3.1/thumb/v7e-m+fp/hard/libgcc.a(_udivmoddi4.o)
