../Core/Src/controller.c:17:6:init_default_controller	24	static
../Core/Src/controller.c:33:6:init_xbee_communication	8	static
../Core/Src/controller.c:37:6:print_number	24	static
../Core/Src/controller.c:44:6:print_device	24	static
../Core/Src/controller.c:49:6:print_devices	16	static
../Core/Src/controller.c:55:6:print_command	32	static
../Core/Src/controller.c:65:6:print_commands	24	static
../Core/Src/controller.c:71:6:add_device	32	static
../Core/Src/controller.c:82:6:delete_device	24	static
../Core/Src/controller.c:100:6:export_device	16	static
../Core/Src/controller.c:119:6:rename_device	16	static
../Core/Src/controller.c:122:6:swap_device	2216	static
../Core/Src/controller.c:131:6:rename_command	16	static
../Core/Src/controller.c:148:6:export_configuration	16	static
