../Core/Src/controller.c:17:6:init_default_controller	24	static
../Core/Src/controller.c:33:6:init_xbee_communication	8	static
../Core/Src/controller.c:37:6:print_number	24	static
../Core/Src/controller.c:44:6:print_device	24	static
../Core/Src/controller.c:49:6:print_devices	16	static
../Core/Src/controller.c:55:6:print_command	112	static
../Core/Src/controller.c:65:6:print_commands	24	static
../Core/Src/controller.c:115:6:import_device	40	static
../Core/Src/controller.c:135:6:rename_device	16	static
../Core/Src/controller.c:147:6:rename_command	16	static
../Core/Src/controller.c:164:6:export_configuration	16	static
