../Core/Inc/IrTransmit.h:8:6:Toggle	16	static
../Core/Inc/IrTransmit.h:16:6:Delay	16	static
../Core/Inc/IrTransmit.h:27:6:Transmit	16	static
../Core/Src/main.c:97:5:main	16	static
../Core/Src/main.c:182:6:SystemClock_Config	88	static
../Core/Src/main.c:229:13:MX_I2C1_Init	8	static
../Core/Src/main.c:263:13:MX_SPI2_Init	8	static
../Core/Src/main.c:301:13:MX_TIM1_Init	32	static
../Core/Src/main.c:347:13:MX_TIM2_Init	48	static
../Core/Src/main.c:405:13:MX_TIM3_Init	64	static
../Core/Src/main.c:464:13:MX_TIM4_Init	48	static
../Core/Src/main.c:513:13:MX_TIM5_Init	32	static
../Core/Src/main.c:558:13:MX_USART1_UART_Init	8	static
../Core/Src/main.c:591:13:MX_GPIO_Init	40	static
../Core/Src/main.c:653:6:HAL_TIM_PeriodElapsedCallback	16	static
../Core/Src/main.c:702:6:HAL_UART_RxCpltCallback	16	static
../Core/Src/main.c:738:6:Error_Handler	4	static,ignoring_inline_asm
