../Core/Inc/Accel.h:29:6:poll_accel	24	static
../Core/Inc/Accel.h:46:6:accel_init	24	static
../Core/Inc/Accel.h:57:6:AccelInit	8	static
../Core/Inc/Accel.h:62:6:resetCounter	4	static
../Core/Inc/Accel.h:66:5:poll	8	static
../Core/Src/main.c:109:5:main	24	static
../Core/Src/main.c:257:6:SystemClock_Config	88	static
../Core/Src/main.c:304:13:MX_ADC1_Init	24	static
../Core/Src/main.c:356:13:MX_I2C1_Init	8	static
../Core/Src/main.c:390:13:MX_I2C3_Init	8	static
../Core/Src/main.c:424:13:MX_SPI2_Init	8	static
../Core/Src/main.c:462:13:MX_TIM1_Init	32	static
../Core/Src/main.c:508:13:MX_TIM2_Init	48	static
../Core/Src/main.c:566:13:MX_TIM3_Init	64	static
../Core/Src/main.c:625:13:MX_TIM4_Init	48	static
../Core/Src/main.c:674:13:MX_TIM5_Init	32	static
../Core/Src/main.c:719:13:MX_USART1_UART_Init	8	static
../Core/Src/main.c:752:13:MX_GPIO_Init	40	static
../Core/Src/main.c:814:6:HAL_TIM_PeriodElapsedCallback	16	static
../Core/Src/main.c:874:6:HAL_UART_RxCpltCallback	56	static
../Core/Src/main.c:996:6:Error_Handler	4	static,ignoring_inline_asm
