../Core/Src/main.c:84:5:main	8	static
../Core/Src/main.c:158:6:SystemClock_Config	88	static
../Core/Src/main.c:205:13:MX_I2C1_Init	8	static
../Core/Src/main.c:239:13:MX_SPI2_Init	8	static
../Core/Src/main.c:277:13:MX_TIM2_Init	64	static
../Core/Src/main.c:336:13:MX_TIM5_Init	32	static
../Core/Src/main.c:381:13:MX_USART1_UART_Init	8	static
../Core/Src/main.c:414:13:MX_GPIO_Init	40	static
../Core/Src/main.c:476:6:HAL_TIM_PeriodElapsedCallback	16	static
../Core/Src/main.c:522:6:HAL_UART_RxCpltCallback	16	static
../Core/Src/main.c:552:6:init_xbee_communication	8	static
../Core/Src/main.c:562:6:Error_Handler	4	static,ignoring_inline_asm
